******************************************************************************
                  TI ARM Linker PC v5.1.7                      
******************************************************************************
>> Linked Thu Sep 25 09:24:56 2014

OUTPUT FILE NAME:   <qs-autonomous.out>
ENTRY POINT SYMBOL: "_c_int00"  address: 000087c5


MEMORY CONFIGURATION

         name            origin    length      used     unused   attr    fill
----------------------  --------  ---------  --------  --------  ----  --------
  FLASH                 00000000   00040000  00008bc0  00037440  R  X
  SRAM                  20000000   00018000  00001f17  000160e9  RW X


SEGMENT ALLOCATION MAP

run origin  load origin   length   init length attrs members
----------  ----------- ---------- ----------- ----- -------
00000000    00000000    00008bc8   00008bc8    r-x
  00000000    00000000    0000011c   0000011c    r-- .intvecs
  0000011c    0000011c    00005df2   00005df2    r-- .const
  00005f10    00005f10    00002c32   00002c32    r-x .text
  00008b48    00008b48    00000080   00000080    r-- .cinit
20000000    20000000    00001f18   00000000    rw-
  20000000    20000000    00001a5b   00000000    rw- .bss
  20001a5c    20001a5c    00000400   00000000    rw- .stack
  20001e5c    20001e5c    000000bc   00000000    rw- .data


SECTION ALLOCATION MAP

 output                                  attributes/
section   page    origin      length       input sections
--------  ----  ----------  ----------   ----------------
.intvecs   0    00000000    0000011c     
                  00000000    0000011c     startup_ccs.obj (.intvecs)

.init_array 
*          0    00000000    00000000     UNINITIALIZED

.const     0    0000011c    00005df2     
                  0000011c    00005958     sounds.obj (.const:.string:g_pcBumpSound)
                  00005a74    000001db     display96x16x1.obj (.const:g_pucFont)
                  00005c4f    00000164     display_task.obj (.const:.string:g_pucTILogo)
                  00005db3    00000001     --HOLE-- [fill = 0]
                  00005db4    00000078     driverlib-cm3.lib : gpio.obj (.const:g_pulGPIOBaseAddrs)
                  00005e2c    0000006c                       : sysctl.obj (.const:g_pulXtals)
                  00005e98    0000002f     display96x16x1.obj (.const:.string:g_pucRITInit)
                  00005ec7    00000001     --HOLE-- [fill = 0]
                  00005ec8    00000028     uartstdio.obj (.const)
                  00005ef0    00000012     uartstdio.obj (.const:.string)
                  00005f02    0000000c     display96x16x1.obj (.const:.string)

.text      0    00005f10    00002c32     
                  00005f10    00000248     auto_task.obj (.text:AutoTask)
                  00006158    00000228     random.obj (.text:RandomSeed)
                  00006380    00000212     uartstdio.obj (.text:UARTprintf)
                  00006592    00000002     startup_ccs.obj (.text:FaultISR)
                  00006594    00000198     driverlib-cm3.lib : sysctl.obj (.text:SysCtlClockGet)
                  0000672c    00000174     motor.obj (.text:MotorsInit)
                  000068a0    0000016c     sound.obj (.text:SoundSetFormat)
                  00006a0c    00000160     dac.obj (.text:DACInit)
                  00006b6c    0000015c     uartstdio.obj (.text:UARTStdioIntHandler)
                  00006cc8    00000128     display96x16x1.obj (.text:Display96x16x1Init)
                  00006df0    0000011c     sound.obj (.text:SoundInit)
                  00006f0c    0000010c     wav.obj (.text:WaveOpen)
                  00007018    000000ec     dac.obj (.text:DACReadRegister)
                  00007104    000000e0     sound.obj (.text:SoundBufferPlay)
                  000071e4    000000dc     dac.obj (.text:DACWriteRegister)
                  000072c0    000000d4     drive_task.obj (.text:DriveInit)
                  00007394    000000d4     display_task.obj (.text:ScrollImage)
                  00007468    000000d0     driverlib-cm3.lib : sysctl.obj (.text:SysCtlI2SMClkSet)
                  00007538    000000c8                       : gpio.obj (.text:GPIOPadConfigSet)
                  00007600    000000c4     sensors.obj (.text:WheelSensorsInit)
                  000076c4    000000bc     wav.obj (.text:WavePlayContinue)
                  00007780    000000b8     drive_task.obj (.text:DriveRun)
                  00007838    000000b0     uartstdio.obj (.text:UARTStdioConfig)
                  000078e8    000000a8     display_task.obj (.text:DisplayTask)
                  00007990    000000a8     uartstdio.obj (.text:UARTwrite)
                  00007a38    000000a4     display96x16x1.obj (.text:Display96x16x1StringDrawLen)
                  00007adc    000000a0     pid.obj (.text:PIDUpdate)
                  00007b7c    0000009c     rtsv7M3_T_le_eabi.lib : memcpy_t2.obj (.text)
                  00007c18    00000098     sound.obj (.text:SoundIntHandler)
                  00007cb0    00000094     rtsv7M3_T_le_eabi.lib : auto_init.obj (.text)
                  00007d44    0000008c     uartstdio.obj (.text:UARTPrimeTransmit)
                  00007dd0    0000008c     sensors.obj (.text:WheelSensorIntHandler)
                  00007e5c    00000080     qs-autonomous.obj (.text:main)
                  00007edc    00000074     display96x16x1.obj (.text:Display96x16x1ImageDraw)
                  00007f50    00000074     drive_task.obj (.text:DriveTask)
                  00007fc4    00000070     drive_task.obj (.text:DriveWheelSensorHandler)
                  00008034    00000068     io.obj (.text:LED_Toggle)
                  0000809c    00000064     motor.obj (.text:MotorSpeed)
                  00008100    00000060     display96x16x1.obj (.text:Display96x16x1WriteFinal)
                  00008160    0000005e     rtsv7M3_T_le_eabi.lib : copy_decompress_rle.obj (.text)
                  000081be    00000002     startup_ccs.obj (.text:IntDefaultHandler)
                  000081c0    0000005c     sound_task.obj (.text:SoundTask)
                  0000821c    00000058     wav.obj (.text:WaveRead)
                  00008274    00000050     display96x16x1.obj (.text:Display96x16x1WriteArray)
                  000082c4    00000048     driverlib-cm3.lib : gpio.obj (.text:GPIOPinConfigure)
                  0000830c    00000044     display96x16x1.obj (.text:Display96x16x1WriteByte)
                  00008350    00000044     scheduler.obj (.text:SchedulerRun)
                  00008394    00000044     rtsv7M3_T_le_eabi.lib : cpy_tbl.obj (.text)
                  000083d8    00000044                           : exit.obj (.text)
                  0000841c    00000042                           : u_divt2.obj (.text)
                  0000845e    00000002     startup_ccs.obj (.text:NmiSR)
                  00008460    00000040     sensors.obj (.text:BumpSensorGetStatus)
                  000084a0    00000040     io.obj (.text:LED_Off)
                  000084e0    00000040     io.obj (.text:LED_On)
                  00008520    00000040     io.obj (.text:PushButtonGetStatus)
                  00008560    0000003c     uartstdio.obj (.text:UARTFlushTx)
                  0000859c    0000003c     sensors.obj (.text:WheelSensorIntEnable)
                  000085d8    00000038     wav.obj (.text:BufferCallback)
                  00008610    00000038     sensors.obj (.text:BumpSensorsInit)
                  00008648    00000038     display96x16x1.obj (.text:Display96x16x1WriteFirst)
                  00008680    00000038     drive_task.obj (.text:DriveStop)
                  000086b8    00000038     motor.obj (.text:MotorDir)
                  000086f0    00000038     io.obj (.text:PushButtonsInit)
                  00008728    00000034     display96x16x1.obj (.text:Display96x16x1ClearLine)
                  0000875c    00000034     display96x16x1.obj (.text:Display96x16x1DisplayOn)
                  00008790    00000034     motor.obj (.text:MotorStop)
                  000087c4    00000034     rtsv7M3_T_le_eabi.lib : boot.obj (.text)
                  000087f8    00000030     io.obj (.text:LEDsInit)
                  00008828    0000002e     driverlib-cm3.lib : gpio.obj (.text:GPIODirModeSet)
                  00008856    00000002     --HOLE-- [fill = 0]
                  00008858    0000002c     uartstdio.obj (.text:UARTFlushRx)
                  00008884    00000024     motor.obj (.text:MotorRun)
                  000088a8    00000020     uartstdio.obj (.text:UARTStdioInit)
                  000088c8    0000001c     driverlib-cm3.lib : i2s.obj (.text:I2STxConfigSet)
                  000088e4    0000001c     random.obj (.text:RandomAddEntropy)
                  00008900    0000001c     random.obj (.text:RandomNumber)
                  0000891c    0000001c     sensors.obj (.text:WheelSensorEnable)
                  00008938    0000001a     scheduler.obj (.text:SchedulerInit)
                  00008952    00000018     uartstdio.obj (.text:IsBufferFull)
                  0000896a    00000018     pid.obj (.text:PIDInitialize)
                  00008982    00000002     --HOLE-- [fill = 0]
                  00008984    00000018     wav.obj (.text:WavePlayStart)
                  0000899c    00000018     rtsv7M3_T_le_eabi.lib : args_main.obj (.text)
                  000089b4    00000014     driverlib-cm3.lib : systick.obj (.text:SysTickEnable)
                  000089c8    00000014                       : systick.obj (.text:SysTickIntEnable)
                  000089dc    00000014     rtsv7M3_T_le_eabi.lib : _lock.obj (.text)
                  000089f0    00000012     driverlib-cm3.lib : gpio.obj (.text:GPIOPinTypeI2S)
                  00008a02    00000012                       : i2s.obj (.text:I2STxEnable)
                  00008a14    00000012     wav.obj (.text:WaveConvert8Bit)
                  00008a26    00000012     rtsv7M3_T_le_eabi.lib : copy_zero_init.obj (.text:decompress:ZI)
                  00008a38    00000010     display96x16x1.obj (.text:Display96x16x1Clear)
                  00008a48    00000010     display96x16x1.obj (.text:Display96x16x1StringDraw)
                  00008a58    00000010     driverlib-cm3.lib : i2s.obj (.text:I2SMasterClockSelect)
                  00008a68    00000010     scheduler.obj (.text:SchedulerSysTickIntHandler)
                  00008a78    00000010     driverlib-cm3.lib : systick.obj (.text:SysTickPeriodSet)
                  00008a88    0000000e     display_task.obj (.text:DisplayTaskInit)
                  00008a96    0000000e     driverlib-cm3.lib : i2s.obj (.text:I2SIntStatus)
                  00008aa4    0000000e     uartstdio.obj (.text:IsBufferEmpty)
                  00008ab2    0000000e     led_task.obj (.text:LEDTaskInit)
                  00008ac0    0000000e     rtsv7M3_T_le_eabi.lib : copy_decompress_none.obj (.text:decompress:none)
                  00008ace    0000000c     auto_task.obj (.text:AutoTaskInit)
                  00008ada    00000002     --HOLE-- [fill = 0]
                  00008adc    0000000c     scheduler.obj (.text:SchedulerElapsedTicksGet)
                  00008ae8    0000000c     scheduler.obj (.text:SchedulerTickCountGet)
                  00008af4    0000000c     sound_task.obj (.text:SoundTaskPlay)
                  00008b00    00000008     dac.obj (.text:DACClassDDis)
                  00008b08    00000008     dac.obj (.text:DACClassDEn)
                  00008b10    00000008     pid.obj (.text:PIDReset)
                  00008b18    00000006     driverlib-cm3.lib : i2s.obj (.text:I2SIntClear)
                  00008b1e    00000006     led_task.obj (.text:LEDTask)
                  00008b24    00000006     startup_ccs.obj (.text:ResetISR)
                  00008b2a    00000006     driverlib-cm3.lib : sysctl.obj (.text:SysCtlDelay)
                  00008b30    00000006     rtsv7M3_T_le_eabi.lib : copy_decompress_rle.obj (.text:decompress:rle24)
                  00008b36    00000004     driverlib-cm3.lib : i2s.obj (.text:I2STxFIFOLimitSet)
                  00008b3a    00000004     scheduler.obj (.text:SchedulerElapsedTicksCalc)
                  00008b3e    00000004     sound_task.obj (.text:SoundTaskInit)

.cinit     0    00008b48    00000080     
                  00008b48    0000005a     (.cinit..data.load) [load image, compression = rle]
                  00008ba2    00000002     --HOLE-- [fill = 0]
                  00008ba4    0000000c     (__TI_handler_table)
                  00008bb0    00000008     (.cinit..bss.load) [load image, compression = zero_init]
                  00008bb8    00000010     (__TI_cinit_table)

.bss       0    20000000    00001a5b     UNINITIALIZED
                  20000000    00001000     wav.obj (.bss:g_pucBuffer)
                  20001000    00000400     uartstdio.obj (.bss:g_pcUARTTxBuffer)
                  20001400    00000400     qs-autonomous.obj (.bss:sDMAControlTable)
                  20001800    000000c0     display_task.obj (.bss:g_pucFrame)
                  200018c0    00000080     uartstdio.obj (.bss:g_pcUARTRxBuffer)
                  20001940    00000060     drive_task.obj (.bss:g_sMotorDrives)
                  200019a0    00000040     random.obj (.bss:g_pulRandomEntropy)
                  200019e0    00000018     (.common:g_sOutBuffers)
                  200019f8    00000014     (.common:sSoundEffectHeader)
                  20001a0c    00000004     (.common:g_pfnWheelCallback)
                  20001a10    00000004     (.common:g_pucDataPtr)
                  20001a14    00000004     (.common:g_ulBytesPlayed)
                  20001a18    00000004     (.common:g_ulBytesRemaining)
                  20001a1c    00000004     (.common:g_ulDMAFlags)
                  20001a20    00000004     (.common:g_ulFlags)
                  20001a24    00000004     (.common:g_ulMaxBufferSize)
                  20001a28    00000004     (.common:g_ulMaxRPMTicks)
                  20001a2c    00000004     (.common:g_ulMinRPMTicks)
                  20001a30    00000004     (.common:g_ulPlaying)
                  20001a34    00000004     (.common:g_ulPortNum)
                  20001a38    00000004     (.common:g_ulSampleRate)
                  20001a3c    00000004     (.common:g_ulSchedulerTickCount)
                  20001a40    00000004     (.common:g_ulWheelTimerTickConstant)
                  20001a44    00000004     (.common:g_usBitsPerSample)
                  20001a48    00000004     (.common:pucNextPlaying)
                  20001a4c    00000004     (.common:pucNowPlaying)
                  20001a50    00000004     (.common:ulWidth$2)
                  20001a54    00000002     (.common:g_usChannels)
                  20001a56    00000002     (.common:g_usMinutes)
                  20001a58    00000002     (.common:g_usSeconds)
                  20001a5a    00000001     (.common:g_bDisableEcho)

.stack     0    20001a5c    00000400     UNINITIALIZED
                  20001a5c    00000400     --HOLE--

.data      0    20001e5c    000000bc     UNINITIALIZED
                  20001e5c    00000064     qs-autonomous.obj (.data:g_psSchedulerTable)
                  20001ec0    00000015     uartstdio.obj (.data)
                  20001ed5    00000003     --HOLE--
                  20001ed8    00000010     display_task.obj (.data)
                  20001ee8    0000000c     auto_task.obj (.data)
                  20001ef4    00000008     random.obj (.data)
                  20001efc    00000008     rtsv7M3_T_le_eabi.lib : _lock.obj (.data)
                  20001f04    00000008                           : exit.obj (.data)
                  20001f0c    00000004     qs-autonomous.obj (.data)
                  20001f10    00000004     rtsv7M3_T_le_eabi.lib : stkdepth_vars.obj (.data)
                  20001f14    00000004     sound_task.obj (.data)


LINKER GENERATED COPY TABLES

__TI_cinit_table @ 00008bb8 records: 2, size/record: 8, table size: 16
	.data: load addr=00008b48, load size=0000005a bytes, run addr=20001e5c, run size=000000bc bytes, compression=rle
	.bss: load addr=00008bb0, load size=00000008 bytes, run addr=20000000, run size=00001a5b bytes, compression=zero_init


LINKER GENERATED HANDLER TABLE

__TI_handler_table @ 00008ba4 records: 3, size/record: 4, table size: 12
	index: 0, handler: __TI_decompress_rle24
	index: 1, handler: __TI_decompress_none
	index: 2, handler: __TI_zero_init


GLOBAL SYMBOLS: SORTED ALPHABETICALLY BY Name 

address    name
--------   ----
00005f11   AutoTask
00008acf   AutoTaskInit
00008461   BumpSensorGetStatus
00008611   BumpSensorsInit
000083d9   C$$EXIT
00008b01   DACClassDDis
00008b09   DACClassDEn
00006a0d   DACInit
00008a39   Display96x16x1Clear
00008729   Display96x16x1ClearLine
0000875d   Display96x16x1DisplayOn
00007edd   Display96x16x1ImageDraw
00006cc9   Display96x16x1Init
00008a49   Display96x16x1StringDraw
00007a39   Display96x16x1StringDrawLen
000078e9   DisplayTask
00008a89   DisplayTaskInit
000072c1   DriveInit
00007781   DriveRun
00008681   DriveStop
00007f51   DriveTask
00008829   GPIODirModeSet
00007539   GPIOPadConfigSet
000082c5   GPIOPinConfigure
000089f1   GPIOPinTypeI2S
00008b19   I2SIntClear
00008a97   I2SIntStatus
00008a59   I2SMasterClockSelect
000088c9   I2STxConfigSet
00008a03   I2STxEnable
00008b37   I2STxFIFOLimitSet
00008b1f   LEDTask
00008ab3   LEDTaskInit
000084a1   LED_Off
000084e1   LED_On
00008035   LED_Toggle
000087f9   LEDsInit
000086b9   MotorDir
00008885   MotorRun
0000809d   MotorSpeed
00008791   MotorStop
0000672d   MotorsInit
0000896b   PIDInitialize
00008b11   PIDReset
00007add   PIDUpdate
00008521   PushButtonGetStatus
000086f1   PushButtonsInit
000088e5   RandomAddEntropy
00008901   RandomNumber
00006159   RandomSeed
00008b25   ResetISR
UNDEFED    SHT$$INIT_ARRAY$$Base
UNDEFED    SHT$$INIT_ARRAY$$Limit
00008b3b   SchedulerElapsedTicksCalc
00008add   SchedulerElapsedTicksGet
00008939   SchedulerInit
00008351   SchedulerRun
00008a69   SchedulerSysTickIntHandler
00008ae9   SchedulerTickCountGet
00007105   SoundBufferPlay
00008b01   SoundClassDDis
00008b09   SoundClassDEn
00006df1   SoundInit
00007c19   SoundIntHandler
000068a1   SoundSetFormat
000081c1   SoundTask
00008b3f   SoundTaskInit
00008af5   SoundTaskPlay
00006595   SysCtlClockGet
00008b2b   SysCtlDelay
00007469   SysCtlI2SMClkSet
000089b5   SysTickEnable
000089c9   SysTickIntEnable
00008a79   SysTickPeriodSet
00008859   UARTFlushRx
00008561   UARTFlushTx
00007839   UARTStdioConfig
000088a9   UARTStdioInit
00006b6d   UARTStdioIntHandler
00006381   UARTprintf
00007991   UARTwrite
00006f0d   WaveOpen
000076c5   WavePlayContinue
00008985   WavePlayStart
0000891d   WheelSensorEnable
0000859d   WheelSensorIntEnable
00007dd1   WheelSensorIntHandler
00007601   WheelSensorsInit
20001e5c   __STACK_END
00000400   __STACK_SIZE
20001e5c   __STACK_TOP
00008bb8   __TI_CINIT_Base
00008bc8   __TI_CINIT_Limit
00008ba4   __TI_Handler_Table_Base
00008bb0   __TI_Handler_Table_Limit
00000001   __TI_args_main
00007cb1   __TI_auto_init
20001f04   __TI_cleanup_ptr
00008ac1   __TI_decompress_none
00008b31   __TI_decompress_rle24
20001f08   __TI_dtors_ptr
00000000   __TI_static_base__
00008a27   __TI_zero_init
00007b7d   __aeabi_memcpy
00007b7d   __aeabi_memcpy4
00007b7d   __aeabi_memcpy8
0000841d   __aeabi_uidivmod
ffffffff   __binit__
ffffffff   __c_args__
20001a5c   __stack
0000899d   _args_main
000087c5   _c_int00
20001efc   _lock
000089eb   _nop
000089e3   _register_lock
000089dd   _register_unlock
20001f00   _unlock
000083dd   abort
ffffffff   binit
00008395   copy_in
000083e5   exit
0000011c   g_pcBumpSound
00000000   g_pfnVectors
20001e5c   g_psSchedulerTable
20001f0c   g_ulSchedulerNumTasks
00007e5d   main
20001f10   main_func_sp
00007b7d   memcpy
20001a48   pucNextPlaying
20001a4c   pucNowPlaying
20001400   sDMAControlTable
200019f8   sSoundEffectHeader


GLOBAL SYMBOLS: SORTED BY Symbol Address 

address    name
--------   ----
00000000   __TI_static_base__
00000000   g_pfnVectors
00000001   __TI_args_main
0000011c   g_pcBumpSound
00000400   __STACK_SIZE
00005f11   AutoTask
00006159   RandomSeed
00006381   UARTprintf
00006595   SysCtlClockGet
0000672d   MotorsInit
000068a1   SoundSetFormat
00006a0d   DACInit
00006b6d   UARTStdioIntHandler
00006cc9   Display96x16x1Init
00006df1   SoundInit
00006f0d   WaveOpen
00007105   SoundBufferPlay
000072c1   DriveInit
00007469   SysCtlI2SMClkSet
00007539   GPIOPadConfigSet
00007601   WheelSensorsInit
000076c5   WavePlayContinue
00007781   DriveRun
00007839   UARTStdioConfig
000078e9   DisplayTask
00007991   UARTwrite
00007a39   Display96x16x1StringDrawLen
00007add   PIDUpdate
00007b7d   __aeabi_memcpy
00007b7d   __aeabi_memcpy4
00007b7d   __aeabi_memcpy8
00007b7d   memcpy
00007c19   SoundIntHandler
00007cb1   __TI_auto_init
00007dd1   WheelSensorIntHandler
00007e5d   main
00007edd   Display96x16x1ImageDraw
00007f51   DriveTask
00008035   LED_Toggle
0000809d   MotorSpeed
000081c1   SoundTask
000082c5   GPIOPinConfigure
00008351   SchedulerRun
00008395   copy_in
000083d9   C$$EXIT
000083dd   abort
000083e5   exit
0000841d   __aeabi_uidivmod
00008461   BumpSensorGetStatus
000084a1   LED_Off
000084e1   LED_On
00008521   PushButtonGetStatus
00008561   UARTFlushTx
0000859d   WheelSensorIntEnable
00008611   BumpSensorsInit
00008681   DriveStop
000086b9   MotorDir
000086f1   PushButtonsInit
00008729   Display96x16x1ClearLine
0000875d   Display96x16x1DisplayOn
00008791   MotorStop
000087c5   _c_int00
000087f9   LEDsInit
00008829   GPIODirModeSet
00008859   UARTFlushRx
00008885   MotorRun
000088a9   UARTStdioInit
000088c9   I2STxConfigSet
000088e5   RandomAddEntropy
00008901   RandomNumber
0000891d   WheelSensorEnable
00008939   SchedulerInit
0000896b   PIDInitialize
00008985   WavePlayStart
0000899d   _args_main
000089b5   SysTickEnable
000089c9   SysTickIntEnable
000089dd   _register_unlock
000089e3   _register_lock
000089eb   _nop
000089f1   GPIOPinTypeI2S
00008a03   I2STxEnable
00008a27   __TI_zero_init
00008a39   Display96x16x1Clear
00008a49   Display96x16x1StringDraw
00008a59   I2SMasterClockSelect
00008a69   SchedulerSysTickIntHandler
00008a79   SysTickPeriodSet
00008a89   DisplayTaskInit
00008a97   I2SIntStatus
00008ab3   LEDTaskInit
00008ac1   __TI_decompress_none
00008acf   AutoTaskInit
00008add   SchedulerElapsedTicksGet
00008ae9   SchedulerTickCountGet
00008af5   SoundTaskPlay
00008b01   DACClassDDis
00008b01   SoundClassDDis
00008b09   DACClassDEn
00008b09   SoundClassDEn
00008b11   PIDReset
00008b19   I2SIntClear
00008b1f   LEDTask
00008b25   ResetISR
00008b2b   SysCtlDelay
00008b31   __TI_decompress_rle24
00008b37   I2STxFIFOLimitSet
00008b3b   SchedulerElapsedTicksCalc
00008b3f   SoundTaskInit
00008ba4   __TI_Handler_Table_Base
00008bb0   __TI_Handler_Table_Limit
00008bb8   __TI_CINIT_Base
00008bc8   __TI_CINIT_Limit
20001400   sDMAControlTable
200019f8   sSoundEffectHeader
20001a48   pucNextPlaying
20001a4c   pucNowPlaying
20001a5c   __stack
20001e5c   __STACK_END
20001e5c   __STACK_TOP
20001e5c   g_psSchedulerTable
20001efc   _lock
20001f00   _unlock
20001f04   __TI_cleanup_ptr
20001f08   __TI_dtors_ptr
20001f0c   g_ulSchedulerNumTasks
20001f10   main_func_sp
ffffffff   __binit__
ffffffff   __c_args__
ffffffff   binit
UNDEFED    SHT$$INIT_ARRAY$$Base
UNDEFED    SHT$$INIT_ARRAY$$Limit

[132 symbols]
