<?xml version="1.0"?>
<link_info>
   <banner>TI ARM Linker PC v5.1.7</banner>
   <copyright>Copyright (c) 1996-2014 Texas Instruments Incorporated</copyright>
   <link_time>0x542425b8</link_time>
   <link_errors>0x0</link_errors>
   <output_file>qs-autonomous.out</output_file>
   <entry_point>
      <name>_c_int00</name>
      <address>0x87c5</address>
   </entry_point>
   <input_file_list>
      <input_file id="fl-2">
         <path>.\</path>
         <kind>object</kind>
         <file>auto_task.obj</file>
         <name>auto_task.obj</name>
      </input_file>
      <input_file id="fl-3">
         <path>.\</path>
         <kind>object</kind>
         <file>display_task.obj</file>
         <name>display_task.obj</name>
      </input_file>
      <input_file id="fl-4">
         <path>.\</path>
         <kind>object</kind>
         <file>drive_task.obj</file>
         <name>drive_task.obj</name>
      </input_file>
      <input_file id="fl-5">
         <path>.\</path>
         <kind>object</kind>
         <file>led_task.obj</file>
         <name>led_task.obj</name>
      </input_file>
      <input_file id="fl-6">
         <path>.\</path>
         <kind>object</kind>
         <file>pid.obj</file>
         <name>pid.obj</name>
      </input_file>
      <input_file id="fl-7">
         <path>.\</path>
         <kind>object</kind>
         <file>qs-autonomous.obj</file>
         <name>qs-autonomous.obj</name>
      </input_file>
      <input_file id="fl-8">
         <path>.\</path>
         <kind>object</kind>
         <file>random.obj</file>
         <name>random.obj</name>
      </input_file>
      <input_file id="fl-9">
         <path>.\</path>
         <kind>object</kind>
         <file>sound_task.obj</file>
         <name>sound_task.obj</name>
      </input_file>
      <input_file id="fl-a">
         <path>.\</path>
         <kind>object</kind>
         <file>sounds.obj</file>
         <name>sounds.obj</name>
      </input_file>
      <input_file id="fl-b">
         <path>.\</path>
         <kind>object</kind>
         <file>startup_ccs.obj</file>
         <name>startup_ccs.obj</name>
      </input_file>
      <input_file id="fl-c">
         <path>.\utils\</path>
         <kind>object</kind>
         <file>scheduler.obj</file>
         <name>scheduler.obj</name>
      </input_file>
      <input_file id="fl-d">
         <path>.\utils\</path>
         <kind>object</kind>
         <file>uartstdio.obj</file>
         <name>uartstdio.obj</name>
      </input_file>
      <input_file id="fl-e">
         <path>.\utils\</path>
         <kind>object</kind>
         <file>ustdlib.obj</file>
         <name>ustdlib.obj</name>
      </input_file>
      <input_file id="fl-f">
         <path>.\drivers\</path>
         <kind>object</kind>
         <file>dac.obj</file>
         <name>dac.obj</name>
      </input_file>
      <input_file id="fl-10">
         <path>.\drivers\</path>
         <kind>object</kind>
         <file>display96x16x1.obj</file>
         <name>display96x16x1.obj</name>
      </input_file>
      <input_file id="fl-11">
         <path>.\drivers\</path>
         <kind>object</kind>
         <file>io.obj</file>
         <name>io.obj</name>
      </input_file>
      <input_file id="fl-12">
         <path>.\drivers\</path>
         <kind>object</kind>
         <file>motor.obj</file>
         <name>motor.obj</name>
      </input_file>
      <input_file id="fl-13">
         <path>.\drivers\</path>
         <kind>object</kind>
         <file>sensors.obj</file>
         <name>sensors.obj</name>
      </input_file>
      <input_file id="fl-14">
         <path>.\drivers\</path>
         <kind>object</kind>
         <file>sound.obj</file>
         <name>sound.obj</name>
      </input_file>
      <input_file id="fl-15">
         <path>.\drivers\</path>
         <kind>object</kind>
         <file>wav.obj</file>
         <name>wav.obj</name>
      </input_file>
      <input_file id="fl-143">
         <path>C:\TI_CodeComposer\ccsv6\tools\compiler\arm_5.1.7\lib\</path>
         <kind>archive</kind>
         <file>rtsv7M3_T_le_eabi.lib</file>
         <name>boot.obj</name>
      </input_file>
      <input_file id="fl-144">
         <path>C:\TI_CodeComposer\ccsv6\tools\compiler\arm_5.1.7\lib\</path>
         <kind>archive</kind>
         <file>rtsv7M3_T_le_eabi.lib</file>
         <name>copy_decompress_none.obj</name>
      </input_file>
      <input_file id="fl-145">
         <path>C:\TI_CodeComposer\ccsv6\tools\compiler\arm_5.1.7\lib\</path>
         <kind>archive</kind>
         <file>rtsv7M3_T_le_eabi.lib</file>
         <name>copy_decompress_rle.obj</name>
      </input_file>
      <input_file id="fl-146">
         <path>C:\TI_CodeComposer\ccsv6\tools\compiler\arm_5.1.7\lib\</path>
         <kind>archive</kind>
         <file>rtsv7M3_T_le_eabi.lib</file>
         <name>copy_zero_init.obj</name>
      </input_file>
      <input_file id="fl-147">
         <path>C:\TI_CodeComposer\ccsv6\tools\compiler\arm_5.1.7\lib\</path>
         <kind>archive</kind>
         <file>rtsv7M3_T_le_eabi.lib</file>
         <name>exit.obj</name>
      </input_file>
      <input_file id="fl-148">
         <path>C:\TI_CodeComposer\ccsv6\tools\compiler\arm_5.1.7\lib\</path>
         <kind>archive</kind>
         <file>rtsv7M3_T_le_eabi.lib</file>
         <name>memcpy_t2.obj</name>
      </input_file>
      <input_file id="fl-149">
         <path>C:\TI_CodeComposer\ccsv6\tools\compiler\arm_5.1.7\lib\</path>
         <kind>archive</kind>
         <file>rtsv7M3_T_le_eabi.lib</file>
         <name>stkdepth_vars.obj</name>
      </input_file>
      <input_file id="fl-14a">
         <path>C:\TI_CodeComposer\ccsv6\tools\compiler\arm_5.1.7\lib\</path>
         <kind>archive</kind>
         <file>rtsv7M3_T_le_eabi.lib</file>
         <name>strlen.obj</name>
      </input_file>
      <input_file id="fl-14b">
         <path>C:\TI_CodeComposer\ccsv6\tools\compiler\arm_5.1.7\lib\</path>
         <kind>archive</kind>
         <file>rtsv7M3_T_le_eabi.lib</file>
         <name>u_divt2.obj</name>
      </input_file>
      <input_file id="fl-14c">
         <path>C:\TI_CodeComposer\ccsv6\tools\compiler\arm_5.1.7\lib\</path>
         <kind>archive</kind>
         <file>rtsv7M3_T_le_eabi.lib</file>
         <name>_lock.obj</name>
      </input_file>
      <input_file id="fl-14d">
         <path>C:\TI_CodeComposer\ccsv6\tools\compiler\arm_5.1.7\lib\</path>
         <kind>archive</kind>
         <file>rtsv7M3_T_le_eabi.lib</file>
         <name>args_main.obj</name>
      </input_file>
      <input_file id="fl-14e">
         <path>C:\TI_CodeComposer\ccsv6\tools\compiler\arm_5.1.7\lib\</path>
         <kind>archive</kind>
         <file>rtsv7M3_T_le_eabi.lib</file>
         <name>auto_init.obj</name>
      </input_file>
      <input_file id="fl-14f">
         <path>C:\TI_CodeComposer\ccsv6\tools\compiler\arm_5.1.7\lib\</path>
         <kind>archive</kind>
         <file>rtsv7M3_T_le_eabi.lib</file>
         <name>cpy_tbl.obj</name>
      </input_file>
      <input_file id="fl-150">
         <path>C:\TI_CodeComposer\StellarisWare-EVALBOT\boards\ek-evalbot\qs-autonomous\ccs\..\..\..\..\driverlib\ccs-cm3\Debug\</path>
         <kind>archive</kind>
         <file>driverlib-cm3.lib</file>
         <name>systick.obj</name>
      </input_file>
      <input_file id="fl-151">
         <path>C:\TI_CodeComposer\StellarisWare-EVALBOT\boards\ek-evalbot\qs-autonomous\ccs\..\..\..\..\driverlib\ccs-cm3\Debug\</path>
         <kind>archive</kind>
         <file>driverlib-cm3.lib</file>
         <name>sysctl.obj</name>
      </input_file>
      <input_file id="fl-152">
         <path>C:\TI_CodeComposer\StellarisWare-EVALBOT\boards\ek-evalbot\qs-autonomous\ccs\..\..\..\..\driverlib\ccs-cm3\Debug\</path>
         <kind>archive</kind>
         <file>driverlib-cm3.lib</file>
         <name>interrupt.obj</name>
      </input_file>
      <input_file id="fl-153">
         <path>C:\TI_CodeComposer\StellarisWare-EVALBOT\boards\ek-evalbot\qs-autonomous\ccs\..\..\..\..\driverlib\ccs-cm3\Debug\</path>
         <kind>archive</kind>
         <file>driverlib-cm3.lib</file>
         <name>i2s.obj</name>
      </input_file>
      <input_file id="fl-154">
         <path>C:\TI_CodeComposer\StellarisWare-EVALBOT\boards\ek-evalbot\qs-autonomous\ccs\..\..\..\..\driverlib\ccs-cm3\Debug\</path>
         <kind>archive</kind>
         <file>driverlib-cm3.lib</file>
         <name>gpio.obj</name>
      </input_file>
      <input_file id="fl-155">
         <path>C:\TI_CodeComposer\StellarisWare-EVALBOT\boards\ek-evalbot\qs-autonomous\ccs\..\..\..\..\driverlib\ccs-cm3\Debug\</path>
         <kind>archive</kind>
         <file>driverlib-cm3.lib</file>
         <name>cpu.obj</name>
      </input_file>
   </input_file_list>
   <object_component_list>
      <object_component id="oc-e">
         <name>.intvecs</name>
         <load_address>0x0</load_address>
         <run_address>0x0</run_address>
         <size>0x11c</size>
         <input_file_ref idref="fl-b"/>
      </object_component>
      <object_component id="oc-2d5">
         <name>.text:AutoTask</name>
         <load_address>0x5f10</load_address>
         <run_address>0x5f10</run_address>
         <size>0x248</size>
         <input_file_ref idref="fl-2"/>
      </object_component>
      <object_component id="oc-376">
         <name>.text:RandomSeed</name>
         <load_address>0x6158</load_address>
         <run_address>0x6158</run_address>
         <size>0x228</size>
         <input_file_ref idref="fl-8"/>
      </object_component>
      <object_component id="oc-142">
         <name>.text:UARTprintf</name>
         <load_address>0x6380</load_address>
         <run_address>0x6380</run_address>
         <size>0x212</size>
         <input_file_ref idref="fl-d"/>
      </object_component>
      <object_component id="oc-35">
         <name>.text:FaultISR</name>
         <load_address>0x6592</load_address>
         <run_address>0x6592</run_address>
         <size>0x2</size>
         <input_file_ref idref="fl-b"/>
      </object_component>
      <object_component id="oc-1a5">
         <name>.text:SysCtlClockGet</name>
         <load_address>0x6594</load_address>
         <run_address>0x6594</run_address>
         <size>0x198</size>
         <input_file_ref idref="fl-151"/>
      </object_component>
      <object_component id="oc-1b6">
         <name>.text:MotorsInit</name>
         <load_address>0x672c</load_address>
         <run_address>0x672c</run_address>
         <size>0x174</size>
         <input_file_ref idref="fl-12"/>
      </object_component>
      <object_component id="oc-3e2">
         <name>.text:SoundSetFormat</name>
         <load_address>0x68a0</load_address>
         <run_address>0x68a0</run_address>
         <size>0x16c</size>
         <input_file_ref idref="fl-14"/>
      </object_component>
      <object_component id="oc-297">
         <name>.text:DACInit</name>
         <load_address>0x6a0c</load_address>
         <run_address>0x6a0c</run_address>
         <size>0x160</size>
         <input_file_ref idref="fl-f"/>
      </object_component>
      <object_component id="oc-4d">
         <name>.text:UARTStdioIntHandler</name>
         <load_address>0x6b6c</load_address>
         <run_address>0x6b6c</run_address>
         <size>0x15c</size>
         <input_file_ref idref="fl-d"/>
      </object_component>
      <object_component id="oc-1e3">
         <name>.text:Display96x16x1Init</name>
         <load_address>0x6cc8</load_address>
         <run_address>0x6cc8</run_address>
         <size>0x128</size>
         <input_file_ref idref="fl-10"/>
      </object_component>
      <object_component id="oc-1ff">
         <name>.text:SoundInit</name>
         <load_address>0x6df0</load_address>
         <run_address>0x6df0</run_address>
         <size>0x11c</size>
         <input_file_ref idref="fl-14"/>
      </object_component>
      <object_component id="oc-347">
         <name>.text:WaveOpen</name>
         <load_address>0x6f0c</load_address>
         <run_address>0x6f0c</run_address>
         <size>0x10c</size>
         <input_file_ref idref="fl-15"/>
      </object_component>
      <object_component id="oc-30a">
         <name>.text:DACReadRegister</name>
         <load_address>0x7018</load_address>
         <run_address>0x7018</run_address>
         <size>0xec</size>
         <input_file_ref idref="fl-f"/>
      </object_component>
      <object_component id="oc-3c7">
         <name>.text:SoundBufferPlay</name>
         <load_address>0x7104</load_address>
         <run_address>0x7104</run_address>
         <size>0xe0</size>
         <input_file_ref idref="fl-14"/>
      </object_component>
      <object_component id="oc-304">
         <name>.text:DACWriteRegister</name>
         <load_address>0x71e4</load_address>
         <run_address>0x71e4</run_address>
         <size>0xdc</size>
         <input_file_ref idref="fl-f"/>
      </object_component>
      <object_component id="oc-14e">
         <name>.text:DriveInit</name>
         <load_address>0x72c0</load_address>
         <run_address>0x72c0</run_address>
         <size>0xd4</size>
         <input_file_ref idref="fl-4"/>
      </object_component>
      <object_component id="oc-329">
         <name>.text:ScrollImage</name>
         <load_address>0x7394</load_address>
         <run_address>0x7394</run_address>
         <size>0xd4</size>
         <input_file_ref idref="fl-3"/>
      </object_component>
      <object_component id="oc-450">
         <name>.text:SysCtlI2SMClkSet</name>
         <load_address>0x7468</load_address>
         <run_address>0x7468</run_address>
         <size>0xd0</size>
         <input_file_ref idref="fl-151"/>
      </object_component>
      <object_component id="oc-2ff">
         <name>.text:GPIOPadConfigSet</name>
         <load_address>0x7538</load_address>
         <run_address>0x7538</run_address>
         <size>0xc8</size>
         <input_file_ref idref="fl-154"/>
      </object_component>
      <object_component id="oc-1bc">
         <name>.text:WheelSensorsInit</name>
         <load_address>0x7600</load_address>
         <run_address>0x7600</run_address>
         <size>0xc4</size>
         <input_file_ref idref="fl-13"/>
      </object_component>
      <object_component id="oc-341">
         <name>.text:WavePlayContinue</name>
         <load_address>0x76c4</load_address>
         <run_address>0x76c4</run_address>
         <size>0xbc</size>
         <input_file_ref idref="fl-15"/>
      </object_component>
      <object_component id="oc-35e">
         <name>.text:DriveRun</name>
         <load_address>0x7780</load_address>
         <run_address>0x7780</run_address>
         <size>0xb8</size>
         <input_file_ref idref="fl-4"/>
      </object_component>
      <object_component id="oc-198">
         <name>.text:UARTStdioConfig</name>
         <load_address>0x7838</load_address>
         <run_address>0x7838</run_address>
         <size>0xb0</size>
         <input_file_ref idref="fl-d"/>
      </object_component>
      <object_component id="oc-2c3">
         <name>.text:DisplayTask</name>
         <load_address>0x78e8</load_address>
         <run_address>0x78e8</run_address>
         <size>0xa8</size>
         <input_file_ref idref="fl-3"/>
      </object_component>
      <object_component id="oc-ae">
         <name>.text:UARTwrite</name>
         <load_address>0x7990</load_address>
         <run_address>0x7990</run_address>
         <size>0xa8</size>
         <input_file_ref idref="fl-d"/>
      </object_component>
      <object_component id="oc-3b7">
         <name>.text:Display96x16x1StringDrawLen</name>
         <load_address>0x7a38</load_address>
         <run_address>0x7a38</run_address>
         <size>0xa4</size>
         <input_file_ref idref="fl-10"/>
      </object_component>
      <object_component id="oc-316">
         <name>.text:PIDUpdate</name>
         <load_address>0x7adc</load_address>
         <run_address>0x7adc</run_address>
         <size>0xa0</size>
         <input_file_ref idref="fl-6"/>
      </object_component>
      <object_component id="oc-71">
         <name>.text</name>
         <load_address>0x7b7c</load_address>
         <run_address>0x7b7c</run_address>
         <size>0x9c</size>
         <input_file_ref idref="fl-148"/>
      </object_component>
      <object_component id="oc-53">
         <name>.text:SoundIntHandler</name>
         <load_address>0x7c18</load_address>
         <run_address>0x7c18</run_address>
         <size>0x98</size>
         <input_file_ref idref="fl-14"/>
      </object_component>
      <object_component id="oc-5c">
         <name>.text</name>
         <load_address>0x7cb0</load_address>
         <run_address>0x7cb0</run_address>
         <size>0x94</size>
         <input_file_ref idref="fl-14e"/>
      </object_component>
      <object_component id="oc-a2">
         <name>.text:UARTPrimeTransmit</name>
         <load_address>0x7d44</load_address>
         <run_address>0x7d44</run_address>
         <size>0x8c</size>
         <input_file_ref idref="fl-d"/>
      </object_component>
      <object_component id="oc-47">
         <name>.text:WheelSensorIntHandler</name>
         <load_address>0x7dd0</load_address>
         <run_address>0x7dd0</run_address>
         <size>0x8c</size>
         <input_file_ref idref="fl-13"/>
      </object_component>
      <object_component id="oc-df">
         <name>.text:main</name>
         <load_address>0x7e5c</load_address>
         <run_address>0x7e5c</run_address>
         <size>0x80</size>
         <input_file_ref idref="fl-7"/>
      </object_component>
      <object_component id="oc-3ac">
         <name>.text:Display96x16x1ImageDraw</name>
         <load_address>0x7edc</load_address>
         <run_address>0x7edc</run_address>
         <size>0x74</size>
         <input_file_ref idref="fl-10"/>
      </object_component>
      <object_component id="oc-2bd">
         <name>.text:DriveTask</name>
         <load_address>0x7f50</load_address>
         <run_address>0x7f50</run_address>
         <size>0x74</size>
         <input_file_ref idref="fl-4"/>
      </object_component>
      <object_component id="oc-1d9">
         <name>.text:DriveWheelSensorHandler</name>
         <load_address>0x7fc4</load_address>
         <run_address>0x7fc4</run_address>
         <size>0x70</size>
         <input_file_ref idref="fl-4"/>
      </object_component>
      <object_component id="oc-33a">
         <name>.text:LED_Toggle</name>
         <load_address>0x8034</load_address>
         <run_address>0x8034</run_address>
         <size>0x68</size>
         <input_file_ref idref="fl-11"/>
      </object_component>
      <object_component id="oc-31c">
         <name>.text:MotorSpeed</name>
         <load_address>0x809c</load_address>
         <run_address>0x809c</run_address>
         <size>0x64</size>
         <input_file_ref idref="fl-12"/>
      </object_component>
      <object_component id="oc-274">
         <name>.text:Display96x16x1WriteFinal</name>
         <load_address>0x8100</load_address>
         <run_address>0x8100</run_address>
         <size>0x60</size>
         <input_file_ref idref="fl-10"/>
      </object_component>
      <object_component id="oc-84">
         <name>.text</name>
         <load_address>0x8160</load_address>
         <run_address>0x8160</run_address>
         <size>0x5e</size>
         <input_file_ref idref="fl-145"/>
      </object_component>
      <object_component id="oc-3b">
         <name>.text:IntDefaultHandler</name>
         <load_address>0x81be</load_address>
         <run_address>0x81be</run_address>
         <size>0x2</size>
         <input_file_ref idref="fl-b"/>
      </object_component>
      <object_component id="oc-2cf">
         <name>.text:SoundTask</name>
         <load_address>0x81c0</load_address>
         <run_address>0x81c0</run_address>
         <size>0x5c</size>
         <input_file_ref idref="fl-9"/>
      </object_component>
      <object_component id="oc-3c1">
         <name>.text:WaveRead</name>
         <load_address>0x821c</load_address>
         <run_address>0x821c</run_address>
         <size>0x58</size>
         <input_file_ref idref="fl-15"/>
      </object_component>
      <object_component id="oc-26e">
         <name>.text:Display96x16x1WriteArray</name>
         <load_address>0x8274</load_address>
         <run_address>0x8274</run_address>
         <size>0x50</size>
         <input_file_ref idref="fl-10"/>
      </object_component>
      <object_component id="oc-245">
         <name>.text:GPIOPinConfigure</name>
         <load_address>0x82c4</load_address>
         <run_address>0x82c4</run_address>
         <size>0x48</size>
         <input_file_ref idref="fl-154"/>
      </object_component>
      <object_component id="oc-398">
         <name>.text:Display96x16x1WriteByte</name>
         <load_address>0x830c</load_address>
         <run_address>0x830c</run_address>
         <size>0x44</size>
         <input_file_ref idref="fl-10"/>
      </object_component>
      <object_component id="oc-16c">
         <name>.text:SchedulerRun</name>
         <load_address>0x8350</load_address>
         <run_address>0x8350</run_address>
         <size>0x44</size>
         <input_file_ref idref="fl-c"/>
      </object_component>
      <object_component id="oc-d8">
         <name>.text</name>
         <load_address>0x8394</load_address>
         <run_address>0x8394</run_address>
         <size>0x44</size>
         <input_file_ref idref="fl-14f"/>
      </object_component>
      <object_component id="oc-67">
         <name>.text</name>
         <load_address>0x83d8</load_address>
         <run_address>0x83d8</run_address>
         <size>0x44</size>
         <input_file_ref idref="fl-147"/>
      </object_component>
      <object_component id="oc-19f">
         <name>.text</name>
         <load_address>0x841c</load_address>
         <run_address>0x841c</run_address>
         <size>0x42</size>
         <input_file_ref idref="fl-14b"/>
      </object_component>
      <object_component id="oc-2f">
         <name>.text:NmiSR</name>
         <load_address>0x845e</load_address>
         <run_address>0x845e</run_address>
         <size>0x2</size>
         <input_file_ref idref="fl-b"/>
      </object_component>
      <object_component id="oc-364">
         <name>.text:BumpSensorGetStatus</name>
         <load_address>0x8460</load_address>
         <run_address>0x8460</run_address>
         <size>0x40</size>
         <input_file_ref idref="fl-13"/>
      </object_component>
      <object_component id="oc-288">
         <name>.text:LED_Off</name>
         <load_address>0x84a0</load_address>
         <run_address>0x84a0</run_address>
         <size>0x40</size>
         <input_file_ref idref="fl-11"/>
      </object_component>
      <object_component id="oc-1f7">
         <name>.text:LED_On</name>
         <load_address>0x84e0</load_address>
         <run_address>0x84e0</run_address>
         <size>0x40</size>
         <input_file_ref idref="fl-11"/>
      </object_component>
      <object_component id="oc-36a">
         <name>.text:PushButtonGetStatus</name>
         <load_address>0x8520</load_address>
         <run_address>0x8520</run_address>
         <size>0x40</size>
         <input_file_ref idref="fl-11"/>
      </object_component>
      <object_component id="oc-235">
         <name>.text:UARTFlushTx</name>
         <load_address>0x8560</load_address>
         <run_address>0x8560</run_address>
         <size>0x3c</size>
         <input_file_ref idref="fl-d"/>
      </object_component>
      <object_component id="oc-1ce">
         <name>.text:WheelSensorIntEnable</name>
         <load_address>0x859c</load_address>
         <run_address>0x859c</run_address>
         <size>0x3c</size>
         <input_file_ref idref="fl-13"/>
      </object_component>
      <object_component id="oc-3d3">
         <name>.text:BufferCallback</name>
         <load_address>0x85d8</load_address>
         <run_address>0x85d8</run_address>
         <size>0x38</size>
         <input_file_ref idref="fl-15"/>
      </object_component>
      <object_component id="oc-20e">
         <name>.text:BumpSensorsInit</name>
         <load_address>0x8610</load_address>
         <run_address>0x8610</run_address>
         <size>0x38</size>
         <input_file_ref idref="fl-13"/>
      </object_component>
      <object_component id="oc-268">
         <name>.text:Display96x16x1WriteFirst</name>
         <load_address>0x8648</load_address>
         <run_address>0x8648</run_address>
         <size>0x38</size>
         <input_file_ref idref="fl-10"/>
      </object_component>
      <object_component id="oc-37c">
         <name>.text:DriveStop</name>
         <load_address>0x8680</load_address>
         <run_address>0x8680</run_address>
         <size>0x38</size>
         <input_file_ref idref="fl-4"/>
      </object_component>
      <object_component id="oc-3fb">
         <name>.text:MotorDir</name>
         <load_address>0x86b8</load_address>
         <run_address>0x86b8</run_address>
         <size>0x38</size>
         <input_file_ref idref="fl-12"/>
      </object_component>
      <object_component id="oc-208">
         <name>.text:PushButtonsInit</name>
         <load_address>0x86f0</load_address>
         <run_address>0x86f0</run_address>
         <size>0x38</size>
         <input_file_ref idref="fl-11"/>
      </object_component>
      <object_component id="oc-2ed">
         <name>.text:Display96x16x1ClearLine</name>
         <load_address>0x8728</load_address>
         <run_address>0x8728</run_address>
         <size>0x34</size>
         <input_file_ref idref="fl-10"/>
      </object_component>
      <object_component id="oc-1e9">
         <name>.text:Display96x16x1DisplayOn</name>
         <load_address>0x875c</load_address>
         <run_address>0x875c</run_address>
         <size>0x34</size>
         <input_file_ref idref="fl-10"/>
      </object_component>
      <object_component id="oc-416">
         <name>.text:MotorStop</name>
         <load_address>0x8790</load_address>
         <run_address>0x8790</run_address>
         <size>0x34</size>
         <input_file_ref idref="fl-12"/>
      </object_component>
      <object_component id="oc-11">
         <name>.text</name>
         <load_address>0x87c4</load_address>
         <run_address>0x87c4</run_address>
         <size>0x34</size>
         <input_file_ref idref="fl-143"/>
      </object_component>
      <object_component id="oc-1f1">
         <name>.text:LEDsInit</name>
         <load_address>0x87f8</load_address>
         <run_address>0x87f8</run_address>
         <size>0x30</size>
         <input_file_ref idref="fl-11"/>
      </object_component>
      <object_component id="oc-2fb">
         <name>.text:GPIODirModeSet</name>
         <load_address>0x8828</load_address>
         <run_address>0x8828</run_address>
         <size>0x2e</size>
         <input_file_ref idref="fl-154"/>
      </object_component>
      <object_component id="oc-22f">
         <name>.text:UARTFlushRx</name>
         <load_address>0x8858</load_address>
         <run_address>0x8858</run_address>
         <size>0x2c</size>
         <input_file_ref idref="fl-d"/>
      </object_component>
      <object_component id="oc-401">
         <name>.text:MotorRun</name>
         <load_address>0x8884</load_address>
         <run_address>0x8884</run_address>
         <size>0x24</size>
         <input_file_ref idref="fl-12"/>
      </object_component>
      <object_component id="oc-13c">
         <name>.text:UARTStdioInit</name>
         <load_address>0x88a8</load_address>
         <run_address>0x88a8</run_address>
         <size>0x20</size>
         <input_file_ref idref="fl-d"/>
      </object_component>
      <object_component id="oc-44c">
         <name>.text:I2STxConfigSet</name>
         <load_address>0x88c8</load_address>
         <run_address>0x88c8</run_address>
         <size>0x1c</size>
         <input_file_ref idref="fl-153"/>
      </object_component>
      <object_component id="oc-370">
         <name>.text:RandomAddEntropy</name>
         <load_address>0x88e4</load_address>
         <run_address>0x88e4</run_address>
         <size>0x1c</size>
         <input_file_ref idref="fl-8"/>
      </object_component>
      <object_component id="oc-358">
         <name>.text:RandomNumber</name>
         <load_address>0x8900</load_address>
         <run_address>0x8900</run_address>
         <size>0x1c</size>
         <input_file_ref idref="fl-8"/>
      </object_component>
      <object_component id="oc-1c8">
         <name>.text:WheelSensorEnable</name>
         <load_address>0x891c</load_address>
         <run_address>0x891c</run_address>
         <size>0x1c</size>
         <input_file_ref idref="fl-13"/>
      </object_component>
      <object_component id="oc-148">
         <name>.text:SchedulerInit</name>
         <load_address>0x8938</load_address>
         <run_address>0x8938</run_address>
         <size>0x1a</size>
         <input_file_ref idref="fl-c"/>
      </object_component>
      <object_component id="oc-b4">
         <name>.text:IsBufferFull</name>
         <load_address>0x8952</load_address>
         <run_address>0x8952</run_address>
         <size>0x18</size>
         <input_file_ref idref="fl-d"/>
      </object_component>
      <object_component id="oc-1c2">
         <name>.text:PIDInitialize</name>
         <load_address>0x896a</load_address>
         <run_address>0x896a</run_address>
         <size>0x18</size>
         <input_file_ref idref="fl-6"/>
      </object_component>
      <object_component id="oc-34d">
         <name>.text:WavePlayStart</name>
         <load_address>0x8984</load_address>
         <run_address>0x8984</run_address>
         <size>0x18</size>
         <input_file_ref idref="fl-15"/>
      </object_component>
      <object_component id="oc-61">
         <name>.text</name>
         <load_address>0x899c</load_address>
         <run_address>0x899c</run_address>
         <size>0x18</size>
         <input_file_ref idref="fl-14d"/>
      </object_component>
      <object_component id="oc-1ad">
         <name>.text:SysTickEnable</name>
         <load_address>0x89b4</load_address>
         <run_address>0x89b4</run_address>
         <size>0x14</size>
         <input_file_ref idref="fl-150"/>
      </object_component>
      <object_component id="oc-1b1">
         <name>.text:SysTickIntEnable</name>
         <load_address>0x89c8</load_address>
         <run_address>0x89c8</run_address>
         <size>0x14</size>
         <input_file_ref idref="fl-150"/>
      </object_component>
      <object_component id="oc-17a">
         <name>.text</name>
         <load_address>0x89dc</load_address>
         <run_address>0x89dc</run_address>
         <size>0x14</size>
         <input_file_ref idref="fl-14c"/>
      </object_component>
      <object_component id="oc-293">
         <name>.text:GPIOPinTypeI2S</name>
         <load_address>0x89f0</load_address>
         <run_address>0x89f0</run_address>
         <size>0x12</size>
         <input_file_ref idref="fl-154"/>
      </object_component>
      <object_component id="oc-2a1">
         <name>.text:I2STxEnable</name>
         <load_address>0x8a02</load_address>
         <run_address>0x8a02</run_address>
         <size>0x12</size>
         <input_file_ref idref="fl-153"/>
      </object_component>
      <object_component id="oc-430">
         <name>.text:WaveConvert8Bit</name>
         <load_address>0x8a14</load_address>
         <run_address>0x8a14</run_address>
         <size>0x12</size>
         <input_file_ref idref="fl-15"/>
      </object_component>
      <object_component id="oc-1c">
         <name>.text:decompress:ZI</name>
         <load_address>0x8a26</load_address>
         <run_address>0x8a26</run_address>
         <size>0x12</size>
         <input_file_ref idref="fl-146"/>
      </object_component>
      <object_component id="oc-27a">
         <name>.text:Display96x16x1Clear</name>
         <load_address>0x8a38</load_address>
         <run_address>0x8a38</run_address>
         <size>0x10</size>
         <input_file_ref idref="fl-10"/>
      </object_component>
      <object_component id="oc-32f">
         <name>.text:Display96x16x1StringDraw</name>
         <load_address>0x8a48</load_address>
         <run_address>0x8a48</run_address>
         <size>0x10</size>
         <input_file_ref idref="fl-10"/>
      </object_component>
      <object_component id="oc-448">
         <name>.text:I2SMasterClockSelect</name>
         <load_address>0x8a58</load_address>
         <run_address>0x8a58</run_address>
         <size>0x10</size>
         <input_file_ref idref="fl-153"/>
      </object_component>
      <object_component id="oc-41">
         <name>.text:SchedulerSysTickIntHandler</name>
         <load_address>0x8a68</load_address>
         <run_address>0x8a68</run_address>
         <size>0x10</size>
         <input_file_ref idref="fl-c"/>
      </object_component>
      <object_component id="oc-1a9">
         <name>.text:SysTickPeriodSet</name>
         <load_address>0x8a78</load_address>
         <run_address>0x8a78</run_address>
         <size>0x10</size>
         <input_file_ref idref="fl-150"/>
      </object_component>
      <object_component id="oc-154">
         <name>.text:DisplayTaskInit</name>
         <load_address>0x8a88</load_address>
         <run_address>0x8a88</run_address>
         <size>0xe</size>
         <input_file_ref idref="fl-3"/>
      </object_component>
      <object_component id="oc-c9">
         <name>.text:I2SIntStatus</name>
         <load_address>0x8a96</load_address>
         <run_address>0x8a96</run_address>
         <size>0xe</size>
         <input_file_ref idref="fl-153"/>
      </object_component>
      <object_component id="oc-a8">
         <name>.text:IsBufferEmpty</name>
         <load_address>0x8aa4</load_address>
         <run_address>0x8aa4</run_address>
         <size>0xe</size>
         <input_file_ref idref="fl-d"/>
      </object_component>
      <object_component id="oc-15a">
         <name>.text:LEDTaskInit</name>
         <load_address>0x8ab2</load_address>
         <run_address>0x8ab2</run_address>
         <size>0xe</size>
         <input_file_ref idref="fl-5"/>
      </object_component>
      <object_component id="oc-16">
         <name>.text:decompress:none</name>
         <load_address>0x8ac0</load_address>
         <run_address>0x8ac0</run_address>
         <size>0xe</size>
         <input_file_ref idref="fl-144"/>
      </object_component>
      <object_component id="oc-166">
         <name>.text:AutoTaskInit</name>
         <load_address>0x8ace</load_address>
         <run_address>0x8ace</run_address>
         <size>0xc</size>
         <input_file_ref idref="fl-2"/>
      </object_component>
      <object_component id="oc-215">
         <name>.text:SchedulerElapsedTicksGet</name>
         <load_address>0x8adc</load_address>
         <run_address>0x8adc</run_address>
         <size>0xc</size>
         <input_file_ref idref="fl-c"/>
      </object_component>
      <object_component id="oc-323">
         <name>.text:SchedulerTickCountGet</name>
         <load_address>0x8ae8</load_address>
         <run_address>0x8ae8</run_address>
         <size>0xc</size>
         <input_file_ref idref="fl-c"/>
      </object_component>
      <object_component id="oc-382">
         <name>.text:SoundTaskPlay</name>
         <load_address>0x8af4</load_address>
         <run_address>0x8af4</run_address>
         <size>0xc</size>
         <input_file_ref idref="fl-9"/>
      </object_component>
      <object_component id="oc-3cd">
         <name>.text:DACClassDDis</name>
         <load_address>0x8b00</load_address>
         <run_address>0x8b00</run_address>
         <size>0x8</size>
         <input_file_ref idref="fl-f"/>
      </object_component>
      <object_component id="oc-3ef">
         <name>.text:DACClassDEn</name>
         <load_address>0x8b08</load_address>
         <run_address>0x8b08</run_address>
         <size>0x8</size>
         <input_file_ref idref="fl-f"/>
      </object_component>
      <object_component id="oc-407">
         <name>.text:PIDReset</name>
         <load_address>0x8b10</load_address>
         <run_address>0x8b10</run_address>
         <size>0x8</size>
         <input_file_ref idref="fl-6"/>
      </object_component>
      <object_component id="oc-cd">
         <name>.text:I2SIntClear</name>
         <load_address>0x8b18</load_address>
         <run_address>0x8b18</run_address>
         <size>0x6</size>
         <input_file_ref idref="fl-153"/>
      </object_component>
      <object_component id="oc-2c9">
         <name>.text:LEDTask</name>
         <load_address>0x8b1e</load_address>
         <run_address>0x8b1e</run_address>
         <size>0x6</size>
         <input_file_ref idref="fl-5"/>
      </object_component>
      <object_component id="oc-29">
         <name>.text:ResetISR</name>
         <load_address>0x8b24</load_address>
         <run_address>0x8b24</run_address>
         <size>0x6</size>
         <input_file_ref idref="fl-b"/>
      </object_component>
      <object_component id="oc-267">
         <name>.text:SysCtlDelay</name>
         <load_address>0x8b2a</load_address>
         <run_address>0x8b2a</run_address>
         <size>0x6</size>
         <input_file_ref idref="fl-151"/>
      </object_component>
      <object_component id="oc-22">
         <name>.text:decompress:rle24</name>
         <load_address>0x8b30</load_address>
         <run_address>0x8b30</run_address>
         <size>0x6</size>
         <input_file_ref idref="fl-145"/>
      </object_component>
      <object_component id="oc-29d">
         <name>.text:I2STxFIFOLimitSet</name>
         <load_address>0x8b36</load_address>
         <run_address>0x8b36</run_address>
         <size>0x4</size>
         <input_file_ref idref="fl-153"/>
      </object_component>
      <object_component id="oc-2b3">
         <name>.text:SchedulerElapsedTicksCalc</name>
         <load_address>0x8b3a</load_address>
         <run_address>0x8b3a</run_address>
         <size>0x4</size>
         <input_file_ref idref="fl-c"/>
      </object_component>
      <object_component id="oc-160">
         <name>.text:SoundTaskInit</name>
         <load_address>0x8b3e</load_address>
         <run_address>0x8b3e</run_address>
         <size>0x4</size>
         <input_file_ref idref="fl-9"/>
      </object_component>
      <object_component id="oc-389">
         <name>.const:.string:g_pcBumpSound</name>
         <load_address>0x11c</load_address>
         <run_address>0x11c</run_address>
         <size>0x5958</size>
         <input_file_ref idref="fl-a"/>
      </object_component>
      <object_component id="oc-42c">
         <name>.const:g_pucFont</name>
         <load_address>0x5a74</load_address>
         <run_address>0x5a74</run_address>
         <size>0x1db</size>
         <input_file_ref idref="fl-10"/>
      </object_component>
      <object_component id="oc-336">
         <name>.const:.string:g_pucTILogo</name>
         <load_address>0x5c4f</load_address>
         <run_address>0x5c4f</run_address>
         <size>0x164</size>
         <input_file_ref idref="fl-3"/>
      </object_component>
      <object_component id="oc-2e4">
         <name>.const:g_pulGPIOBaseAddrs</name>
         <load_address>0x5db4</load_address>
         <run_address>0x5db4</run_address>
         <size>0x78</size>
         <input_file_ref idref="fl-154"/>
      </object_component>
      <object_component id="oc-23e">
         <name>.const:g_pulXtals</name>
         <load_address>0x5e2c</load_address>
         <run_address>0x5e2c</run_address>
         <size>0x6c</size>
         <input_file_ref idref="fl-151"/>
      </object_component>
      <object_component id="oc-280">
         <name>.const:.string:g_pucRITInit</name>
         <load_address>0x5e98</load_address>
         <run_address>0x5e98</run_address>
         <size>0x2f</size>
         <input_file_ref idref="fl-10"/>
      </object_component>
      <object_component id="oc-113">
         <name>.const</name>
         <load_address>0x5ec8</load_address>
         <run_address>0x5ec8</run_address>
         <size>0x28</size>
         <input_file_ref idref="fl-d"/>
      </object_component>
      <object_component id="oc-189">
         <name>.const:.string</name>
         <load_address>0x5ef0</load_address>
         <run_address>0x5ef0</run_address>
         <size>0x12</size>
         <input_file_ref idref="fl-d"/>
      </object_component>
      <object_component id="oc-39e">
         <name>.const:.string</name>
         <load_address>0x5f02</load_address>
         <run_address>0x5f02</run_address>
         <size>0xc</size>
         <input_file_ref idref="fl-10"/>
      </object_component>
      <object_component id="oc-489">
         <name>.cinit..data.load</name>
         <load_address>0x8b48</load_address>
         <run_address>0x8b48</run_address>
         <size>0x5a</size>
      </object_component>
      <object_component id="oc-487">
         <name>__TI_handler_table</name>
         <load_address>0x8ba4</load_address>
         <run_address>0x8ba4</run_address>
         <size>0xc</size>
      </object_component>
      <object_component id="oc-48a">
         <name>.cinit..bss.load</name>
         <load_address>0x8bb0</load_address>
         <run_address>0x8bb0</run_address>
         <size>0x8</size>
      </object_component>
      <object_component id="oc-488">
         <name>__TI_cinit_table</name>
         <load_address>0x8bb8</load_address>
         <run_address>0x8bb8</run_address>
         <size>0x10</size>
      </object_component>
      <object_component id="oc-6d">
         <name>.data</name>
         <load_address>0x20001f10</load_address>
         <run_address>0x20001f10</run_address>
         <size>0x4</size>
         <input_file_ref idref="fl-149"/>
      </object_component>
      <object_component id="oc-ba">
         <name>.data</name>
         <load_address>0x20001ec0</load_address>
         <run_address>0x20001ec0</run_address>
         <size>0x15</size>
         <input_file_ref idref="fl-d"/>
      </object_component>
      <object_component id="oc-e7">
         <name>.data</name>
         <load_address>0x20001efc</load_address>
         <run_address>0x20001efc</run_address>
         <size>0x8</size>
         <input_file_ref idref="fl-14c"/>
      </object_component>
      <object_component id="oc-ea">
         <name>.data</name>
         <load_address>0x20001f04</load_address>
         <run_address>0x20001f04</run_address>
         <size>0x8</size>
         <input_file_ref idref="fl-147"/>
      </object_component>
      <object_component id="oc-21b">
         <name>.data</name>
         <load_address>0x20001f0c</load_address>
         <run_address>0x20001f0c</run_address>
         <size>0x4</size>
         <input_file_ref idref="fl-7"/>
      </object_component>
      <object_component id="oc-21e">
         <name>.data:g_psSchedulerTable</name>
         <load_address>0x20001e5c</load_address>
         <run_address>0x20001e5c</run_address>
         <size>0x64</size>
         <input_file_ref idref="fl-7"/>
      </object_component>
      <object_component id="oc-335">
         <name>.data</name>
         <load_address>0x20001ed8</load_address>
         <run_address>0x20001ed8</run_address>
         <size>0x10</size>
         <input_file_ref idref="fl-3"/>
      </object_component>
      <object_component id="oc-353">
         <name>.data</name>
         <load_address>0x20001f14</load_address>
         <run_address>0x20001f14</run_address>
         <size>0x4</size>
         <input_file_ref idref="fl-9"/>
      </object_component>
      <object_component id="oc-388">
         <name>.data</name>
         <load_address>0x20001ee8</load_address>
         <run_address>0x20001ee8</run_address>
         <size>0xc</size>
         <input_file_ref idref="fl-2"/>
      </object_component>
      <object_component id="oc-3f7">
         <name>.data</name>
         <load_address>0x20001ef4</load_address>
         <run_address>0x20001ef4</run_address>
         <size>0x8</size>
         <input_file_ref idref="fl-8"/>
      </object_component>
      <object_component id="oc-c0">
         <name>.bss:g_pcUARTRxBuffer</name>
         <uninitialized>true</uninitialized>
         <run_address>0x200018c0</run_address>
         <size>0x80</size>
         <input_file_ref idref="fl-d"/>
      </object_component>
      <object_component id="oc-116">
         <name>.bss:g_pcUARTTxBuffer</name>
         <uninitialized>true</uninitialized>
         <run_address>0x20001000</run_address>
         <size>0x400</size>
         <input_file_ref idref="fl-d"/>
      </object_component>
      <object_component id="oc-1df">
         <name>.bss:g_sMotorDrives</name>
         <uninitialized>true</uninitialized>
         <run_address>0x20001940</run_address>
         <size>0x60</size>
         <input_file_ref idref="fl-4"/>
      </object_component>
      <object_component id="oc-2a6">
         <name>.bss:sDMAControlTable</name>
         <uninitialized>true</uninitialized>
         <run_address>0x20001400</run_address>
         <size>0x400</size>
         <input_file_ref idref="fl-7"/>
      </object_component>
      <object_component id="oc-3b2">
         <name>.bss:g_pucFrame</name>
         <uninitialized>true</uninitialized>
         <run_address>0x20001800</run_address>
         <size>0xc0</size>
         <input_file_ref idref="fl-3"/>
      </object_component>
      <object_component id="oc-3d9">
         <name>.bss:g_pucBuffer</name>
         <uninitialized>true</uninitialized>
         <run_address>0x20000000</run_address>
         <size>0x1000</size>
         <input_file_ref idref="fl-15"/>
      </object_component>
      <object_component id="oc-410">
         <name>.bss:g_pulRandomEntropy</name>
         <uninitialized>true</uninitialized>
         <run_address>0x200019a0</run_address>
         <size>0x40</size>
         <input_file_ref idref="fl-8"/>
      </object_component>
      <object_component id="oc-3b5">
         <name>.common:ulWidth$2</name>
         <uninitialized>true</uninitialized>
         <run_address>0x20001a50</run_address>
         <size>0x4</size>
      </object_component>
      <object_component id="oc-263">
         <name>.common:g_ulWheelTimerTickConstant</name>
         <uninitialized>true</uninitialized>
         <run_address>0x20001a40</run_address>
         <size>0x4</size>
      </object_component>
      <object_component id="oc-261">
         <name>.common:g_ulMinRPMTicks</name>
         <uninitialized>true</uninitialized>
         <run_address>0x20001a2c</run_address>
         <size>0x4</size>
      </object_component>
      <object_component id="oc-262">
         <name>.common:g_ulMaxRPMTicks</name>
         <uninitialized>true</uninitialized>
         <run_address>0x20001a28</run_address>
         <size>0x4</size>
      </object_component>
      <object_component id="oc-355">
         <name>.common:pucNowPlaying</name>
         <uninitialized>true</uninitialized>
         <run_address>0x20001a4c</run_address>
         <size>0x4</size>
      </object_component>
      <object_component id="oc-41d">
         <name>.common:pucNextPlaying</name>
         <uninitialized>true</uninitialized>
         <run_address>0x20001a48</run_address>
         <size>0x4</size>
      </object_component>
      <object_component id="oc-354">
         <name>.common:sSoundEffectHeader</name>
         <uninitialized>true</uninitialized>
         <run_address>0x200019f8</run_address>
         <size>0x14</size>
      </object_component>
      <object_component id="oc-3aa">
         <name>.common:g_ulSchedulerTickCount</name>
         <uninitialized>true</uninitialized>
         <run_address>0x20001a3c</run_address>
         <size>0x4</size>
      </object_component>
      <object_component id="oc-bd">
         <name>.common:g_bDisableEcho</name>
         <uninitialized>true</uninitialized>
         <run_address>0x20001a5a</run_address>
         <size>0x1</size>
      </object_component>
      <object_component id="oc-23b">
         <name>.common:g_ulPortNum</name>
         <uninitialized>true</uninitialized>
         <run_address>0x20001a34</run_address>
         <size>0x4</size>
      </object_component>
      <object_component id="oc-24a">
         <name>.common:g_pfnWheelCallback</name>
         <uninitialized>true</uninitialized>
         <run_address>0x20001a0c</run_address>
         <size>0x4</size>
      </object_component>
      <object_component id="oc-43e">
         <name>.common:g_ulDMAFlags</name>
         <uninitialized>true</uninitialized>
         <run_address>0x20001a1c</run_address>
         <size>0x4</size>
      </object_component>
      <object_component id="oc-43b">
         <name>.common:g_sOutBuffers</name>
         <uninitialized>true</uninitialized>
         <run_address>0x200019e0</run_address>
         <size>0x18</size>
      </object_component>
      <object_component id="oc-43a">
         <name>.common:g_ulPlaying</name>
         <uninitialized>true</uninitialized>
         <run_address>0x20001a30</run_address>
         <size>0x4</size>
      </object_component>
      <object_component id="oc-456">
         <name>.common:g_ulSampleRate</name>
         <uninitialized>true</uninitialized>
         <run_address>0x20001a38</run_address>
         <size>0x4</size>
      </object_component>
      <object_component id="oc-454">
         <name>.common:g_usChannels</name>
         <uninitialized>true</uninitialized>
         <run_address>0x20001a54</run_address>
         <size>0x2</size>
      </object_component>
      <object_component id="oc-455">
         <name>.common:g_usBitsPerSample</name>
         <uninitialized>true</uninitialized>
         <run_address>0x20001a44</run_address>
         <size>0x4</size>
      </object_component>
      <object_component id="oc-438">
         <name>.common:g_pucDataPtr</name>
         <uninitialized>true</uninitialized>
         <run_address>0x20001a10</run_address>
         <size>0x4</size>
      </object_component>
      <object_component id="oc-437">
         <name>.common:g_ulMaxBufferSize</name>
         <uninitialized>true</uninitialized>
         <run_address>0x20001a24</run_address>
         <size>0x4</size>
      </object_component>
      <object_component id="oc-441">
         <name>.common:g_ulFlags</name>
         <uninitialized>true</uninitialized>
         <run_address>0x20001a20</run_address>
         <size>0x4</size>
      </object_component>
      <object_component id="oc-442">
         <name>.common:g_ulBytesPlayed</name>
         <uninitialized>true</uninitialized>
         <run_address>0x20001a14</run_address>
         <size>0x4</size>
      </object_component>
      <object_component id="oc-436">
         <name>.common:g_ulBytesRemaining</name>
         <uninitialized>true</uninitialized>
         <run_address>0x20001a18</run_address>
         <size>0x4</size>
      </object_component>
      <object_component id="oc-3e9">
         <name>.common:g_usMinutes</name>
         <uninitialized>true</uninitialized>
         <run_address>0x20001a56</run_address>
         <size>0x2</size>
      </object_component>
      <object_component id="oc-3ea">
         <name>.common:g_usSeconds</name>
         <uninitialized>true</uninitialized>
         <run_address>0x20001a58</run_address>
         <size>0x2</size>
      </object_component>
      <object_component id="oc-28">
         <name>.stack</name>
         <uninitialized>true</uninitialized>
         <run_address>0x20001a5c</run_address>
         <size>0x0</size>
         <input_file_ref idref="fl-143"/>
      </object_component>
      <object_component id="oc-48b">
         <name>.stack</name>
         <uninitialized>true</uninitialized>
         <run_address>0x20001a5c</run_address>
         <size>0x0</size>
      </object_component>
      <object_component id="oc-f">
         <name>.debug_info</name>
         <load_address>0x0</load_address>
         <run_address>0x0</run_address>
         <size>0xd6</size>
         <input_file_ref idref="fl-b"/>
      </object_component>
      <object_component id="oc-14">
         <name>.debug_info</name>
         <load_address>0xd6</load_address>
         <run_address>0xd6</run_address>
         <size>0xf3</size>
         <input_file_ref idref="fl-143"/>
      </object_component>
      <object_component id="oc-18">
         <name>.debug_info</name>
         <load_address>0x1c9</load_address>
         <run_address>0x1c9</run_address>
         <size>0x194</size>
         <input_file_ref idref="fl-144"/>
      </object_component>
      <object_component id="oc-1d">
         <name>.debug_info</name>
         <load_address>0x35d</load_address>
         <run_address>0x35d</run_address>
         <size>0x16a</size>
         <input_file_ref idref="fl-146"/>
      </object_component>
      <object_component id="oc-23">
         <name>.debug_info</name>
         <load_address>0x4c7</load_address>
         <run_address>0x4c7</run_address>
         <size>0x18e</size>
         <input_file_ref idref="fl-145"/>
      </object_component>
      <object_component id="oc-2a">
         <name>.debug_info</name>
         <load_address>0x655</load_address>
         <run_address>0x655</run_address>
         <size>0x106</size>
         <input_file_ref idref="fl-b"/>
      </object_component>
      <object_component id="oc-30">
         <name>.debug_info</name>
         <load_address>0x75b</load_address>
         <run_address>0x75b</run_address>
         <size>0xf4</size>
         <input_file_ref idref="fl-b"/>
      </object_component>
      <object_component id="oc-36">
         <name>.debug_info</name>
         <load_address>0x84f</load_address>
         <run_address>0x84f</run_address>
         <size>0xfa</size>
         <input_file_ref idref="fl-b"/>
      </object_component>
      <object_component id="oc-3c">
         <name>.debug_info</name>
         <load_address>0x949</load_address>
         <run_address>0x949</run_address>
         <size>0x10c</size>
         <input_file_ref idref="fl-b"/>
      </object_component>
      <object_component id="oc-42">
         <name>.debug_info</name>
         <load_address>0xa55</load_address>
         <run_address>0xa55</run_address>
         <size>0x1a8</size>
         <input_file_ref idref="fl-c"/>
      </object_component>
      <object_component id="oc-48">
         <name>.debug_info</name>
         <load_address>0xbfd</load_address>
         <run_address>0xbfd</run_address>
         <size>0x241</size>
         <input_file_ref idref="fl-13"/>
      </object_component>
      <object_component id="oc-4e">
         <name>.debug_info</name>
         <load_address>0xe3e</load_address>
         <run_address>0xe3e</run_address>
         <size>0x2c1</size>
         <input_file_ref idref="fl-d"/>
      </object_component>
      <object_component id="oc-54">
         <name>.debug_info</name>
         <load_address>0x10ff</load_address>
         <run_address>0x10ff</run_address>
         <size>0x24b</size>
         <input_file_ref idref="fl-14"/>
      </object_component>
      <object_component id="oc-5b">
         <name>.debug_info</name>
         <load_address>0x134a</load_address>
         <run_address>0x134a</run_address>
         <size>0x1b3</size>
         <input_file_ref idref="fl-b"/>
      </object_component>
      <object_component id="oc-5d">
         <name>.debug_info</name>
         <load_address>0x14fd</load_address>
         <run_address>0x14fd</run_address>
         <size>0x13d</size>
         <input_file_ref idref="fl-14e"/>
      </object_component>
      <object_component id="oc-62">
         <name>.debug_info</name>
         <load_address>0x163a</load_address>
         <run_address>0x163a</run_address>
         <size>0x11c</size>
         <input_file_ref idref="fl-14d"/>
      </object_component>
      <object_component id="oc-6b">
         <name>.debug_info</name>
         <load_address>0x1756</load_address>
         <run_address>0x1756</run_address>
         <size>0x1c2</size>
         <input_file_ref idref="fl-147"/>
      </object_component>
      <object_component id="oc-6e">
         <name>.debug_info</name>
         <load_address>0x1918</load_address>
         <run_address>0x1918</run_address>
         <size>0xbe</size>
         <input_file_ref idref="fl-149"/>
      </object_component>
      <object_component id="oc-73">
         <name>.debug_info</name>
         <load_address>0x19d6</load_address>
         <run_address>0x19d6</run_address>
         <size>0xcc</size>
         <input_file_ref idref="fl-148"/>
      </object_component>
      <object_component id="oc-77">
         <name>.debug_info</name>
         <load_address>0x1aa2</load_address>
         <run_address>0x1aa2</run_address>
         <size>0x46</size>
         <input_file_ref idref="fl-144"/>
      </object_component>
      <object_component id="oc-7c">
         <name>.debug_info</name>
         <load_address>0x1ae8</load_address>
         <run_address>0x1ae8</run_address>
         <size>0xf2</size>
         <input_file_ref idref="fl-144"/>
      </object_component>
      <object_component id="oc-7e">
         <name>.debug_info</name>
         <load_address>0x1bda</load_address>
         <run_address>0x1bda</run_address>
         <size>0x46</size>
         <input_file_ref idref="fl-146"/>
      </object_component>
      <object_component id="oc-83">
         <name>.debug_info</name>
         <load_address>0x1c20</load_address>
         <run_address>0x1c20</run_address>
         <size>0xad</size>
         <input_file_ref idref="fl-146"/>
      </object_component>
      <object_component id="oc-85">
         <name>.debug_info</name>
         <load_address>0x1ccd</load_address>
         <run_address>0x1ccd</run_address>
         <size>0x1ef</size>
         <input_file_ref idref="fl-145"/>
      </object_component>
      <object_component id="oc-8b">
         <name>.debug_info</name>
         <load_address>0x1ebc</load_address>
         <run_address>0x1ebc</run_address>
         <size>0xb7</size>
         <input_file_ref idref="fl-145"/>
      </object_component>
      <object_component id="oc-8c">
         <name>.debug_info</name>
         <load_address>0x1f73</load_address>
         <run_address>0x1f73</run_address>
         <size>0x39</size>
         <input_file_ref idref="fl-145"/>
      </object_component>
      <object_component id="oc-96">
         <name>.debug_info</name>
         <load_address>0x1fac</load_address>
         <run_address>0x1fac</run_address>
         <size>0x257</size>
         <input_file_ref idref="fl-c"/>
      </object_component>
      <object_component id="oc-9a">
         <name>.debug_info</name>
         <load_address>0x2203</load_address>
         <run_address>0x2203</run_address>
         <size>0x14e</size>
         <input_file_ref idref="fl-13"/>
      </object_component>
      <object_component id="oc-9d">
         <name>.debug_info</name>
         <load_address>0x2351</load_address>
         <run_address>0x2351</run_address>
         <size>0x84</size>
         <input_file_ref idref="fl-2"/>
      </object_component>
      <object_component id="oc-a3">
         <name>.debug_info</name>
         <load_address>0x23d5</load_address>
         <run_address>0x23d5</run_address>
         <size>0x206</size>
         <input_file_ref idref="fl-d"/>
      </object_component>
      <object_component id="oc-a9">
         <name>.debug_info</name>
         <load_address>0x25db</load_address>
         <run_address>0x25db</run_address>
         <size>0x21d</size>
         <input_file_ref idref="fl-d"/>
      </object_component>
      <object_component id="oc-af">
         <name>.debug_info</name>
         <load_address>0x27f8</load_address>
         <run_address>0x27f8</run_address>
         <size>0x243</size>
         <input_file_ref idref="fl-d"/>
      </object_component>
      <object_component id="oc-b5">
         <name>.debug_info</name>
         <load_address>0x2a3b</load_address>
         <run_address>0x2a3b</run_address>
         <size>0x245</size>
         <input_file_ref idref="fl-d"/>
      </object_component>
      <object_component id="oc-bb">
         <name>.debug_info</name>
         <load_address>0x2c80</load_address>
         <run_address>0x2c80</run_address>
         <size>0x1d3</size>
         <input_file_ref idref="fl-d"/>
      </object_component>
      <object_component id="oc-be">
         <name>.debug_info</name>
         <load_address>0x2e53</load_address>
         <run_address>0x2e53</run_address>
         <size>0x1a3</size>
         <input_file_ref idref="fl-d"/>
      </object_component>
      <object_component id="oc-c1">
         <name>.debug_info</name>
         <load_address>0x2ff6</load_address>
         <run_address>0x2ff6</run_address>
         <size>0x107</size>
         <input_file_ref idref="fl-d"/>
      </object_component>
      <object_component id="oc-c4">
         <name>.debug_info</name>
         <load_address>0x30fd</load_address>
         <run_address>0x30fd</run_address>
         <size>0x2c</size>
         <input_file_ref idref="fl-2"/>
      </object_component>
      <object_component id="oc-ca">
         <name>.debug_info</name>
         <load_address>0x3129</load_address>
         <run_address>0x3129</run_address>
         <size>0x1e7</size>
         <input_file_ref idref="fl-153"/>
      </object_component>
      <object_component id="oc-ce">
         <name>.debug_info</name>
         <load_address>0x3310</load_address>
         <run_address>0x3310</run_address>
         <size>0x1ed</size>
         <input_file_ref idref="fl-153"/>
      </object_component>
      <object_component id="oc-d2">
         <name>.debug_info</name>
         <load_address>0x34fd</load_address>
         <run_address>0x34fd</run_address>
         <size>0x4d9</size>
         <input_file_ref idref="fl-14"/>
      </object_component>
      <object_component id="oc-dc">
         <name>.debug_info</name>
         <load_address>0x39d6</load_address>
         <run_address>0x39d6</run_address>
         <size>0x14b</size>
         <input_file_ref idref="fl-14f"/>
      </object_component>
      <object_component id="oc-e0">
         <name>.debug_info</name>
         <load_address>0x3b21</load_address>
         <run_address>0x3b21</run_address>
         <size>0x1c9</size>
         <input_file_ref idref="fl-7"/>
      </object_component>
      <object_component id="oc-e6">
         <name>.debug_info</name>
         <load_address>0x3cea</load_address>
         <run_address>0x3cea</run_address>
         <size>0x11b</size>
         <input_file_ref idref="fl-14d"/>
      </object_component>
      <object_component id="oc-e8">
         <name>.debug_info</name>
         <load_address>0x3e05</load_address>
         <run_address>0x3e05</run_address>
         <size>0xc8</size>
         <input_file_ref idref="fl-14c"/>
      </object_component>
      <object_component id="oc-eb">
         <name>.debug_info</name>
         <load_address>0x3ecd</load_address>
         <run_address>0x3ecd</run_address>
         <size>0xeb</size>
         <input_file_ref idref="fl-147"/>
      </object_component>
      <object_component id="oc-ee">
         <name>.debug_info</name>
         <load_address>0x3fb8</load_address>
         <run_address>0x3fb8</run_address>
         <size>0x146</size>
         <input_file_ref idref="fl-147"/>
      </object_component>
      <object_component id="oc-f3">
         <name>.debug_info</name>
         <load_address>0x40fe</load_address>
         <run_address>0x40fe</run_address>
         <size>0x2c</size>
         <input_file_ref idref="fl-144"/>
      </object_component>
      <object_component id="oc-fa">
         <name>.debug_info</name>
         <load_address>0x412a</load_address>
         <run_address>0x412a</run_address>
         <size>0x2c</size>
         <input_file_ref idref="fl-e"/>
      </object_component>
      <object_component id="oc-106">
         <name>.debug_info</name>
         <load_address>0x4156</load_address>
         <run_address>0x4156</run_address>
         <size>0xa7</size>
         <input_file_ref idref="fl-2"/>
      </object_component>
      <object_component id="oc-10d">
         <name>.debug_info</name>
         <load_address>0x41fd</load_address>
         <run_address>0x41fd</run_address>
         <size>0x71</size>
         <input_file_ref idref="fl-2"/>
      </object_component>
      <object_component id="oc-114">
         <name>.debug_info</name>
         <load_address>0x426e</load_address>
         <run_address>0x426e</run_address>
         <size>0x16f</size>
         <input_file_ref idref="fl-d"/>
      </object_component>
      <object_component id="oc-117">
         <name>.debug_info</name>
         <load_address>0x43dd</load_address>
         <run_address>0x43dd</run_address>
         <size>0x107</size>
         <input_file_ref idref="fl-d"/>
      </object_component>
      <object_component id="oc-124">
         <name>.debug_info</name>
         <load_address>0x44e4</load_address>
         <run_address>0x44e4</run_address>
         <size>0x84</size>
         <input_file_ref idref="fl-150"/>
      </object_component>
      <object_component id="oc-128">
         <name>.debug_info</name>
         <load_address>0x4568</load_address>
         <run_address>0x4568</run_address>
         <size>0x2c</size>
         <input_file_ref idref="fl-150"/>
      </object_component>
      <object_component id="oc-12c">
         <name>.debug_info</name>
         <load_address>0x4594</load_address>
         <run_address>0x4594</run_address>
         <size>0x45c</size>
         <input_file_ref idref="fl-153"/>
      </object_component>
      <object_component id="oc-130">
         <name>.debug_info</name>
         <load_address>0x49f0</load_address>
         <run_address>0x49f0</run_address>
         <size>0x86</size>
         <input_file_ref idref="fl-7"/>
      </object_component>
      <object_component id="oc-135">
         <name>.debug_info</name>
         <load_address>0x4a76</load_address>
         <run_address>0x4a76</run_address>
         <size>0x73</size>
         <input_file_ref idref="fl-14"/>
      </object_component>
      <object_component id="oc-13b">
         <name>.debug_info</name>
         <load_address>0x4ae9</load_address>
         <run_address>0x4ae9</run_address>
         <size>0x148</size>
         <input_file_ref idref="fl-14f"/>
      </object_component>
      <object_component id="oc-13d">
         <name>.debug_info</name>
         <load_address>0x4c31</load_address>
         <run_address>0x4c31</run_address>
         <size>0x1e4</size>
         <input_file_ref idref="fl-d"/>
      </object_component>
      <object_component id="oc-143">
         <name>.debug_info</name>
         <load_address>0x4e15</load_address>
         <run_address>0x4e15</run_address>
         <size>0x2cf</size>
         <input_file_ref idref="fl-d"/>
      </object_component>
      <object_component id="oc-149">
         <name>.debug_info</name>
         <load_address>0x50e4</load_address>
         <run_address>0x50e4</run_address>
         <size>0x237</size>
         <input_file_ref idref="fl-c"/>
      </object_component>
      <object_component id="oc-14f">
         <name>.debug_info</name>
         <load_address>0x531b</load_address>
         <run_address>0x531b</run_address>
         <size>0x1b5</size>
         <input_file_ref idref="fl-4"/>
      </object_component>
      <object_component id="oc-155">
         <name>.debug_info</name>
         <load_address>0x54d0</load_address>
         <run_address>0x54d0</run_address>
         <size>0x168</size>
         <input_file_ref idref="fl-3"/>
      </object_component>
      <object_component id="oc-15b">
         <name>.debug_info</name>
         <load_address>0x5638</load_address>
         <run_address>0x5638</run_address>
         <size>0x136</size>
         <input_file_ref idref="fl-5"/>
      </object_component>
      <object_component id="oc-161">
         <name>.debug_info</name>
         <load_address>0x576e</load_address>
         <run_address>0x576e</run_address>
         <size>0x12f</size>
         <input_file_ref idref="fl-9"/>
      </object_component>
      <object_component id="oc-167">
         <name>.debug_info</name>
         <load_address>0x589d</load_address>
         <run_address>0x589d</run_address>
         <size>0x14e</size>
         <input_file_ref idref="fl-2"/>
      </object_component>
      <object_component id="oc-16d">
         <name>.debug_info</name>
         <load_address>0x59eb</load_address>
         <run_address>0x59eb</run_address>
         <size>0x1c7</size>
         <input_file_ref idref="fl-c"/>
      </object_component>
      <object_component id="oc-175">
         <name>.debug_info</name>
         <load_address>0x5bb2</load_address>
         <run_address>0x5bb2</run_address>
         <size>0x5e</size>
         <input_file_ref idref="fl-14d"/>
      </object_component>
      <object_component id="oc-17d">
         <name>.debug_info</name>
         <load_address>0x5c10</load_address>
         <run_address>0x5c10</run_address>
         <size>0x1d4</size>
         <input_file_ref idref="fl-14c"/>
      </object_component>
      <object_component id="oc-182">
         <name>.debug_info</name>
         <load_address>0x5de4</load_address>
         <run_address>0x5de4</run_address>
         <size>0xd9</size>
         <input_file_ref idref="fl-14c"/>
      </object_component>
      <object_component id="oc-188">
         <name>.debug_info</name>
         <load_address>0x5ebd</load_address>
         <run_address>0x5ebd</run_address>
         <size>0x357</size>
         <input_file_ref idref="fl-2"/>
      </object_component>
      <object_component id="oc-190">
         <name>.debug_info</name>
         <load_address>0x6214</load_address>
         <run_address>0x6214</run_address>
         <size>0x2f6</size>
         <input_file_ref idref="fl-7"/>
      </object_component>
      <object_component id="oc-193">
         <name>.debug_info</name>
         <load_address>0x650a</load_address>
         <run_address>0x650a</run_address>
         <size>0xcd</size>
         <input_file_ref idref="fl-14f"/>
      </object_component>
      <object_component id="oc-199">
         <name>.debug_info</name>
         <load_address>0x65d7</load_address>
         <run_address>0x65d7</run_address>
         <size>0x28b</size>
         <input_file_ref idref="fl-d"/>
      </object_component>
      <object_component id="oc-1a0">
         <name>.debug_info</name>
         <load_address>0x6862</load_address>
         <run_address>0x6862</run_address>
         <size>0x137</size>
         <input_file_ref idref="fl-14b"/>
      </object_component>
      <object_component id="oc-1a6">
         <name>.debug_info</name>
         <load_address>0x6999</load_address>
         <run_address>0x6999</run_address>
         <size>0x1ea</size>
         <input_file_ref idref="fl-151"/>
      </object_component>
      <object_component id="oc-1ab">
         <name>.debug_info</name>
         <load_address>0x6b83</load_address>
         <run_address>0x6b83</run_address>
         <size>0x1ce</size>
         <input_file_ref idref="fl-150"/>
      </object_component>
      <object_component id="oc-1ae">
         <name>.debug_info</name>
         <load_address>0x6d51</load_address>
         <run_address>0x6d51</run_address>
         <size>0x196</size>
         <input_file_ref idref="fl-150"/>
      </object_component>
      <object_component id="oc-1b3">
         <name>.debug_info</name>
         <load_address>0x6ee7</load_address>
         <run_address>0x6ee7</run_address>
         <size>0x19c</size>
         <input_file_ref idref="fl-150"/>
      </object_component>
      <object_component id="oc-1b7">
         <name>.debug_info</name>
         <load_address>0x7083</load_address>
         <run_address>0x7083</run_address>
         <size>0x295</size>
         <input_file_ref idref="fl-12"/>
      </object_component>
      <object_component id="oc-1bd">
         <name>.debug_info</name>
         <load_address>0x7318</load_address>
         <run_address>0x7318</run_address>
         <size>0x26d</size>
         <input_file_ref idref="fl-13"/>
      </object_component>
      <object_component id="oc-1c3">
         <name>.debug_info</name>
         <load_address>0x7585</load_address>
         <run_address>0x7585</run_address>
         <size>0x1e8</size>
         <input_file_ref idref="fl-6"/>
      </object_component>
      <object_component id="oc-1c9">
         <name>.debug_info</name>
         <load_address>0x776d</load_address>
         <run_address>0x776d</run_address>
         <size>0x1d6</size>
         <input_file_ref idref="fl-13"/>
      </object_component>
      <object_component id="oc-1cf">
         <name>.debug_info</name>
         <load_address>0x7943</load_address>
         <run_address>0x7943</run_address>
         <size>0x214</size>
         <input_file_ref idref="fl-13"/>
      </object_component>
      <object_component id="oc-1d5">
         <name>.debug_info</name>
         <load_address>0x7b57</load_address>
         <run_address>0x7b57</run_address>
         <size>0x37b</size>
         <input_file_ref idref="fl-4"/>
      </object_component>
      <object_component id="oc-1da">
         <name>.debug_info</name>
         <load_address>0x7ed2</load_address>
         <run_address>0x7ed2</run_address>
         <size>0x18f</size>
         <input_file_ref idref="fl-4"/>
      </object_component>
      <object_component id="oc-1e0">
         <name>.debug_info</name>
         <load_address>0x8061</load_address>
         <run_address>0x8061</run_address>
         <size>0xd8</size>
         <input_file_ref idref="fl-4"/>
      </object_component>
      <object_component id="oc-1e4">
         <name>.debug_info</name>
         <load_address>0x8139</load_address>
         <run_address>0x8139</run_address>
         <size>0x368</size>
         <input_file_ref idref="fl-10"/>
      </object_component>
      <object_component id="oc-1ea">
         <name>.debug_info</name>
         <load_address>0x84a1</load_address>
         <run_address>0x84a1</run_address>
         <size>0x260</size>
         <input_file_ref idref="fl-10"/>
      </object_component>
      <object_component id="oc-1f0">
         <name>.debug_info</name>
         <load_address>0x8701</load_address>
         <run_address>0x8701</run_address>
         <size>0x2c0</size>
         <input_file_ref idref="fl-3"/>
      </object_component>
      <object_component id="oc-1f2">
         <name>.debug_info</name>
         <load_address>0x89c1</load_address>
         <run_address>0x89c1</run_address>
         <size>0x1c8</size>
         <input_file_ref idref="fl-11"/>
      </object_component>
      <object_component id="oc-1f8">
         <name>.debug_info</name>
         <load_address>0x8b89</load_address>
         <run_address>0x8b89</run_address>
         <size>0x1d3</size>
         <input_file_ref idref="fl-11"/>
      </object_component>
      <object_component id="oc-1fe">
         <name>.debug_info</name>
         <load_address>0x8d5c</load_address>
         <run_address>0x8d5c</run_address>
         <size>0x124</size>
         <input_file_ref idref="fl-5"/>
      </object_component>
      <object_component id="oc-200">
         <name>.debug_info</name>
         <load_address>0x8e80</load_address>
         <run_address>0x8e80</run_address>
         <size>0x304</size>
         <input_file_ref idref="fl-14"/>
      </object_component>
      <object_component id="oc-206">
         <name>.debug_info</name>
         <load_address>0x9184</load_address>
         <run_address>0x9184</run_address>
         <size>0x21a</size>
         <input_file_ref idref="fl-9"/>
      </object_component>
      <object_component id="oc-209">
         <name>.debug_info</name>
         <load_address>0x939e</load_address>
         <run_address>0x939e</run_address>
         <size>0x1ce</size>
         <input_file_ref idref="fl-11"/>
      </object_component>
      <object_component id="oc-20f">
         <name>.debug_info</name>
         <load_address>0x956c</load_address>
         <run_address>0x956c</run_address>
         <size>0x1dd</size>
         <input_file_ref idref="fl-13"/>
      </object_component>
      <object_component id="oc-216">
         <name>.debug_info</name>
         <load_address>0x9749</load_address>
         <run_address>0x9749</run_address>
         <size>0x204</size>
         <input_file_ref idref="fl-c"/>
      </object_component>
      <object_component id="oc-21c">
         <name>.debug_info</name>
         <load_address>0x994d</load_address>
         <run_address>0x994d</run_address>
         <size>0xea</size>
         <input_file_ref idref="fl-7"/>
      </object_component>
      <object_component id="oc-21f">
         <name>.debug_info</name>
         <load_address>0x9a37</load_address>
         <run_address>0x9a37</run_address>
         <size>0xe4</size>
         <input_file_ref idref="fl-7"/>
      </object_component>
      <object_component id="oc-228">
         <name>.debug_info</name>
         <load_address>0x9b1b</load_address>
         <run_address>0x9b1b</run_address>
         <size>0x7a</size>
         <input_file_ref idref="fl-2"/>
      </object_component>
      <object_component id="oc-230">
         <name>.debug_info</name>
         <load_address>0x9b95</load_address>
         <run_address>0x9b95</run_address>
         <size>0x1ae</size>
         <input_file_ref idref="fl-d"/>
      </object_component>
      <object_component id="oc-236">
         <name>.debug_info</name>
         <load_address>0x9d43</load_address>
         <run_address>0x9d43</run_address>
         <size>0x1fa</size>
         <input_file_ref idref="fl-d"/>
      </object_component>
      <object_component id="oc-23f">
         <name>.debug_info</name>
         <load_address>0x9f3d</load_address>
         <run_address>0x9f3d</run_address>
         <size>0x10e</size>
         <input_file_ref idref="fl-151"/>
      </object_component>
      <object_component id="oc-242">
         <name>.debug_info</name>
         <load_address>0xa04b</load_address>
         <run_address>0xa04b</run_address>
         <size>0x413</size>
         <input_file_ref idref="fl-150"/>
      </object_component>
      <object_component id="oc-246">
         <name>.debug_info</name>
         <load_address>0xa45e</load_address>
         <run_address>0xa45e</run_address>
         <size>0x1e9</size>
         <input_file_ref idref="fl-154"/>
      </object_component>
      <object_component id="oc-24d">
         <name>.debug_info</name>
         <load_address>0xa647</load_address>
         <run_address>0xa647</run_address>
         <size>0xbb</size>
         <input_file_ref idref="fl-6"/>
      </object_component>
      <object_component id="oc-252">
         <name>.debug_info</name>
         <load_address>0xa702</load_address>
         <run_address>0xa702</run_address>
         <size>0xc2</size>
         <input_file_ref idref="fl-4"/>
      </object_component>
      <object_component id="oc-257">
         <name>.debug_info</name>
         <load_address>0xa7c4</load_address>
         <run_address>0xa7c4</run_address>
         <size>0xd0</size>
         <input_file_ref idref="fl-4"/>
      </object_component>
      <object_component id="oc-25c">
         <name>.debug_info</name>
         <load_address>0xa894</load_address>
         <run_address>0xa894</run_address>
         <size>0x71</size>
         <input_file_ref idref="fl-2"/>
      </object_component>
      <object_component id="oc-269">
         <name>.debug_info</name>
         <load_address>0xa905</load_address>
         <run_address>0xa905</run_address>
         <size>0x230</size>
[...]
      </symbol>
      <symbol id="sm-2">
         <name>__TI_CINIT_Base</name>
         <value>0x8bb8</value>
      </symbol>
      <symbol id="sm-3">
         <name>__TI_CINIT_Limit</name>
         <value>0x8bc8</value>
      </symbol>
      <symbol id="sm-4">
         <name>__TI_Handler_Table_Base</name>
         <value>0x8ba4</value>
      </symbol>
      <symbol id="sm-5">
         <name>__TI_Handler_Table_Limit</name>
         <value>0x8bb0</value>
      </symbol>
      <symbol id="sm-6">
         <name>binit</name>
         <value>0xffffffff</value>
      </symbol>
      <symbol id="sm-7">
         <name>__binit__</name>
         <value>0xffffffff</value>
      </symbol>
      <symbol id="sm-8">
         <name>__STACK_SIZE</name>
         <value>0x400</value>
      </symbol>
      <symbol id="sm-9">
         <name>__STACK_END</name>
         <value>0x20001e5c</value>
      </symbol>
      <symbol id="sm-a">
         <name>__c_args__</name>
         <value>0xffffffff</value>
      </symbol>
      <symbol id="sm-71">
         <name>AutoTaskInit</name>
         <value>0x8acf</value>
         <object_component_ref idref="oc-166"/>
      </symbol>
      <symbol id="sm-72">
         <name>AutoTask</name>
         <value>0x5f11</value>
         <object_component_ref idref="oc-2d5"/>
      </symbol>
      <symbol id="sm-c8">
         <name>DisplayTaskInit</name>
         <value>0x8a89</value>
         <object_component_ref idref="oc-154"/>
      </symbol>
      <symbol id="sm-c9">
         <name>DisplayTask</name>
         <value>0x78e9</value>
         <object_component_ref idref="oc-2c3"/>
      </symbol>
      <symbol id="sm-137">
         <name>DriveTask</name>
         <value>0x7f51</value>
         <object_component_ref idref="oc-2bd"/>
      </symbol>
      <symbol id="sm-138">
         <name>DriveInit</name>
         <value>0x72c1</value>
         <object_component_ref idref="oc-14e"/>
      </symbol>
      <symbol id="sm-139">
         <name>DriveRun</name>
         <value>0x7781</value>
         <object_component_ref idref="oc-35e"/>
      </symbol>
      <symbol id="sm-13a">
         <name>DriveStop</name>
         <value>0x8681</value>
         <object_component_ref idref="oc-37c"/>
      </symbol>
      <symbol id="sm-14f">
         <name>LEDTaskInit</name>
         <value>0x8ab3</value>
         <object_component_ref idref="oc-15a"/>
      </symbol>
      <symbol id="sm-150">
         <name>LEDTask</name>
         <value>0x8b1f</value>
         <object_component_ref idref="oc-2c9"/>
      </symbol>
      <symbol id="sm-178">
         <name>PIDUpdate</name>
         <value>0x7add</value>
         <object_component_ref idref="oc-316"/>
      </symbol>
      <symbol id="sm-179">
         <name>PIDReset</name>
         <value>0x8b11</value>
         <object_component_ref idref="oc-407"/>
      </symbol>
      <symbol id="sm-17a">
         <name>PIDInitialize</name>
         <value>0x896b</value>
         <object_component_ref idref="oc-1c2"/>
      </symbol>
      <symbol id="sm-1a4">
         <name>g_psSchedulerTable</name>
         <value>0x20001e5c</value>
         <object_component_ref idref="oc-21e"/>
      </symbol>
      <symbol id="sm-1a5">
         <name>main</name>
         <value>0x7e5d</value>
         <object_component_ref idref="oc-df"/>
      </symbol>
      <symbol id="sm-1a6">
         <name>g_ulSchedulerNumTasks</name>
         <value>0x20001f0c</value>
         <object_component_ref idref="oc-21b"/>
      </symbol>
      <symbol id="sm-1a7">
         <name>sDMAControlTable</name>
         <value>0x20001400</value>
         <object_component_ref idref="oc-2a6"/>
      </symbol>
      <symbol id="sm-1ec">
         <name>RandomNumber</name>
         <value>0x8901</value>
         <object_component_ref idref="oc-358"/>
      </symbol>
      <symbol id="sm-1ed">
         <name>RandomAddEntropy</name>
         <value>0x88e5</value>
         <object_component_ref idref="oc-370"/>
      </symbol>
      <symbol id="sm-1ee">
         <name>RandomSeed</name>
         <value>0x6159</value>
         <object_component_ref idref="oc-376"/>
      </symbol>
      <symbol id="sm-221">
         <name>pucNowPlaying</name>
         <value>0x20001a4c</value>
      </symbol>
      <symbol id="sm-222">
         <name>pucNextPlaying</name>
         <value>0x20001a48</value>
      </symbol>
      <symbol id="sm-223">
         <name>sSoundEffectHeader</name>
         <value>0x200019f8</value>
      </symbol>
      <symbol id="sm-224">
         <name>SoundTaskInit</name>
         <value>0x8b3f</value>
         <object_component_ref idref="oc-160"/>
      </symbol>
      <symbol id="sm-225">
         <name>SoundTask</name>
         <value>0x81c1</value>
         <object_component_ref idref="oc-2cf"/>
      </symbol>
      <symbol id="sm-226">
         <name>SoundTaskPlay</name>
         <value>0x8af5</value>
         <object_component_ref idref="oc-382"/>
      </symbol>
      <symbol id="sm-231">
         <name>g_pcBumpSound</name>
         <value>0x11c</value>
         <object_component_ref idref="oc-389"/>
      </symbol>
      <symbol id="sm-262">
         <name>ResetISR</name>
         <value>0x8b25</value>
         <object_component_ref idref="oc-29"/>
      </symbol>
      <symbol id="sm-263">
         <name>g_pfnVectors</name>
         <value>0x0</value>
         <object_component_ref idref="oc-e"/>
      </symbol>
      <symbol id="sm-2a7">
         <name>SchedulerTickCountGet</name>
         <value>0x8ae9</value>
         <object_component_ref idref="oc-323"/>
      </symbol>
      <symbol id="sm-2a8">
         <name>SchedulerInit</name>
         <value>0x8939</value>
         <object_component_ref idref="oc-148"/>
      </symbol>
      <symbol id="sm-2a9">
         <name>SchedulerElapsedTicksGet</name>
         <value>0x8add</value>
         <object_component_ref idref="oc-215"/>
      </symbol>
      <symbol id="sm-2aa">
         <name>SchedulerSysTickIntHandler</name>
         <value>0x8a69</value>
         <object_component_ref idref="oc-41"/>
      </symbol>
      <symbol id="sm-2ab">
         <name>SchedulerRun</name>
         <value>0x8351</value>
         <object_component_ref idref="oc-16c"/>
      </symbol>
      <symbol id="sm-2ac">
         <name>SchedulerElapsedTicksCalc</name>
         <value>0x8b3b</value>
         <object_component_ref idref="oc-2b3"/>
      </symbol>
      <symbol id="sm-397">
         <name>UARTFlushRx</name>
         <value>0x8859</value>
         <object_component_ref idref="oc-22f"/>
      </symbol>
      <symbol id="sm-398">
         <name>UARTFlushTx</name>
         <value>0x8561</value>
         <object_component_ref idref="oc-235"/>
      </symbol>
      <symbol id="sm-399">
         <name>UARTStdioConfig</name>
         <value>0x7839</value>
         <object_component_ref idref="oc-198"/>
      </symbol>
      <symbol id="sm-39a">
         <name>UARTStdioInit</name>
         <value>0x88a9</value>
         <object_component_ref idref="oc-13c"/>
      </symbol>
      <symbol id="sm-39b">
         <name>UARTStdioIntHandler</name>
         <value>0x6b6d</value>
         <object_component_ref idref="oc-4d"/>
      </symbol>
      <symbol id="sm-39c">
         <name>UARTwrite</name>
         <value>0x7991</value>
         <object_component_ref idref="oc-ae"/>
      </symbol>
      <symbol id="sm-39d">
         <name>UARTprintf</name>
         <value>0x6381</value>
         <object_component_ref idref="oc-142"/>
      </symbol>
      <symbol id="sm-3eb">
         <name>DACClassDDis</name>
         <value>0x8b01</value>
         <object_component_ref idref="oc-3cd"/>
      </symbol>
      <symbol id="sm-3ec">
         <name>DACClassDEn</name>
         <value>0x8b09</value>
         <object_component_ref idref="oc-3ef"/>
      </symbol>
      <symbol id="sm-3ed">
         <name>DACInit</name>
         <value>0x6a0d</value>
         <object_component_ref idref="oc-297"/>
      </symbol>
      <symbol id="sm-491">
         <name>Display96x16x1Init</name>
         <value>0x6cc9</value>
         <object_component_ref idref="oc-1e3"/>
      </symbol>
      <symbol id="sm-492">
         <name>Display96x16x1ImageDraw</name>
         <value>0x7edd</value>
         <object_component_ref idref="oc-3ac"/>
      </symbol>
      <symbol id="sm-493">
         <name>Display96x16x1StringDraw</name>
         <value>0x8a49</value>
         <object_component_ref idref="oc-32f"/>
      </symbol>
      <symbol id="sm-494">
         <name>Display96x16x1Clear</name>
         <value>0x8a39</value>
         <object_component_ref idref="oc-27a"/>
      </symbol>
      <symbol id="sm-495">
         <name>Display96x16x1StringDrawLen</name>
         <value>0x7a39</value>
         <object_component_ref idref="oc-3b7"/>
      </symbol>
      <symbol id="sm-496">
         <name>Display96x16x1ClearLine</name>
         <value>0x8729</value>
         <object_component_ref idref="oc-2ed"/>
      </symbol>
      <symbol id="sm-497">
         <name>Display96x16x1DisplayOn</name>
         <value>0x875d</value>
         <object_component_ref idref="oc-1e9"/>
      </symbol>
      <symbol id="sm-4ed">
         <name>PushButtonsInit</name>
         <value>0x86f1</value>
         <object_component_ref idref="oc-208"/>
      </symbol>
      <symbol id="sm-4ee">
         <name>LED_Off</name>
         <value>0x84a1</value>
         <object_component_ref idref="oc-288"/>
      </symbol>
      <symbol id="sm-4ef">
         <name>LEDsInit</name>
         <value>0x87f9</value>
         <object_component_ref idref="oc-1f1"/>
      </symbol>
      <symbol id="sm-4f0">
         <name>LED_Toggle</name>
         <value>0x8035</value>
         <object_component_ref idref="oc-33a"/>
      </symbol>
      <symbol id="sm-4f1">
         <name>PushButtonGetStatus</name>
         <value>0x8521</value>
         <object_component_ref idref="oc-36a"/>
      </symbol>
      <symbol id="sm-4f2">
         <name>LED_On</name>
         <value>0x84e1</value>
         <object_component_ref idref="oc-1f7"/>
      </symbol>
      <symbol id="sm-537">
         <name>MotorRun</name>
         <value>0x8885</value>
         <object_component_ref idref="oc-401"/>
      </symbol>
      <symbol id="sm-538">
         <name>MotorStop</name>
         <value>0x8791</value>
         <object_component_ref idref="oc-416"/>
      </symbol>
      <symbol id="sm-539">
         <name>MotorDir</name>
         <value>0x86b9</value>
         <object_component_ref idref="oc-3fb"/>
      </symbol>
      <symbol id="sm-53a">
         <name>MotorsInit</name>
         <value>0x672d</value>
         <object_component_ref idref="oc-1b6"/>
      </symbol>
      <symbol id="sm-53b">
         <name>MotorSpeed</name>
         <value>0x809d</value>
         <object_component_ref idref="oc-31c"/>
      </symbol>
      <symbol id="sm-58f">
         <name>WheelSensorIntHandler</name>
         <value>0x7dd1</value>
         <object_component_ref idref="oc-47"/>
      </symbol>
      <symbol id="sm-590">
         <name>WheelSensorEnable</name>
         <value>0x891d</value>
         <object_component_ref idref="oc-1c8"/>
      </symbol>
      <symbol id="sm-591">
         <name>BumpSensorsInit</name>
         <value>0x8611</value>
         <object_component_ref idref="oc-20e"/>
      </symbol>
      <symbol id="sm-592">
         <name>WheelSensorIntEnable</name>
         <value>0x859d</value>
         <object_component_ref idref="oc-1ce"/>
      </symbol>
      <symbol id="sm-593">
         <name>BumpSensorGetStatus</name>
         <value>0x8461</value>
         <object_component_ref idref="oc-364"/>
      </symbol>
      <symbol id="sm-594">
         <name>WheelSensorsInit</name>
         <value>0x7601</value>
         <object_component_ref idref="oc-1bc"/>
      </symbol>
      <symbol id="sm-613">
         <name>SoundSetFormat</name>
         <value>0x68a1</value>
         <object_component_ref idref="oc-3e2"/>
      </symbol>
      <symbol id="sm-614">
         <name>SoundInit</name>
         <value>0x6df1</value>
         <object_component_ref idref="oc-1ff"/>
      </symbol>
      <symbol id="sm-615">
         <name>SoundIntHandler</name>
         <value>0x7c19</value>
         <object_component_ref idref="oc-53"/>
      </symbol>
      <symbol id="sm-616">
         <name>SoundBufferPlay</name>
         <value>0x7105</value>
         <object_component_ref idref="oc-3c7"/>
      </symbol>
      <symbol id="sm-68c">
         <name>WavePlayStart</name>
         <value>0x8985</value>
         <object_component_ref idref="oc-34d"/>
      </symbol>
      <symbol id="sm-68d">
         <name>WaveOpen</name>
         <value>0x6f0d</value>
         <object_component_ref idref="oc-347"/>
      </symbol>
      <symbol id="sm-68e">
         <name>WavePlayContinue</name>
         <value>0x76c5</value>
         <object_component_ref idref="oc-341"/>
      </symbol>
      <symbol id="sm-69d">
         <name>_c_int00</name>
         <value>0x87c5</value>
         <object_component_ref idref="oc-11"/>
      </symbol>
      <symbol id="sm-69e">
         <name>__stack</name>
         <value>0x20001a5c</value>
         <object_component_ref idref="oc-28"/>
      </symbol>
      <symbol id="sm-6b5">
         <name>__TI_decompress_none</name>
         <value>0x8ac1</value>
         <object_component_ref idref="oc-16"/>
      </symbol>
      <symbol id="sm-6d9">
         <name>__TI_decompress_rle24</name>
         <value>0x8b31</value>
         <object_component_ref idref="oc-22"/>
      </symbol>
      <symbol id="sm-6ed">
         <name>__TI_zero_init</name>
         <value>0x8a27</value>
         <object_component_ref idref="oc-1c"/>
      </symbol>
      <symbol id="sm-70c">
         <name>C$$EXIT</name>
         <value>0x83d9</value>
         <object_component_ref idref="oc-67"/>
      </symbol>
      <symbol id="sm-70d">
         <name>abort</name>
         <value>0x83dd</value>
         <object_component_ref idref="oc-67"/>
      </symbol>
      <symbol id="sm-70e">
         <name>exit</name>
         <value>0x83e5</value>
         <object_component_ref idref="oc-67"/>
      </symbol>
      <symbol id="sm-70f">
         <name>__TI_dtors_ptr</name>
         <value>0x20001f08</value>
         <object_component_ref idref="oc-ea"/>
      </symbol>
      <symbol id="sm-710">
         <name>__TI_cleanup_ptr</name>
         <value>0x20001f04</value>
         <object_component_ref idref="oc-ea"/>
      </symbol>
      <symbol id="sm-72b">
         <name>memcpy</name>
         <value>0x7b7d</value>
         <object_component_ref idref="oc-71"/>
      </symbol>
      <symbol id="sm-72c">
         <name>__aeabi_memcpy</name>
         <value>0x7b7d</value>
         <object_component_ref idref="oc-71"/>
      </symbol>
      <symbol id="sm-72d">
         <name>__aeabi_memcpy8</name>
         <value>0x7b7d</value>
         <object_component_ref idref="oc-71"/>
      </symbol>
      <symbol id="sm-72e">
         <name>__aeabi_memcpy4</name>
         <value>0x7b7d</value>
         <object_component_ref idref="oc-71"/>
      </symbol>
      <symbol id="sm-736">
         <name>main_func_sp</name>
         <value>0x20001f10</value>
         <object_component_ref idref="oc-6d"/>
      </symbol>
      <symbol id="sm-747">
         <name>__aeabi_uidivmod</name>
         <value>0x841d</value>
         <object_component_ref idref="oc-19f"/>
      </symbol>
      <symbol id="sm-760">
         <name>_nop</name>
         <value>0x89eb</value>
         <object_component_ref idref="oc-17a"/>
      </symbol>
      <symbol id="sm-761">
         <name>_lock</name>
         <value>0x20001efc</value>
         <object_component_ref idref="oc-e7"/>
      </symbol>
      <symbol id="sm-762">
         <name>_unlock</name>
         <value>0x20001f00</value>
         <object_component_ref idref="oc-e7"/>
      </symbol>
      <symbol id="sm-763">
         <name>_register_lock</name>
         <value>0x89e3</value>
         <object_component_ref idref="oc-17a"/>
      </symbol>
      <symbol id="sm-764">
         <name>_register_unlock</name>
         <value>0x89dd</value>
         <object_component_ref idref="oc-17a"/>
      </symbol>
      <symbol id="sm-778">
         <name>_args_main</name>
         <value>0x899d</value>
         <object_component_ref idref="oc-61"/>
      </symbol>
      <symbol id="sm-795">
         <name>__TI_auto_init</name>
         <value>0x7cb1</value>
         <object_component_ref idref="oc-5c"/>
      </symbol>
      <symbol id="sm-7ae">
         <name>copy_in</name>
         <value>0x8395</value>
         <object_component_ref idref="oc-d8"/>
      </symbol>
      <symbol id="sm-7d3">
         <name>SysTickEnable</name>
         <value>0x89b5</value>
         <object_component_ref idref="oc-1ad"/>
      </symbol>
      <symbol id="sm-7d4">
         <name>SysTickIntEnable</name>
         <value>0x89c9</value>
         <object_component_ref idref="oc-1b1"/>
      </symbol>
      <symbol id="sm-7d5">
         <name>SysTickPeriodSet</name>
         <value>0x8a79</value>
         <object_component_ref idref="oc-1a9"/>
      </symbol>
      <symbol id="sm-821">
         <name>SysCtlI2SMClkSet</name>
         <value>0x7469</value>
         <object_component_ref idref="oc-450"/>
      </symbol>
      <symbol id="sm-822">
         <name>SysCtlDelay</name>
         <value>0x8b2b</value>
         <object_component_ref idref="oc-267"/>
      </symbol>
      <symbol id="sm-823">
         <name>SysCtlClockGet</name>
         <value>0x6595</value>
         <object_component_ref idref="oc-1a5"/>
      </symbol>
      <symbol id="sm-851">
         <name>I2STxEnable</name>
         <value>0x8a03</value>
         <object_component_ref idref="oc-2a1"/>
      </symbol>
      <symbol id="sm-852">
         <name>I2SMasterClockSelect</name>
         <value>0x8a59</value>
         <object_component_ref idref="oc-448"/>
      </symbol>
      <symbol id="sm-853">
         <name>I2STxConfigSet</name>
         <value>0x88c9</value>
         <object_component_ref idref="oc-44c"/>
      </symbol>
      <symbol id="sm-854">
         <name>I2STxFIFOLimitSet</name>
         <value>0x8b37</value>
         <object_component_ref idref="oc-29d"/>
      </symbol>
      <symbol id="sm-855">
         <name>I2SIntStatus</name>
         <value>0x8a97</value>
         <object_component_ref idref="oc-c9"/>
      </symbol>
      <symbol id="sm-856">
         <name>I2SIntClear</name>
         <value>0x8b19</value>
         <object_component_ref idref="oc-cd"/>
      </symbol>
      <symbol id="sm-894">
         <name>GPIOPinConfigure</name>
         <value>0x82c5</value>
         <object_component_ref idref="oc-245"/>
      </symbol>
      <symbol id="sm-895">
         <name>GPIOPinTypeI2S</name>
         <value>0x89f1</value>
         <object_component_ref idref="oc-293"/>
      </symbol>
      <symbol id="sm-896">
         <name>GPIODirModeSet</name>
         <value>0x8829</value>
         <object_component_ref idref="oc-2fb"/>
      </symbol>
      <symbol id="sm-897">
         <name>GPIOPadConfigSet</name>
         <value>0x7539</value>
         <object_component_ref idref="oc-2ff"/>
      </symbol>
      <symbol id="sm-899">
         <name>__TI_static_base__</name>
         <value>0x0</value>
      </symbol>
      <symbol id="sm-89a">
         <name>__TI_args_main</name>
         <value>0x1</value>
      </symbol>
      <symbol id="sm-89b">
         <name>SHT$$INIT_ARRAY$$Limit</name>
         <value>0x0</value>
      </symbol>
      <symbol id="sm-89c">
         <name>SHT$$INIT_ARRAY$$Base</name>
         <value>0x0</value>
      </symbol>
      <symbol id="sm-8a0">
         <name>SoundClassDEn</name>
         <value>0x8b09</value>
      </symbol>
      <symbol id="sm-8a1">
         <name>SoundClassDDis</name>
         <value>0x8b01</value>
      </symbol>
   </symbol_table>
   <title>Link successful</title>
</link_info>
