<?xml version="1.0"?>
<link_info>
   <banner>TI ARM Linker PC v5.1.6</banner>
   <copyright>Copyright (c) 1996-2014 Texas Instruments Incorporated</copyright>
   <link_time>0x5489a0cc</link_time>
   <link_errors>0x0</link_errors>
   <output_file>EB_Task_Blinky.out</output_file>
   <entry_point>
      <name>_c_int00</name>
      <address>0x2861</address>
   </entry_point>
   <input_file_list>
      <input_file id="fl-2">
         <path>.\</path>
         <kind>object</kind>
         <file>EB_Task_Motors.obj</file>
         <name>EB_Task_Motors.obj</name>
      </input_file>
      <input_file id="fl-3">
         <path>.\</path>
         <kind>object</kind>
         <file>startup_ccs.obj</file>
         <name>startup_ccs.obj</name>
      </input_file>
      <input_file id="fl-4">
         <path>.\drivers\</path>
         <kind>object</kind>
         <file>display96x16x1.obj</file>
         <name>display96x16x1.obj</name>
      </input_file>
      <input_file id="fl-5">
         <path>.\drivers\</path>
         <kind>object</kind>
         <file>motor.obj</file>
         <name>motor.obj</name>
      </input_file>
      <input_file id="fl-6">
         <path>.\drivers\</path>
         <kind>object</kind>
         <file>sensors.obj</file>
         <name>sensors.obj</name>
      </input_file>
      <input_file id="fl-7">
         <path>.\drivers\</path>
         <kind>object</kind>
         <file>uartstdio.obj</file>
         <name>uartstdio.obj</name>
      </input_file>
      <input_file id="fl-c">
         <path>C:\TI_CodeComposer\StellarisWare-EVALBOT\driverlib\ccs-cm3\Debug\</path>
         <kind>archive</kind>
         <file>driverlib-cm3.lib</file>
         <name>systick.obj</name>
      </input_file>
      <input_file id="fl-d">
         <path>C:\TI_CodeComposer\StellarisWare-EVALBOT\driverlib\ccs-cm3\Debug\</path>
         <kind>archive</kind>
         <file>driverlib-cm3.lib</file>
         <name>sysctl.obj</name>
      </input_file>
      <input_file id="fl-e">
         <path>C:\TI_CodeComposer\StellarisWare-EVALBOT\driverlib\ccs-cm3\Debug\</path>
         <kind>archive</kind>
         <file>driverlib-cm3.lib</file>
         <name>interrupt.obj</name>
      </input_file>
      <input_file id="fl-f">
         <path>C:\TI_CodeComposer\StellarisWare-EVALBOT\driverlib\ccs-cm3\Debug\</path>
         <kind>archive</kind>
         <file>driverlib-cm3.lib</file>
         <name>gpio.obj</name>
      </input_file>
      <input_file id="fl-10">
         <path>C:\TI_CodeComposer\StellarisWare-EVALBOT\driverlib\ccs-cm3\Debug\</path>
         <kind>archive</kind>
         <file>driverlib-cm3.lib</file>
         <name>cpu.obj</name>
      </input_file>
      <input_file id="fl-13a">
         <path>c:\ti\ccsv6\tools\compiler\arm_5.1.6\lib\</path>
         <kind>archive</kind>
         <file>rtsv7M3_T_le_eabi.lib</file>
         <name>boot.obj</name>
      </input_file>
      <input_file id="fl-13b">
         <path>c:\ti\ccsv6\tools\compiler\arm_5.1.6\lib\</path>
         <kind>archive</kind>
         <file>rtsv7M3_T_le_eabi.lib</file>
         <name>copy_decompress_none.obj</name>
      </input_file>
      <input_file id="fl-13c">
         <path>c:\ti\ccsv6\tools\compiler\arm_5.1.6\lib\</path>
         <kind>archive</kind>
         <file>rtsv7M3_T_le_eabi.lib</file>
         <name>copy_decompress_rle.obj</name>
      </input_file>
      <input_file id="fl-13d">
         <path>c:\ti\ccsv6\tools\compiler\arm_5.1.6\lib\</path>
         <kind>archive</kind>
         <file>rtsv7M3_T_le_eabi.lib</file>
         <name>copy_zero_init.obj</name>
      </input_file>
      <input_file id="fl-13e">
         <path>c:\ti\ccsv6\tools\compiler\arm_5.1.6\lib\</path>
         <kind>archive</kind>
         <file>rtsv7M3_T_le_eabi.lib</file>
         <name>exit.obj</name>
      </input_file>
      <input_file id="fl-13f">
         <path>c:\ti\ccsv6\tools\compiler\arm_5.1.6\lib\</path>
         <kind>archive</kind>
         <file>rtsv7M3_T_le_eabi.lib</file>
         <name>fd_add_t2.obj</name>
      </input_file>
      <input_file id="fl-140">
         <path>c:\ti\ccsv6\tools\compiler\arm_5.1.6\lib\</path>
         <kind>archive</kind>
         <file>rtsv7M3_T_le_eabi.lib</file>
         <name>fd_tos_t2.obj</name>
      </input_file>
      <input_file id="fl-141">
         <path>c:\ti\ccsv6\tools\compiler\arm_5.1.6\lib\</path>
         <kind>archive</kind>
         <file>rtsv7M3_T_le_eabi.lib</file>
         <name>fs_mul_t2.obj</name>
      </input_file>
      <input_file id="fl-142">
         <path>c:\ti\ccsv6\tools\compiler\arm_5.1.6\lib\</path>
         <kind>archive</kind>
         <file>rtsv7M3_T_le_eabi.lib</file>
         <name>fs_tod_t2.obj</name>
      </input_file>
      <input_file id="fl-143">
         <path>c:\ti\ccsv6\tools\compiler\arm_5.1.6\lib\</path>
         <kind>archive</kind>
         <file>rtsv7M3_T_le_eabi.lib</file>
         <name>fs_tou_t2.obj</name>
      </input_file>
      <input_file id="fl-144">
         <path>c:\ti\ccsv6\tools\compiler\arm_5.1.6\lib\</path>
         <kind>archive</kind>
         <file>rtsv7M3_T_le_eabi.lib</file>
         <name>memcpy_t2.obj</name>
      </input_file>
      <input_file id="fl-145">
         <path>c:\ti\ccsv6\tools\compiler\arm_5.1.6\lib\</path>
         <kind>archive</kind>
         <file>rtsv7M3_T_le_eabi.lib</file>
         <name>sprintf.obj</name>
      </input_file>
      <input_file id="fl-146">
         <path>c:\ti\ccsv6\tools\compiler\arm_5.1.6\lib\</path>
         <kind>archive</kind>
         <file>rtsv7M3_T_le_eabi.lib</file>
         <name>stkdepth_vars.obj</name>
      </input_file>
      <input_file id="fl-147">
         <path>c:\ti\ccsv6\tools\compiler\arm_5.1.6\lib\</path>
         <kind>archive</kind>
         <file>rtsv7M3_T_le_eabi.lib</file>
         <name>strlen.obj</name>
      </input_file>
      <input_file id="fl-148">
         <path>c:\ti\ccsv6\tools\compiler\arm_5.1.6\lib\</path>
         <kind>archive</kind>
         <file>rtsv7M3_T_le_eabi.lib</file>
         <name>u_divt2.obj</name>
      </input_file>
      <input_file id="fl-149">
         <path>c:\ti\ccsv6\tools\compiler\arm_5.1.6\lib\</path>
         <kind>archive</kind>
         <file>rtsv7M3_T_le_eabi.lib</file>
         <name>_lock.obj</name>
      </input_file>
      <input_file id="fl-14a">
         <path>c:\ti\ccsv6\tools\compiler\arm_5.1.6\lib\</path>
         <kind>archive</kind>
         <file>rtsv7M3_T_le_eabi.lib</file>
         <name>_printfi.obj</name>
      </input_file>
      <input_file id="fl-14b">
         <path>c:\ti\ccsv6\tools\compiler\arm_5.1.6\lib\</path>
         <kind>archive</kind>
         <file>rtsv7M3_T_le_eabi.lib</file>
         <name>args_main.obj</name>
      </input_file>
      <input_file id="fl-14c">
         <path>c:\ti\ccsv6\tools\compiler\arm_5.1.6\lib\</path>
         <kind>archive</kind>
         <file>rtsv7M3_T_le_eabi.lib</file>
         <name>atoi.obj</name>
      </input_file>
      <input_file id="fl-14d">
         <path>c:\ti\ccsv6\tools\compiler\arm_5.1.6\lib\</path>
         <kind>archive</kind>
         <file>rtsv7M3_T_le_eabi.lib</file>
         <name>auto_init.obj</name>
      </input_file>
      <input_file id="fl-14e">
         <path>c:\ti\ccsv6\tools\compiler\arm_5.1.6\lib\</path>
         <kind>archive</kind>
         <file>rtsv7M3_T_le_eabi.lib</file>
         <name>cpy_tbl.obj</name>
      </input_file>
      <input_file id="fl-14f">
         <path>c:\ti\ccsv6\tools\compiler\arm_5.1.6\lib\</path>
         <kind>archive</kind>
         <file>rtsv7M3_T_le_eabi.lib</file>
         <name>ctype.obj</name>
      </input_file>
      <input_file id="fl-150">
         <path>c:\ti\ccsv6\tools\compiler\arm_5.1.6\lib\</path>
         <kind>archive</kind>
         <file>rtsv7M3_T_le_eabi.lib</file>
         <name>fd_cmp_t2.obj</name>
      </input_file>
      <input_file id="fl-151">
         <path>c:\ti\ccsv6\tools\compiler\arm_5.1.6\lib\</path>
         <kind>archive</kind>
         <file>rtsv7M3_T_le_eabi.lib</file>
         <name>fd_div_t2.obj</name>
      </input_file>
      <input_file id="fl-152">
         <path>c:\ti\ccsv6\tools\compiler\arm_5.1.6\lib\</path>
         <kind>archive</kind>
         <file>rtsv7M3_T_le_eabi.lib</file>
         <name>fd_mul_t2.obj</name>
      </input_file>
      <input_file id="fl-153">
         <path>c:\ti\ccsv6\tools\compiler\arm_5.1.6\lib\</path>
         <kind>archive</kind>
         <file>rtsv7M3_T_le_eabi.lib</file>
         <name>fd_toi_t2.obj</name>
      </input_file>
      <input_file id="fl-154">
         <path>c:\ti\ccsv6\tools\compiler\arm_5.1.6\lib\</path>
         <kind>archive</kind>
         <file>rtsv7M3_T_le_eabi.lib</file>
         <name>fs_toi_t2.obj</name>
      </input_file>
      <input_file id="fl-155">
         <path>c:\ti\ccsv6\tools\compiler\arm_5.1.6\lib\</path>
         <kind>archive</kind>
         <file>rtsv7M3_T_le_eabi.lib</file>
         <name>i_tofd_t2.obj</name>
      </input_file>
      <input_file id="fl-156">
         <path>c:\ti\ccsv6\tools\compiler\arm_5.1.6\lib\</path>
         <kind>archive</kind>
         <file>rtsv7M3_T_le_eabi.lib</file>
         <name>ll_mul_t2.obj</name>
      </input_file>
      <input_file id="fl-157">
         <path>c:\ti\ccsv6\tools\compiler\arm_5.1.6\lib\</path>
         <kind>archive</kind>
         <file>rtsv7M3_T_le_eabi.lib</file>
         <name>ltoa.obj</name>
      </input_file>
      <input_file id="fl-158">
         <path>c:\ti\ccsv6\tools\compiler\arm_5.1.6\lib\</path>
         <kind>archive</kind>
         <file>rtsv7M3_T_le_eabi.lib</file>
         <name>memccpy.obj</name>
      </input_file>
      <input_file id="fl-159">
         <path>c:\ti\ccsv6\tools\compiler\arm_5.1.6\lib\</path>
         <kind>archive</kind>
         <file>rtsv7M3_T_le_eabi.lib</file>
         <name>memset_t2.obj</name>
      </input_file>
      <input_file id="fl-15a">
         <path>c:\ti\ccsv6\tools\compiler\arm_5.1.6\lib\</path>
         <kind>archive</kind>
         <file>rtsv7M3_T_le_eabi.lib</file>
         <name>ull_div_t2.obj</name>
      </input_file>
      <input_file id="fl-15b">
         <path>c:\ti\ccsv6\tools\compiler\arm_5.1.6\lib\</path>
         <kind>archive</kind>
         <file>rtsv7M3_T_le_eabi.lib</file>
         <name>xdclass.obj</name>
      </input_file>
      <input_file id="fl-15c">
         <path>c:\ti\ccsv6\tools\compiler\arm_5.1.6\lib\</path>
         <kind>archive</kind>
         <file>rtsv7M3_T_le_eabi.lib</file>
         <name>xdtest.obj</name>
      </input_file>
   </input_file_list>
   <object_component_list>
      <object_component id="oc-e">
         <name>.intvecs</name>
         <load_address>0x0</load_address>
         <run_address>0x0</run_address>
         <size>0x11c</size>
         <input_file_ref idref="fl-3"/>
      </object_component>
      <object_component id="oc-21b">
         <name>.text</name>
         <load_address>0x11c</load_address>
         <run_address>0x11c</run_address>
         <size>0xebc</size>
         <input_file_ref idref="fl-14a"/>
      </object_component>
      <object_component id="oc-230">
         <name>.text</name>
         <load_address>0xfd8</load_address>
         <run_address>0xfd8</run_address>
         <size>0x1f4</size>
         <input_file_ref idref="fl-15a"/>
      </object_component>
      <object_component id="oc-19e">
         <name>.text</name>
         <load_address>0x11cc</load_address>
         <run_address>0x11cc</run_address>
         <size>0x1b6</size>
         <input_file_ref idref="fl-13f"/>
      </object_component>
      <object_component id="oc-35">
         <name>.text:FaultISR</name>
         <load_address>0x1382</load_address>
         <run_address>0x1382</run_address>
         <size>0x2</size>
         <input_file_ref idref="fl-3"/>
      </object_component>
      <object_component id="oc-db">
         <name>.text:SysCtlClockGet</name>
         <load_address>0x1384</load_address>
         <run_address>0x1384</run_address>
         <size>0x198</size>
         <input_file_ref idref="fl-d"/>
      </object_component>
      <object_component id="oc-13e">
         <name>.text:MotorsInit</name>
         <load_address>0x151c</load_address>
         <run_address>0x151c</run_address>
         <size>0x174</size>
         <input_file_ref idref="fl-5"/>
      </object_component>
      <object_component id="oc-d7">
         <name>.text:SysCtlClockSet</name>
         <load_address>0x1690</load_address>
         <run_address>0x1690</run_address>
         <size>0x144</size>
         <input_file_ref idref="fl-d"/>
      </object_component>
      <object_component id="oc-24a">
         <name>.text</name>
         <load_address>0x17d4</load_address>
         <run_address>0x17d4</run_address>
         <size>0x136</size>
         <input_file_ref idref="fl-151"/>
      </object_component>
      <object_component id="oc-3b">
         <name>.text:IntDefaultHandler</name>
         <load_address>0x190a</load_address>
         <run_address>0x190a</run_address>
         <size>0x2</size>
         <input_file_ref idref="fl-3"/>
      </object_component>
      <object_component id="oc-160">
         <name>.text:Display96x16x1Init</name>
         <load_address>0x190c</load_address>
         <run_address>0x190c</run_address>
         <size>0x128</size>
         <input_file_ref idref="fl-4"/>
      </object_component>
      <object_component id="oc-245">
         <name>.text</name>
         <load_address>0x1a34</load_address>
         <run_address>0x1a34</run_address>
         <size>0xfc</size>
         <input_file_ref idref="fl-152"/>
      </object_component>
      <object_component id="oc-144">
         <name>.text:WheelSensorsInit</name>
         <load_address>0x1b30</load_address>
         <run_address>0x1b30</run_address>
         <size>0xc4</size>
         <input_file_ref idref="fl-6"/>
      </object_component>
      <object_component id="oc-f7">
         <name>.text:Task_Motors_Execute</name>
         <load_address>0x1bf4</load_address>
         <run_address>0x1bf4</run_address>
         <size>0xbc</size>
         <input_file_ref idref="fl-2"/>
      </object_component>
      <object_component id="oc-1da">
         <name>.text:Display96x16x1StringDrawLen</name>
         <load_address>0x1cb0</load_address>
         <run_address>0x1cb0</run_address>
         <size>0xa4</size>
         <input_file_ref idref="fl-4"/>
      </object_component>
      <object_component id="oc-65">
         <name>.text</name>
         <load_address>0x1d54</load_address>
         <run_address>0x1d54</run_address>
         <size>0x9c</size>
         <input_file_ref idref="fl-144"/>
      </object_component>
      <object_component id="oc-50">
         <name>.text</name>
         <load_address>0x1df0</load_address>
         <run_address>0x1df0</run_address>
         <size>0x94</size>
         <input_file_ref idref="fl-14d"/>
      </object_component>
      <object_component id="oc-47">
         <name>.text:WheelSensorIntHandler</name>
         <load_address>0x1e84</load_address>
         <run_address>0x1e84</run_address>
         <size>0x8c</size>
         <input_file_ref idref="fl-6"/>
      </object_component>
      <object_component id="oc-240">
         <name>.text:__aeabi_cdcmple</name>
         <load_address>0x1f10</load_address>
         <run_address>0x1f10</run_address>
         <size>0x86</size>
         <input_file_ref idref="fl-150"/>
      </object_component>
      <object_component id="oc-24f">
         <name>.text:__aeabi_cdrcmple</name>
         <load_address>0x1f96</load_address>
         <run_address>0x1f96</run_address>
         <size>0x86</size>
         <input_file_ref idref="fl-150"/>
      </object_component>
      <object_component id="oc-1e9">
         <name>.text</name>
         <load_address>0x201c</load_address>
         <run_address>0x201c</run_address>
         <size>0x7a</size>
         <input_file_ref idref="fl-141"/>
      </object_component>
      <object_component id="oc-2f">
         <name>.text:NmiSR</name>
         <load_address>0x2096</load_address>
         <run_address>0x2096</run_address>
         <size>0x2</size>
         <input_file_ref idref="fl-3"/>
      </object_component>
      <object_component id="oc-eb">
         <name>.text:Task_Motors_Init</name>
         <load_address>0x2098</load_address>
         <run_address>0x2098</run_address>
         <size>0x78</size>
         <input_file_ref idref="fl-2"/>
      </object_component>
      <object_component id="oc-264">
         <name>.text</name>
         <load_address>0x2110</load_address>
         <run_address>0x2110</run_address>
         <size>0x78</size>
         <input_file_ref idref="fl-159"/>
      </object_component>
      <object_component id="oc-1a8">
         <name>.text:printDistance</name>
         <load_address>0x2188</load_address>
         <run_address>0x2188</run_address>
         <size>0x68</size>
         <input_file_ref idref="fl-2"/>
      </object_component>
      <object_component id="oc-167">
         <name>.text:MotorSpeed</name>
         <load_address>0x21f0</load_address>
         <run_address>0x21f0</run_address>
         <size>0x64</size>
         <input_file_ref idref="fl-5"/>
      </object_component>
      <object_component id="oc-1bb">
         <name>.text:Display96x16x1WriteFinal</name>
         <load_address>0x2254</load_address>
         <run_address>0x2254</run_address>
         <size>0x60</size>
         <input_file_ref idref="fl-4"/>
      </object_component>
      <object_component id="oc-1ee">
         <name>.text</name>
         <load_address>0x22b4</load_address>
         <run_address>0x22b4</run_address>
         <size>0x60</size>
         <input_file_ref idref="fl-145"/>
      </object_component>
      <object_component id="oc-78">
         <name>.text</name>
         <load_address>0x2314</load_address>
         <run_address>0x2314</run_address>
         <size>0x5e</size>
         <input_file_ref idref="fl-13c"/>
      </object_component>
      <object_component id="oc-259">
         <name>.text</name>
         <load_address>0x2372</load_address>
         <run_address>0x2372</run_address>
         <size>0x5a</size>
         <input_file_ref idref="fl-157"/>
      </object_component>
      <object_component id="oc-1b5">
         <name>.text:Display96x16x1WriteArray</name>
         <load_address>0x23cc</load_address>
         <run_address>0x23cc</run_address>
         <size>0x50</size>
         <input_file_ref idref="fl-4"/>
      </object_component>
      <object_component id="oc-156">
         <name>.text:WheelSensorHandler</name>
         <load_address>0x241c</load_address>
         <run_address>0x241c</run_address>
         <size>0x4c</size>
         <input_file_ref idref="fl-2"/>
      </object_component>
      <object_component id="oc-275">
         <name>.text</name>
         <load_address>0x2468</load_address>
         <run_address>0x2468</run_address>
         <size>0x4c</size>
         <input_file_ref idref="fl-14c"/>
      </object_component>
      <object_component id="oc-1a3">
         <name>.text</name>
         <load_address>0x24b4</load_address>
         <run_address>0x24b4</run_address>
         <size>0x4a</size>
         <input_file_ref idref="fl-140"/>
      </object_component>
      <object_component id="oc-18a">
         <name>.text:GPIOPinConfigure</name>
         <load_address>0x2500</load_address>
         <run_address>0x2500</run_address>
         <size>0x48</size>
         <input_file_ref idref="fl-f"/>
      </object_component>
      <object_component id="oc-254">
         <name>.text</name>
         <load_address>0x2548</load_address>
         <run_address>0x2548</run_address>
         <size>0x48</size>
         <input_file_ref idref="fl-153"/>
      </object_component>
      <object_component id="oc-20a">
         <name>.text:Display96x16x1WriteByte</name>
         <load_address>0x2590</load_address>
         <run_address>0x2590</run_address>
         <size>0x44</size>
         <input_file_ref idref="fl-4"/>
      </object_component>
      <object_component id="oc-98">
         <name>.text</name>
         <load_address>0x25d4</load_address>
         <run_address>0x25d4</run_address>
         <size>0x44</size>
         <input_file_ref idref="fl-14e"/>
      </object_component>
      <object_component id="oc-5b">
         <name>.text</name>
         <load_address>0x2618</load_address>
         <run_address>0x2618</run_address>
         <size>0x44</size>
         <input_file_ref idref="fl-13e"/>
      </object_component>
      <object_component id="oc-29d">
         <name>.text</name>
         <load_address>0x265c</load_address>
         <run_address>0x265c</run_address>
         <size>0x44</size>
         <input_file_ref idref="fl-15c"/>
      </object_component>
      <object_component id="oc-150">
         <name>.text:WheelSensorIntEnable</name>
         <load_address>0x26a0</load_address>
         <run_address>0x26a0</run_address>
         <size>0x3c</size>
         <input_file_ref idref="fl-6"/>
      </object_component>
      <object_component id="oc-9f">
         <name>.text:main</name>
         <load_address>0x26dc</load_address>
         <run_address>0x26dc</run_address>
         <size>0x3c</size>
         <input_file_ref idref="fl-2"/>
      </object_component>
      <object_component id="oc-1af">
         <name>.text:Display96x16x1WriteFirst</name>
         <load_address>0x2718</load_address>
         <run_address>0x2718</run_address>
         <size>0x38</size>
         <input_file_ref idref="fl-4"/>
      </object_component>
      <object_component id="oc-16d">
         <name>.text:MotorDir</name>
         <load_address>0x2750</load_address>
         <run_address>0x2750</run_address>
         <size>0x38</size>
         <input_file_ref idref="fl-5"/>
      </object_component>
      <object_component id="oc-199">
         <name>.text</name>
         <load_address>0x2788</load_address>
         <run_address>0x2788</run_address>
         <size>0x38</size>
         <input_file_ref idref="fl-142"/>
      </object_component>
      <object_component id="oc-214">
         <name>.text</name>
         <load_address>0x27c0</load_address>
         <run_address>0x27c0</run_address>
         <size>0x38</size>
         <input_file_ref idref="fl-154"/>
      </object_component>
      <object_component id="oc-1f8">
         <name>.text:Display96x16x1ClearLine</name>
         <load_address>0x27f8</load_address>
         <run_address>0x27f8</run_address>
         <size>0x34</size>
         <input_file_ref idref="fl-4"/>
      </object_component>
      <object_component id="oc-1c7">
         <name>.text:Display96x16x1DisplayOn</name>
         <load_address>0x282c</load_address>
         <run_address>0x282c</run_address>
         <size>0x34</size>
         <input_file_ref idref="fl-4"/>
      </object_component>
      <object_component id="oc-11">
         <name>.text</name>
         <load_address>0x2860</load_address>
         <run_address>0x2860</run_address>
         <size>0x34</size>
         <input_file_ref idref="fl-13a"/>
      </object_component>
      <object_component id="oc-1e4">
         <name>.text</name>
         <load_address>0x2894</load_address>
         <run_address>0x2894</run_address>
         <size>0x34</size>
         <input_file_ref idref="fl-143"/>
      </object_component>
      <object_component id="oc-25f">
         <name>.text</name>
         <load_address>0x28c8</load_address>
         <run_address>0x28c8</run_address>
         <size>0x2e</size>
         <input_file_ref idref="fl-155"/>
      </object_component>
      <object_component id="oc-173">
         <name>.text:MotorRun</name>
         <load_address>0x28f8</load_address>
         <run_address>0x28f8</run_address>
         <size>0x24</size>
         <input_file_ref idref="fl-5"/>
      </object_component>
      <object_component id="oc-14a">
         <name>.text:WheelSensorEnable</name>
         <load_address>0x291c</load_address>
         <run_address>0x291c</run_address>
         <size>0x1c</size>
         <input_file_ref idref="fl-6"/>
      </object_component>
      <object_component id="oc-26f">
         <name>.text</name>
         <load_address>0x2938</load_address>
         <run_address>0x2938</run_address>
         <size>0x1a</size>
         <input_file_ref idref="fl-158"/>
      </object_component>
      <object_component id="oc-55">
         <name>.text</name>
         <load_address>0x2954</load_address>
         <run_address>0x2954</run_address>
         <size>0x18</size>
         <input_file_ref idref="fl-14b"/>
      </object_component>
      <object_component id="oc-235">
         <name>.text</name>
         <load_address>0x296c</load_address>
         <run_address>0x296c</run_address>
         <size>0x18</size>
         <input_file_ref idref="fl-156"/>
      </object_component>
      <object_component id="oc-e7">
         <name>.text:SysTickEnable</name>
         <load_address>0x2984</load_address>
         <run_address>0x2984</run_address>
         <size>0x14</size>
         <input_file_ref idref="fl-c"/>
      </object_component>
      <object_component id="oc-e3">
         <name>.text:SysTickIntEnable</name>
         <load_address>0x2998</load_address>
         <run_address>0x2998</run_address>
         <size>0x14</size>
         <input_file_ref idref="fl-c"/>
      </object_component>
      <object_component id="oc-106">
         <name>.text</name>
         <load_address>0x29ac</load_address>
         <run_address>0x29ac</run_address>
         <size>0x14</size>
         <input_file_ref idref="fl-149"/>
      </object_component>
      <object_component id="oc-23a">
         <name>.text</name>
         <load_address>0x29c0</load_address>
         <run_address>0x29c0</run_address>
         <size>0x14</size>
         <input_file_ref idref="fl-147"/>
      </object_component>
      <object_component id="oc-1c">
         <name>.text:decompress:ZI</name>
         <load_address>0x29d4</load_address>
         <run_address>0x29d4</run_address>
         <size>0x12</size>
         <input_file_ref idref="fl-13d"/>
      </object_component>
      <object_component id="oc-1c1">
         <name>.text:Display96x16x1Clear</name>
         <load_address>0x29e6</load_address>
         <run_address>0x29e6</run_address>
         <size>0x10</size>
         <input_file_ref idref="fl-4"/>
      </object_component>
      <object_component id="oc-193">
         <name>.text:Display96x16x1StringDraw</name>
         <load_address>0x29f6</load_address>
         <run_address>0x29f6</run_address>
         <size>0x10</size>
         <input_file_ref idref="fl-4"/>
      </object_component>
      <object_component id="oc-41">
         <name>.text:SysTickIntHandler</name>
         <load_address>0x2a08</load_address>
         <run_address>0x2a08</run_address>
         <size>0x10</size>
         <input_file_ref idref="fl-2"/>
      </object_component>
      <object_component id="oc-df">
         <name>.text:SysTickPeriodSet</name>
         <load_address>0x2a18</load_address>
         <run_address>0x2a18</run_address>
         <size>0x10</size>
         <input_file_ref idref="fl-c"/>
      </object_component>
      <object_component id="oc-16">
         <name>.text:decompress:none</name>
         <load_address>0x2a28</load_address>
         <run_address>0x2a28</run_address>
         <size>0xe</size>
         <input_file_ref idref="fl-13b"/>
      </object_component>
      <object_component id="oc-269">
         <name>.text</name>
         <load_address>0x2a36</load_address>
         <run_address>0x2a36</run_address>
         <size>0xe</size>
         <input_file_ref idref="fl-15b"/>
      </object_component>
      <object_component id="oc-29">
         <name>.text:ResetISR</name>
         <load_address>0x2a44</load_address>
         <run_address>0x2a44</run_address>
         <size>0x6</size>
         <input_file_ref idref="fl-3"/>
      </object_component>
      <object_component id="oc-130">
         <name>.text:SysCtlDelay</name>
         <load_address>0x2a4a</load_address>
         <run_address>0x2a4a</run_address>
         <size>0x6</size>
         <input_file_ref idref="fl-d"/>
      </object_component>
      <object_component id="oc-f1">
         <name>.text:Task_Display_Init</name>
         <load_address>0x2a50</load_address>
         <run_address>0x2a50</run_address>
         <size>0x6</size>
         <input_file_ref idref="fl-2"/>
      </object_component>
      <object_component id="oc-22">
         <name>.text:decompress:rle24</name>
         <load_address>0x2a56</load_address>
         <run_address>0x2a56</run_address>
         <size>0x6</size>
         <input_file_ref idref="fl-13c"/>
      </object_component>
      <object_component id="oc-210">
         <name>.const:g_pucFont</name>
         <load_address>0x2a5c</load_address>
         <run_address>0x2a5c</run_address>
         <size>0x1db</size>
         <input_file_ref idref="fl-4"/>
      </object_component>
      <object_component id="oc-2a6">
         <name>.const:.string:_ctypes_</name>
         <load_address>0x2c38</load_address>
         <run_address>0x2c38</run_address>
         <size>0x102</size>
         <input_file_ref idref="fl-14f"/>
      </object_component>
      <object_component id="oc-1d6">
         <name>.const:g_pulGPIOBaseAddrs</name>
         <load_address>0x2d3c</load_address>
         <run_address>0x2d3c</run_address>
         <size>0x78</size>
         <input_file_ref idref="fl-f"/>
      </object_component>
      <object_component id="oc-137">
         <name>.const:g_pulXtals</name>
         <load_address>0x2db4</load_address>
         <run_address>0x2db4</run_address>
         <size>0x6c</size>
         <input_file_ref idref="fl-d"/>
      </object_component>
      <object_component id="oc-1cd">
         <name>.const:.string:g_pucRITInit</name>
         <load_address>0x2e20</load_address>
         <run_address>0x2e20</run_address>
         <size>0x2f</size>
         <input_file_ref idref="fl-4"/>
      </object_component>
      <object_component id="oc-228">
         <name>.const:.string</name>
         <load_address>0x2e4f</load_address>
         <run_address>0x2e4f</run_address>
         <size>0xc</size>
         <input_file_ref idref="fl-4"/>
      </object_component>
      <object_component id="oc-2e1">
         <name>.cinit..data.load</name>
         <load_address>0x2e60</load_address>
         <run_address>0x2e60</run_address>
         <size>0x43</size>
      </object_component>
      <object_component id="oc-2df">
         <name>__TI_handler_table</name>
         <load_address>0x2ea4</load_address>
         <run_address>0x2ea4</run_address>
         <size>0xc</size>
      </object_component>
      <object_component id="oc-2e2">
         <name>.cinit..bss.load</name>
         <load_address>0x2eb0</load_address>
         <run_address>0x2eb0</run_address>
         <size>0x8</size>
      </object_component>
      <object_component id="oc-2e0">
         <name>__TI_cinit_table</name>
         <load_address>0x2eb8</load_address>
         <run_address>0x2eb8</run_address>
         <size>0x10</size>
      </object_component>
      <object_component id="oc-61">
         <name>.data</name>
         <load_address>0x20000888</load_address>
         <run_address>0x20000888</run_address>
         <size>0x4</size>
         <input_file_ref idref="fl-146"/>
      </object_component>
      <object_component id="oc-89">
         <name>.data</name>
         <load_address>0x20000800</load_address>
         <run_address>0x20000800</run_address>
         <size>0x28</size>
         <input_file_ref idref="fl-2"/>
      </object_component>
      <object_component id="oc-a7">
         <name>.data</name>
         <load_address>0x20000878</load_address>
         <run_address>0x20000878</run_address>
         <size>0x8</size>
         <input_file_ref idref="fl-149"/>
      </object_component>
      <object_component id="oc-aa">
         <name>.data</name>
         <load_address>0x20000880</load_address>
         <run_address>0x20000880</run_address>
         <size>0x8</size>
         <input_file_ref idref="fl-13e"/>
      </object_component>
      <object_component id="oc-c4">
         <name>.data:Forward_1</name>
         <load_address>0x20000828</load_address>
         <run_address>0x20000828</run_address>
         <size>0x28</size>
         <input_file_ref idref="fl-2"/>
      </object_component>
      <object_component id="oc-c7">
         <name>.data:Forward_2</name>
         <load_address>0x20000850</load_address>
         <run_address>0x20000850</run_address>
         <size>0x28</size>
         <input_file_ref idref="fl-2"/>
      </object_component>
      <object_component id="oc-fd">
         <name>.common:g_ulSystemClock</name>
         <uninitialized>true</uninitialized>
         <run_address>0x20000898</run_address>
         <size>0x4</size>
      </object_component>
      <object_component id="oc-17a">
         <name>.common:Motor_CurrentSequence</name>
         <uninitialized>true</uninitialized>
         <run_address>0x20000890</run_address>
         <size>0x4</size>
      </object_component>
      <object_component id="oc-179">
         <name>.common:Motor_CurrentAction</name>
         <uninitialized>true</uninitialized>
         <run_address>0x2000088c</run_address>
         <size>0x4</size>
      </object_component>
      <object_component id="oc-17b">
         <name>.common:First_Command</name>
         <uninitialized>true</uninitialized>
         <run_address>0x2000089c</run_address>
         <size>0x2</size>
      </object_component>
      <object_component id="oc-18f">
         <name>.common:g_pfnWheelCallback</name>
         <uninitialized>true</uninitialized>
         <run_address>0x20000894</run_address>
         <size>0x4</size>
      </object_component>
      <object_component id="oc-28">
         <name>.stack</name>
         <uninitialized>true</uninitialized>
         <run_address>0x20000000</run_address>
         <size>0x0</size>
         <input_file_ref idref="fl-13a"/>
      </object_component>
      <object_component id="oc-2e3">
         <name>.stack</name>
         <uninitialized>true</uninitialized>
         <run_address>0x20000000</run_address>
         <size>0x0</size>
      </object_component>
      <object_component id="oc-f">
         <name>.debug_info</name>
         <load_address>0x0</load_address>
         <run_address>0x0</run_address>
         <size>0xf1</size>
         <input_file_ref idref="fl-3"/>
      </object_component>
      <object_component id="oc-14">
         <name>.debug_info</name>
         <load_address>0xf1</load_address>
         <run_address>0xf1</run_address>
         <size>0xf3</size>
         <input_file_ref idref="fl-13a"/>
      </object_component>
      <object_component id="oc-19">
         <name>.debug_info</name>
         <load_address>0x1e4</load_address>
         <run_address>0x1e4</run_address>
         <size>0x194</size>
         <input_file_ref idref="fl-13b"/>
      </object_component>
      <object_component id="oc-20">
         <name>.debug_info</name>
         <load_address>0x378</load_address>
         <run_address>0x378</run_address>
         <size>0x16a</size>
         <input_file_ref idref="fl-13d"/>
      </object_component>
      <object_component id="oc-23">
         <name>.debug_info</name>
         <load_address>0x4e2</load_address>
         <run_address>0x4e2</run_address>
         <size>0x18e</size>
         <input_file_ref idref="fl-13c"/>
      </object_component>
      <object_component id="oc-2a">
         <name>.debug_info</name>
         <load_address>0x670</load_address>
         <run_address>0x670</run_address>
         <size>0x121</size>
         <input_file_ref idref="fl-3"/>
      </object_component>
      <object_component id="oc-30">
         <name>.debug_info</name>
         <load_address>0x791</load_address>
         <run_address>0x791</run_address>
         <size>0x10f</size>
         <input_file_ref idref="fl-3"/>
      </object_component>
      <object_component id="oc-36">
         <name>.debug_info</name>
         <load_address>0x8a0</load_address>
         <run_address>0x8a0</run_address>
         <size>0x115</size>
         <input_file_ref idref="fl-3"/>
      </object_component>
      <object_component id="oc-3c">
         <name>.debug_info</name>
         <load_address>0x9b5</load_address>
         <run_address>0x9b5</run_address>
         <size>0x127</size>
         <input_file_ref idref="fl-3"/>
      </object_component>
      <object_component id="oc-42">
         <name>.debug_info</name>
         <load_address>0xadc</load_address>
         <run_address>0xadc</run_address>
         <size>0x13c</size>
         <input_file_ref idref="fl-2"/>
      </object_component>
      <object_component id="oc-49">
         <name>.debug_info</name>
         <load_address>0xc18</load_address>
         <run_address>0xc18</run_address>
         <size>0x1b4</size>
         <input_file_ref idref="fl-6"/>
      </object_component>
      <object_component id="oc-4f">
         <name>.debug_info</name>
         <load_address>0xdcc</load_address>
         <run_address>0xdcc</run_address>
         <size>0x168</size>
         <input_file_ref idref="fl-3"/>
      </object_component>
      <object_component id="oc-51">
         <name>.debug_info</name>
         <load_address>0xf34</load_address>
         <run_address>0xf34</run_address>
         <size>0x13d</size>
         <input_file_ref idref="fl-14d"/>
      </object_component>
      <object_component id="oc-56">
         <name>.debug_info</name>
         <load_address>0x1071</load_address>
         <run_address>0x1071</run_address>
         <size>0x11c</size>
         <input_file_ref idref="fl-14b"/>
      </object_component>
      <object_component id="oc-5c">
         <name>.debug_info</name>
         <load_address>0x118d</load_address>
         <run_address>0x118d</run_address>
         <size>0x1c2</size>
         <input_file_ref idref="fl-13e"/>
      </object_component>
      <object_component id="oc-62">
         <name>.debug_info</name>
         <load_address>0x134f</load_address>
         <run_address>0x134f</run_address>
         <size>0xbe</size>
         <input_file_ref idref="fl-146"/>
      </object_component>
      <object_component id="oc-66">
         <name>.debug_info</name>
         <load_address>0x140d</load_address>
         <run_address>0x140d</run_address>
         <size>0xcc</size>
         <input_file_ref idref="fl-144"/>
      </object_component>
      <object_component id="oc-6b">
         <name>.debug_info</name>
         <load_address>0x14d9</load_address>
         <run_address>0x14d9</run_address>
         <size>0x46</size>
         <input_file_ref idref="fl-13b"/>
      </object_component>
      <object_component id="oc-70">
         <name>.debug_info</name>
         <load_address>0x151f</load_address>
         <run_address>0x151f</run_address>
         <size>0xf2</size>
         <input_file_ref idref="fl-13b"/>
      </object_component>
      <object_component id="oc-72">
         <name>.debug_info</name>
         <load_address>0x1611</load_address>
         <run_address>0x1611</run_address>
         <size>0x46</size>
         <input_file_ref idref="fl-13d"/>
      </object_component>
      <object_component id="oc-77">
         <name>.debug_info</name>
         <load_address>0x1657</load_address>
         <run_address>0x1657</run_address>
         <size>0xad</size>
         <input_file_ref idref="fl-13d"/>
      </object_component>
      <object_component id="oc-7a">
         <name>.debug_info</name>
         <load_address>0x1704</load_address>
         <run_address>0x1704</run_address>
         <size>0x1ef</size>
         <input_file_ref idref="fl-13c"/>
      </object_component>
      <object_component id="oc-7f">
         <name>.debug_info</name>
         <load_address>0x18f3</load_address>
         <run_address>0x18f3</run_address>
         <size>0xb7</size>
         <input_file_ref idref="fl-13c"/>
      </object_component>
      <object_component id="oc-80">
         <name>.debug_info</name>
         <load_address>0x19aa</load_address>
         <run_address>0x19aa</run_address>
         <size>0x39</size>
         <input_file_ref idref="fl-13c"/>
      </object_component>
      <object_component id="oc-8a">
         <name>.debug_info</name>
         <load_address>0x19e3</load_address>
         <run_address>0x19e3</run_address>
         <size>0x25e</size>
         <input_file_ref idref="fl-2"/>
      </object_component>
      <object_component id="oc-8e">
         <name>.debug_info</name>
         <load_address>0x1c41</load_address>
         <run_address>0x1c41</run_address>
         <size>0x131</size>
         <input_file_ref idref="fl-6"/>
      </object_component>
      <object_component id="oc-91">
         <name>.debug_info</name>
         <load_address>0x1d72</load_address>
         <run_address>0x1d72</run_address>
         <size>0x84</size>
         <input_file_ref idref="fl-2"/>
      </object_component>
      <object_component id="oc-9b">
         <name>.debug_info</name>
         <load_address>0x1df6</load_address>
         <run_address>0x1df6</run_address>
         <size>0x14b</size>
         <input_file_ref idref="fl-14e"/>
      </object_component>
      <object_component id="oc-a0">
         <name>.debug_info</name>
         <load_address>0x1f41</load_address>
         <run_address>0x1f41</run_address>
         <size>0x1d8</size>
         <input_file_ref idref="fl-2"/>
      </object_component>
      <object_component id="oc-a6">
         <name>.debug_info</name>
         <load_address>0x2119</load_address>
         <run_address>0x2119</run_address>
         <size>0x11b</size>
         <input_file_ref idref="fl-14b"/>
      </object_component>
      <object_component id="oc-a8">
         <name>.debug_info</name>
         <load_address>0x2234</load_address>
         <run_address>0x2234</run_address>
         <size>0xc8</size>
         <input_file_ref idref="fl-149"/>
      </object_component>
      <object_component id="oc-ab">
         <name>.debug_info</name>
         <load_address>0x22fc</load_address>
         <run_address>0x22fc</run_address>
         <size>0xeb</size>
         <input_file_ref idref="fl-13e"/>
      </object_component>
      <object_component id="oc-ae">
         <name>.debug_info</name>
         <load_address>0x23e7</load_address>
         <run_address>0x23e7</run_address>
         <size>0x146</size>
         <input_file_ref idref="fl-13e"/>
      </object_component>
      <object_component id="oc-b3">
         <name>.debug_info</name>
         <load_address>0x252d</load_address>
         <run_address>0x252d</run_address>
         <size>0x2c</size>
         <input_file_ref idref="fl-13b"/>
      </object_component>
      <object_component id="oc-ba">
         <name>.debug_info</name>
         <load_address>0x2559</load_address>
         <run_address>0x2559</run_address>
         <size>0x2c</size>
         <input_file_ref idref="fl-4"/>
      </object_component>
      <object_component id="oc-c5">
         <name>.debug_info</name>
         <load_address>0x2585</load_address>
         <run_address>0x2585</run_address>
         <size>0xee</size>
         <input_file_ref idref="fl-2"/>
      </object_component>
      <object_component id="oc-c8">
         <name>.debug_info</name>
         <load_address>0x2673</load_address>
         <run_address>0x2673</run_address>
         <size>0xee</size>
         <input_file_ref idref="fl-2"/>
      </object_component>
      <object_component id="oc-cc">
         <name>.debug_info</name>
         <load_address>0x2761</load_address>
         <run_address>0x2761</run_address>
         <size>0x4e4</size>
         <input_file_ref idref="fl-2"/>
      </object_component>
      <object_component id="oc-d0">
         <name>.debug_info</name>
         <load_address>0x2c45</load_address>
         <run_address>0x2c45</run_address>
         <size>0x71</size>
         <input_file_ref idref="fl-2"/>
      </object_component>
      <object_component id="oc-d6">
         <name>.debug_info</name>
         <load_address>0x2cb6</load_address>
         <run_address>0x2cb6</run_address>
         <size>0x148</size>
         <input_file_ref idref="fl-14e"/>
      </object_component>
      <object_component id="oc-d8">
         <name>.debug_info</name>
         <load_address>0x2dfe</load_address>
         <run_address>0x2dfe</run_address>
         <size>0x2e4</size>
         <input_file_ref idref="fl-d"/>
      </object_component>
      <object_component id="oc-dc">
         <name>.debug_info</name>
         <load_address>0x30e2</load_address>
         <run_address>0x30e2</run_address>
         <size>0x1ea</size>
         <input_file_ref idref="fl-d"/>
      </object_component>
      <object_component id="oc-e1">
         <name>.debug_info</name>
         <load_address>0x32cc</load_address>
         <run_address>0x32cc</run_address>
         <size>0x1ce</size>
         <input_file_ref idref="fl-c"/>
      </object_component>
      <object_component id="oc-e4">
         <name>.debug_info</name>
         <load_address>0x349a</load_address>
         <run_address>0x349a</run_address>
         <size>0x19c</size>
         <input_file_ref idref="fl-c"/>
      </object_component>
      <object_component id="oc-e8">
         <name>.debug_info</name>
         <load_address>0x3636</load_address>
         <run_address>0x3636</run_address>
         <size>0x196</size>
         <input_file_ref idref="fl-c"/>
      </object_component>
      <object_component id="oc-ec">
         <name>.debug_info</name>
         <load_address>0x37cc</load_address>
         <run_address>0x37cc</run_address>
         <size>0x198</size>
         <input_file_ref idref="fl-2"/>
      </object_component>
      <object_component id="oc-f2">
         <name>.debug_info</name>
         <load_address>0x3964</load_address>
         <run_address>0x3964</run_address>
         <size>0x153</size>
         <input_file_ref idref="fl-2"/>
      </object_component>
      <object_component id="oc-f8">
         <name>.debug_info</name>
         <load_address>0x3ab7</load_address>
         <run_address>0x3ab7</run_address>
         <size>0x1a1</size>
         <input_file_ref idref="fl-2"/>
      </object_component>
      <object_component id="oc-101">
         <name>.debug_info</name>
         <load_address>0x3c58</load_address>
         <run_address>0x3c58</run_address>
         <size>0x5e</size>
         <input_file_ref idref="fl-14b"/>
      </object_component>
      <object_component id="oc-109">
         <name>.debug_info</name>
         <load_address>0x3cb6</load_address>
         <run_address>0x3cb6</run_address>
         <size>0x1d4</size>
         <input_file_ref idref="fl-149"/>
      </object_component>
      <object_component id="oc-10e">
         <name>.debug_info</name>
         <load_address>0x3e8a</load_address>
         <run_address>0x3e8a</run_address>
         <size>0xd9</size>
         <input_file_ref idref="fl-149"/>
      </object_component>
      <object_component id="oc-11a">
         <name>.debug_info</name>
         <load_address>0x3f63</load_address>
         <run_address>0x3f63</run_address>
         <size>0x54</size>
         <input_file_ref idref="fl-2"/>
      </object_component>
      <object_component id="oc-11f">
         <name>.debug_info</name>
         <load_address>0x3fb7</load_address>
         <run_address>0x3fb7</run_address>
         <size>0x2c</size>
         <input_file_ref idref="fl-2"/>
      </object_component>
      <object_component id="oc-124">
         <name>.debug_info</name>
         <load_address>0x3fe3</load_address>
         <run_address>0x3fe3</run_address>
         <size>0x71</size>
         <input_file_ref idref="fl-2"/>
      </object_component>
      <object_component id="oc-12b">
         <name>.debug_info</name>
         <load_address>0x4054</load_address>
         <run_address>0x4054</run_address>
         <size>0xcd</size>
         <input_file_ref idref="fl-14e"/>
      </object_component>
      <object_component id="oc-132">
         <name>.debug_info</name>
         <load_address>0x4121</load_address>
         <run_address>0x4121</run_address>
         <size>0x84</size>
         <input_file_ref idref="fl-c"/>
      </object_component>
      <object_component id="oc-136">
         <name>.debug_info</name>
         <load_address>0x41a5</load_address>
         <run_address>0x41a5</run_address>
         <size>0x4cc</size>
         <input_file_ref idref="fl-d"/>
      </object_component>
      <object_component id="oc-138">
         <name>.debug_info</name>
         <load_address>0x4671</load_address>
         <run_address>0x4671</run_address>
         <size>0x10e</size>
         <input_file_ref idref="fl-d"/>
      </object_component>
      <object_component id="oc-13b">
         <name>.debug_info</name>
         <load_address>0x477f</load_address>
         <run_address>0x477f</run_address>
         <size>0x413</size>
         <input_file_ref idref="fl-c"/>
      </object_component>
      <object_component id="oc-140">
         <name>.debug_info</name>
         <load_address>0x4b92</load_address>
         <run_address>0x4b92</run_address>
         <size>0x208</size>
         <input_file_ref idref="fl-5"/>
      </object_component>
      <object_component id="oc-146">
         <name>.debug_info</name>
         <load_address>0x4d9a</load_address>
         <run_address>0x4d9a</run_address>
         <size>0x1e0</size>
         <input_file_ref idref="fl-6"/>
      </object_component>
      <object_component id="oc-14c">
         <name>.debug_info</name>
         <load_address>0x4f7a</load_address>
         <run_address>0x4f7a</run_address>
         <size>0x149</size>
         <input_file_ref idref="fl-6"/>
      </object_component>
      <object_component id="oc-152">
         <name>.debug_info</name>
         <load_address>0x50c3</load_address>
         <run_address>0x50c3</run_address>
         <size>0x187</size>
         <input_file_ref idref="fl-6"/>
      </object_component>
      <object_component id="oc-157">
         <name>.debug_info</name>
         <load_address>0x524a</load_address>
         <run_address>0x524a</run_address>
         <size>0x1a9</size>
         <input_file_ref idref="fl-2"/>
      </object_component>
      <object_component id="oc-161">
         <name>.debug_info</name>
         <load_address>0x53f3</load_address>
         <run_address>0x53f3</run_address>
         <size>0x2db</size>
         <input_file_ref idref="fl-4"/>
      </object_component>
      <object_component id="oc-168">
         <name>.debug_info</name>
         <load_address>0x56ce</load_address>
         <run_address>0x56ce</run_address>
         <size>0x1e6</size>
         <input_file_ref idref="fl-5"/>
      </object_component>
      <object_component id="oc-16e">
         <name>.debug_info</name>
         <load_address>0x58b4</load_address>
         <run_address>0x58b4</run_address>
         <size>0x196</size>
         <input_file_ref idref="fl-5"/>
      </object_component>
      <object_component id="oc-175">
         <name>.debug_info</name>
         <load_address>0x5a4a</load_address>
         <run_address>0x5a4a</run_address>
         <size>0x171</size>
         <input_file_ref idref="fl-5"/>
      </object_component>
      <object_component id="oc-182">
         <name>.debug_info</name>
         <load_address>0x5bbb</load_address>
         <run_address>0x5bbb</run_address>
         <size>0x2c</size>
         <input_file_ref idref="fl-c"/>
      </object_component>
      <object_component id="oc-18b">
         <name>.debug_info</name>
         <load_address>0x5be7</load_address>
         <run_address>0x5be7</run_address>
         <size>0x1e9</size>
         <input_file_ref idref="fl-f"/>
      </object_component>
      <object_component id="oc-194">
         <name>.debug_info</name>
         <load_address>0x5dd0</load_address>
         <run_address>0x5dd0</run_address>
         <size>0x1e9</size>
         <input_file_ref idref="fl-4"/>
      </object_component>
      <object_component id="oc-19b">
         <name>.debug_info</name>
         <load_address>0x5fb9</load_address>
         <run_address>0x5fb9</run_address>
         <size>0xdf</size>
         <input_file_ref idref="fl-142"/>
      </object_component>
      <object_component id="oc-19f">
         <name>.debug_info</name>
         <load_address>0x6098</load_address>
         <run_address>0x6098</run_address>
         <size>0xff</size>
         <input_file_ref idref="fl-13f"/>
      </object_component>
      <object_component id="oc-1a4">
         <name>.debug_info</name>
         <load_address>0x6197</load_address>
         <run_address>0x6197</run_address>
         <size>0xe8</size>
         <input_file_ref idref="fl-140"/>
      </object_component>
      <object_component id="oc-1a9">
         <name>.debug_info</name>
         <load_address>0x627f</load_address>
         <run_address>0x627f</run_address>
         <size>0x1ea</size>
         <input_file_ref idref="fl-2"/>
      </object_component>
      <object_component id="oc-1b0">
         <name>.debug_info</name>
         <load_address>0x6469</load_address>
         <run_address>0x6469</run_address>
         <size>0x1a3</size>
         <input_file_ref idref="fl-4"/>
      </object_component>
      <object_component id="oc-1b6">
         <name>.debug_info</name>
         <load_address>0x660c</load_address>
         <run_address>0x660c</run_address>
         <size>0x1e4</size>
         <input_file_ref idref="fl-4"/>
      </object_component>
      <object_component id="oc-1bc">
         <name>.debug_info</name>
         <load_address>0x67f0</load_address>
         <run_address>0x67f0</run_address>
         <size>0x1b8</size>
         <input_file_ref idref="fl-4"/>
      </object_component>
      <object_component id="oc-1c2">
         <name>.debug_info</name>
         <load_address>0x69a8</load_address>
         <run_address>0x69a8</run_address>
         <size>0x197</size>
         <input_file_ref idref="fl-4"/>
      </object_component>
      <object_component id="oc-1c8">
         <name>.debug_info</name>
         <load_address>0x6b3f</load_address>
         <run_address>0x6b3f</run_address>
         <size>0x1d3</size>
         <input_file_ref idref="fl-4"/>
      </object_component>
      <object_component id="oc-1ce">
         <name>.debug_info</name>
         <load_address>0x6d12</load_address>
         <run_address>0x6d12</run_address>
         <size>0xfb</size>
         <input_file_ref idref="fl-4"/>
      </object_component>
      <object_component id="oc-1d1">
         <name>.debug_info</name>
         <load_address>0x6e0d</load_address>
         <run_address>0x6e0d</run_address>
         <size>0x1e9</size>
         <input_file_ref idref="fl-4"/>
      </object_component>
      <object_component id="oc-1d3">
         <name>.debug_info</name>
         <load_address>0x6ff6</load_address>
         <run_address>0x6ff6</run_address>
         <size>0x120</size>
         <input_file_ref idref="fl-5"/>
      </object_component>
      <object_component id="oc-1d7">
         <name>.debug_info</name>
         <load_address>0x7116</load_address>
         <run_address>0x7116</run_address>
         <size>0x11c</size>
         <input_file_ref idref="fl-f"/>
      </object_component>
      <object_component id="oc-1d9">
         <name>.debug_info</name>
         <load_address>0x7232</load_address>
         <run_address>0x7232</run_address>
         <size>0x471</size>
         <input_file_ref idref="fl-f"/>
      </object_component>
      <object_component id="oc-1db">
         <name>.debug_info</name>
         <load_address>0x76a3</load_address>
         <run_address>0x76a3</run_address>
         <size>0x341</size>
         <input_file_ref idref="fl-4"/>
      </object_component>
      <object_component id="oc-1e5">
         <name>.debug_info</name>
         <load_address>0x79e4</load_address>
         <run_address>0x79e4</run_address>
         <size>0xfc</size>
         <input_file_ref idref="fl-143"/>
      </object_component>
      <object_component id="oc-1eb">
         <name>.debug_info</name>
         <load_address>0x7ae0</load_address>
         <run_address>0x7ae0</run_address>
         <size>0xed</size>
         <input_file_ref idref="fl-141"/>
      </object_component>
      <object_component id="oc-1ef">
         <name>.debug_info</name>
         <load_address>0x7bcd</load_address>
         <run_address>0x7bcd</run_address>
         <size>0x2b5</size>
         <input_file_ref idref="fl-145"/>
      </object_component>
      <object_component id="oc-1f9">
         <name>.debug_info</name>
         <load_address>0x7e82</load_address>
         <run_address>0x7e82</run_address>
         <size>0x1fc</size>
         <input_file_ref idref="fl-4"/>
      </object_component>
      <object_component id="oc-20b">
         <name>.debug_info</name>
         <load_address>0x807e</load_address>
         <run_address>0x807e</run_address>
         <size>0x1a8</size>
         <input_file_ref idref="fl-4"/>
      </object_component>
      <object_component id="oc-211">
         <name>.debug_info</name>
         <load_address>0x8226</load_address>
         <run_address>0x8226</run_address>
         <size>0xf5</size>
         <input_file_ref idref="fl-4"/>
      </object_component>
      <object_component id="oc-216">
         <name>.debug_info</name>
         <load_address>0x831b</load_address>
         <run_address>0x831b</run_address>
         <size>0xe1</size>
         <input_file_ref idref="fl-154"/>
      </object_component>
      <object_component id="oc-21c">
         <name>.debug_info</name>
         <load_address>0x83fc</load_address>
         <run_address>0x83fc</run_address>
         <size>0x12b1</size>
         <input_file_ref idref="fl-14a"/>
      </object_component>
      <object_component id="oc-222">
         <name>.debug_info</name>
         <load_address>0x96ad</load_address>
         <run_address>0x96ad</run_address>
         <size>0x170</size>
         <input_file_ref idref="fl-145"/>
      </object_component>
      <object_component id="oc-223">
         <name>.debug_info</name>
         <load_address>0x981d</load_address>
         <run_address>0x981d</run_address>
         <size>0x4e</size>
         <input_file_ref idref="fl-2"/>
      </object_component>
      <object_component id="oc-229">
         <name>.debug_info</name>
         <load_address>0x986b</load_address>
         <run_address>0x986b</run_address>
         <size>0x123</size>
         <input_file_ref idref="fl-4"/>
      </object_component>
      <object_component id="oc-232">
         <name>.debug_info</name>
         <load_address>0x998e</load_address>
         <run_address>0x998e</run_address>
         <size>0x13a</size>
         <input_file_ref idref="fl-15a"/>
      </object_component>
      <object_component id="oc-238">
         <name>.debug_info</name>
         <load_address>0x9ac8</load_address>
         <run_address>0x9ac8</run_address>
         <size>0xd5</size>
         <input_file_ref idref="fl-156"/>
      </object_component>
      <object_component id="oc-23c">
         <name>.debug_info</name>
         <load_address>0x9b9d</load_address>
         <run_address>0x9b9d</run_address>
         <size>0x153</size>
         <input_file_ref idref="fl-147"/>
      </object_component>
      <object_component id="oc-242">
         <name>.debug_info</name>
         <load_address>0x9cf0</load_address>
         <run_address>0x9cf0</run_address>
         <size>0xdb</size>
         <input_file_ref idref="fl-150"/>
      </object_component>
      <object_component id="oc-248">
         <name>.debug_info</name>
         <load_address>0x9dcb</load_address>
         <run_address>0x9dcb</run_address>
         <size>0xed</size>
         <input_file_ref idref="fl-152"/>
      </object_component>
      <object_component id="oc-24c">
         <name>.debug_info</name>
         <load_address>0x9eb8</load_address>
         <run_address>0x9eb8</run_address>
         <size>0xed</size>
         <input_file_ref idref="fl-151"/>
      </object_component>
      <object_component id="oc-250">
         <name>.debug_info</name>
         <load_address>0x9fa5</load_address>
         <run_address>0x9fa5</run_address>
         <size>0xdd</size>
         <input_file_ref idref="fl-150"/>
      </object_component>
      <object_component id="oc-256">
         <name>.debug_info</name>
         <load_address>0xa082</load_address>
         <run_address>0xa082</run_address>
         <size>0xe1</size>
         <input_file_ref idref="fl-153"/>
      </object_component>
      <object_component id="oc-25b">
         <name>.debug_info</name>
         <load_address>0xa163</load_address>
         <run_address>0xa163</run_address>
         <size>0x177</size>
         <input_file_ref idref="fl-157"/>
      </object_component>
      <object_component id="oc-262">
         <name>.debug_info</name>
         <load_address>0xa2da</load_address>
         <run_address>0xa2da</run_address>
         <size>0xdf</size>
         <input_file_ref idref="fl-155"/>
      </object_component>
      <object_component id="oc-265">
         <name>.debug_info</name>
         <load_address>0xa3b9</load_address>
         <run_address>0xa3b9</run_address>
         <size>0xfc</size>
         <input_file_ref idref="fl-159"/>
      </object_component>
      <object_component id="oc-26b">
         <name>.debug_info</name>
         <load_address>0xa4b5</load_address>
         <run_address>0xa4b5</run_address>
         <size>0x110</size>
         <input_file_ref idref="fl-15b"/>
      </object_component>
      <object_component id="oc-272">
         <name>.debug_info</name>
         <load_address>0xa5c5</load_address>
         <run_address>0xa5c5</run_address>
         <size>0x160</size>
         <input_file_ref idref="fl-158"/>
      </object_component>
      <object_component id="oc-276">
         <name>.debug_info</name>
         <load_address>0xa725</load_address>
         <run_address>0xa725</run_address>
         <size>0x126</size>
         <input_file_ref idref="fl-14c"/>
      </object_component>
      <object_component id="oc-27c">
         <name>.debug_info</name>
         <load_address>0xa84b</load_address>
         <run_address>0xa84b</run_address>
         <size>0x26b</size>
         <input_file_ref idref="fl-14a"/>
      </object_component>
      <object_component id="oc-27d">
         <name>.debug_info</name>
         <load_address>0xaab6</load_address>
         <run_address>0xaab6</run_address>
         <size>0x86</size>
         <input_file_ref idref="fl-14a"/>
      </object_component>
      <object_component id="oc-282">
         <name>.debug_info</name>
         <load_address>0xab3c</load_address>
         <run_address>0xab3c</run_address>
         <size>0x39</size>
         <input_file_ref idref="fl-14a"/>
      </object_component>
      <object_component id="oc-289">
         <name>.debug_info</name>
         <load_address>0xab75</load_address>
         <run_address>0xab75</run_address>
         <size>0x2c</size>
         <input_file_ref idref="fl-145"/>
      </object_component>
      <object_component id="oc-293">
         <name>.debug_info</name>
         <load_address>0xaba1</load_address>
         <run_address>0xaba1</run_address>
         <size>0x9f</size>
         <input_file_ref idref="fl-147"/>
      </object_component>
      <object_component id="oc-29a">
         <name>.debug_info</name>
         <load_address>0xac40</load_address>
         <run_address>0xac40</run_address>
         <size>0x101</size>
         <input_file_ref idref="fl-157"/>
      </object_component>
      <object_component id="oc-29e">
         <name>.debug_info</name>
         <load_address>0xad41</load_address>
         <run_address>0xad41</run_address>
         <size>0x10f</size>
         <input_file_ref idref="fl-15c"/>
      </object_component>
      <object_component id="oc-2a5">
         <name>.debug_info</name>
         <load_address>0xae50</load_address>
         <run_address>0xae50</run_address>
         <size>0xa6</size>
         <input_file_ref idref="fl-158"/>
      </object_component>
      <object_component id="oc-2a7">
         <name>.debug_info</name>
         <load_address>0xaef6</load_address>
         <run_address>0xaef6</run_address>
         <size>0xaf</size>
         <input_file_ref idref="fl-14f"/>
      </object_component>
      <object_component id="oc-2aa">
         <name>.debug_info</name>
         <load_address>0xafa5</load_address>
         <run_address>0xafa5</run_address>
         <size>0xc5</size>
         <input_file_ref idref="fl-14c"/>
      </object_component>
      <object_component id="oc-2ad">
         <name>.debug_info</name>
         <load_address>0xb06a</load_address>
         <run_address>0xb06a</run_address>
         <size>0x46</size>
         <input_file_ref idref="fl-14a"/>
      </object_component>
      <object_component id="oc-2b7">
         <name>.debug_info</name>
         <load_address>0xb0b0</load_address>
         <run_address>0xb0b0</run_address>
         <size>0x9a</size>
         <input_file_ref idref="fl-15c"/>
      </object_component>
      <object_component id="oc-2bc">
         <name>.debug_info</name>
         <load_address>0xb14a</load_address>
         <run_address>0xb14a</run_address>
         <size>0xa3</size>
         <input_file_ref idref="fl-14f"/>
      </object_component>
      <object_component id="oc-2e4">
         <name>.debug_info</name>
         <load_address>0xb1ed</load_address>
         <run_address>0xb1ed</run_address>
         <size>0xb8</size>
      </object_component>
      <object_component id="oc-10">
         <name>.debug_pubnames</name>
         <load_address>0x0</load_address>
         <run_address>0x0</run_address>
         <size>0x23</size>
         <input_file_ref idref="fl-3"/>
      </object_component>
      <object_component id="oc-15">
         <name>.debug_pubnames</name>
         <load_address>0x23</load_address>
         <run_address>0x23</run_address>
         <size>0x1f</size>
         <input_file_ref idref="fl-13a"/>
      </object_component>
      <object_component id="oc-1a">
         <name>.debug_pubnames</name>
         <load_address>0x42</load_address>
         <run_address>0x42</run_address>
         <size>0x2b</size>
         <input_file_ref idref="fl-13b"/>
      </object_component>
      <object_component id="oc-21">
         <name>.debug_pubnames</name>
         <load_address>0x6d</load_address>
         <run_address>0x6d</run_address>
         <size>0x25</size>
         <input_file_ref idref="fl-13d"/>
      </object_component>
      <object_component id="oc-24">
         <name>.debug_pubnames</name>
         <load_address>0x92</load_address>
         <run_address>0x92</run_address>
         <size>0x2c</size>
         <input_file_ref idref="fl-13c"/>
      </object_component>
      <object_component id="oc-2b">
         <name>.debug_pubnames</name>
         <load_address>0xbe</load_address>
         <run_address>0xbe</run_address>
         <size>0x1f</size>
         <input_file_ref idref="fl-3"/>
      </object_component>
      <object_component id="oc-31">
         <name>.debug_pubnames</name>
         <load_address>0xdd</load_address>
         <run_address>0xdd</run_address>
         <size>0x1c</size>
         <input_file_ref idref="fl-3"/>
      </object_component>
      <object_component id="oc-38">
         <name>.debug_pubnames</name>
         <load_address>0xf9</load_address>
         <run_address>0xf9</run_address>
         <size>0x1f</size>
         <input_file_ref idref="fl-3"/>
      </object_component>
      <object_component id="oc-3d">
         <name>.debug_pubnames</name>
         <load_address>0x118</load_address>
         <run_address>0x118</run_address>
         <size>0x28</size>
         <input_file_ref idref="fl-3"/>
      </object_component>
      <object_component id="oc-44">
         <name>.debug_pubnames</name>
         <load_address>0x140</load_address>
         <run_address>0x140</run_address>
         <size>0x28</size>
         <input_file_ref idref="fl-2"/>
      </object_component>
      <object_component id="oc-4a">
         <name>.debug_pubnames</name>
         <load_address>0x168</load_address>
         <run_address>0x168</run_address>
         <size>0x2c</size>
         <input_file_ref idref="fl-6"/>
      </object_component>
      <object_component id="oc-53">
         <name>.debug_pubnames</name>
         <load_address>0x194</load_address>
         <run_address>0x194</run_address>
         <size>0x37</size>
         <input_file_ref idref="fl-14d"/>
      </object_component>
      <object_component id="oc-58">
         <name>.debug_pubnames</name>
         <load_address>0x1cb</load_address>
         <run_address>0x1cb</run_address>
         <size>0x21</size>
         <input_file_ref idref="fl-14b"/>
      </object_component>
      <object_component id="oc-5d">
         <name>.debug_pubnames</name>
         <load_address>0x1ec</load_address>
         <run_address>0x1ec</run_address>
         <size>0x35</size>
         <input_file_ref idref="fl-13e"/>
      </object_component>
      <object_component id="oc-63">
         <name>.debug_pubnames</name>
         <load_address>0x221</load_address>
         <run_address>0x221</run_address>
         <size>0x23</size>
         <input_file_ref idref="fl-146"/>
      </object_component>
      <object_component id="oc-68">
         <name>.debug_pubnames</name>
         <load_address>0x244</load_address>
         <run_address>0x244</run_address>
         <size>0x1d</size>
         <input_file_ref idref="fl-144"/>
      </object_component>
      <object_component id="oc-7b">
         <name>.debug_pubnames</name>
         <load_address>0x261</load_address>
         <run_address>0x261</run_address>
         <size>0x2f</size>
         <input_file_ref idref="fl-13c"/>
      </object_component>
      <object_component id="oc-8b">
         <name>.debug_pubnames</name>
         <load_address>0x290</load_address>
         <run_address>0x290</run_address>
         <size>0xc2</size>
         <input_file_ref idref="fl-2"/>
      </object_component>
      <object_component id="oc-8f">
         <name>.debug_pubnames</name>
         <load_address>0x352</load_address>
         <run_address>0x352</run_address>
         <size>0x29</size>
         <input_file_ref idref="fl-6"/>
      </object_component>
      <object_component id="oc-9d">
         <name>.debug_pubnames</name>
         <load_address>0x37b</load_address>
         <run_address>0x37b</run_address>
         <size>0x1e</size>
         <input_file_ref idref="fl-14e"/>
      </object_component>
      <object_component id="oc-a1">
         <name>.debug_pubnames</name>
         <load_address>0x399</load_address>
         <run_address>0x399</run_address>
         <size>0x1b</size>
         <input_file_ref idref="fl-2"/>
      </object_component>
      <object_component id="oc-a9">
         <name>.debug_pubnames</name>
         <load_address>0x3b4</load_address>
         <run_address>0x3b4</run_address>
         <size>0x28</size>
         <input_file_ref idref="fl-149"/>
      </object_component>
      <object_component id="oc-ac">
         <name>.debug_pubnames</name>
         <load_address>0x3dc</load_address>
         <run_address>0x3dc</run_address>
         <size>0x3a</size>
         <input_file_ref idref="fl-13e"/>
      </object_component>
      <object_component id="oc-c6">
         <name>.debug_pubnames</name>
         <load_address>0x416</load_address>
         <run_address>0x416</run_address>
         <size>0x20</size>
         <input_file_ref idref="fl-2"/>
      </object_component>
      <object_component id="oc-c9">
         <name>.debug_pubnames</name>
         <load_address>0x436</load_address>
         <run_address>0x436</run_address>
         <size>0x20</size>
         <input_file_ref idref="fl-2"/>
      </object_component>
      <object_component id="oc-cd">
         <name>.debug_pubnames</name>
         <load_address>0x456</load_address>
         <run_address>0x456</run_address>
         <size>0x6a</size>
         <input_file_ref idref="fl-2"/>
      </object_component>
      <object_component id="oc-ed">
         <name>.debug_pubnames</name>
         <load_address>0x4c0</load_address>
         <run_address>0x4c0</run_address>
         <size>0x27</size>
         <input_file_ref idref="fl-2"/>
      </object_component>
      <object_component id="oc-f4">
         <name>.debug_pubnames</name>
         <load_address>0x4e7</load_address>
         <run_address>0x4e7</run_address>
         <size>0x28</size>
         <input_file_ref idref="fl-2"/>
      </object_component>
      <object_component id="oc-f9">
         <name>.debug_pubnames</name>
         <load_address>0x50f</load_address>
         <run_address>0x50f</run_address>
         <size>0x2a</size>
         <input_file_ref idref="fl-2"/>
      </object_component>
      <object_component id="oc-10a">
         <name>.debug_pubnames</name>
         <load_address>0x539</load_address>
         <run_address>0x539</run_address>
         <size>0x43</size>
         <input_file_ref idref="fl-149"/>
      </object_component>
      <object_component id="oc-142">
         <name>.debug_pubnames</name>
         <load_address>0x57c</load_address>
         <run_address>0x57c</run_address>
         <size>0x21</size>
         <input_file_ref idref="fl-5"/>
      </object_component>
      <object_component id="oc-147">
         <name>.debug_pubnames</name>
         <load_address>0x59d</load_address>
         <run_address>0x59d</run_address>
         <size>0x27</size>
         <input_file_ref idref="fl-6"/>
      </object_component>
      <object_component id="oc-14d">
         <name>.debug_pubnames</name>
         <load_address>0x5c4</load_address>
         <run_address>0x5c4</run_address>
         <size>0x28</size>
         <input_file_ref idref="fl-6"/>
      </object_component>
      <object_component id="oc-153">
         <name>.debug_pubnames</name>
         <load_address>0x5ec</load_address>
         <run_address>0x5ec</run_address>
         <size>0x2b</size>
         <input_file_ref idref="fl-6"/>
      </object_component>
      <object_component id="oc-159">
         <name>.debug_pubnames</name>
         <load_address>0x617</load_address>
         <run_address>0x617</run_address>
         <size>0x29</size>
         <input_file_ref idref="fl-2"/>
      </object_component>
      <object_component id="oc-162">
         <name>.debug_pubnames</name>
         <load_address>0x640</load_address>
         <run_address>0x640</run_address>
         <size>0x29</size>
         <input_file_ref idref="fl-4"/>
      </object_component>
      <object_component id="oc-16a">
         <name>.debug_pubnames</name>
         <load_address>0x669</load_address>
         <run_address>0x669</run_address>
         <size>0x21</size>
         <input_file_ref idref="fl-5"/>
      </object_component>
      <object_component id="oc-16f">
         <name>.debug_pubnames</name>
         <load_address>0x68a</load_address>
         <run_address>0x68a</run_address>
         <size>0x1f</size>
         <input_file_ref idref="fl-5"/>
      </object_component>
      <object_component id="oc-177">
         <name>.debug_pubnames</name>
         <load_address>0x6a9</load_address>
         <run_address>0x6a9</run_address>
         <size>0x1f</size>
         <input_file_ref idref="fl-5"/>
      </object_component>
      <object_component id="oc-195">
         <name>.debug_pubnames</name>
         <load_address>0x6c8</load_address>
         <run_address>0x6c8</run_address>
         <size>0x2f</size>
         <input_file_ref idref="fl-4"/>
      </object_component>
      <object_component id="oc-19c">
         <name>.debug_pubnames</name>
         <load_address>0x6f7</load_address>
         <run_address>0x6f7</run_address>
         <size>0x22</size>
         <input_file_ref idref="fl-142"/>
      </object_component>
      <object_component id="oc-1a1">
         <name>.debug_pubnames</name>
         <load_address>0x719</load_address>
         <run_address>0x719</run_address>
         <size>0x23</size>
         <input_file_ref idref="fl-13f"/>
      </object_component>
      <object_component id="oc-1a6">
         <name>.debug_pubnames</name>
         <load_address>0x73c</load_address>
         <run_address>0x73c</run_address>
         <size>0x22</size>
         <input_file_ref idref="fl-140"/>
      </object_component>
      <object_component id="oc-1ab">
         <name>.debug_pubnames</name>
         <load_address>0x75e</load_address>
         <run_address>0x75e</run_address>
         <size>0x24</size>
         <input_file_ref idref="fl-2"/>
      </object_component>
      <object_component id="oc-1b1">
         <name>.debug_pubnames</name>
         <load_address>0x782</load_address>
         <run_address>0x782</run_address>
         <size>0x2f</size>
         <input_file_ref idref="fl-4"/>
      </object_component>
      <object_component id="oc-1b7">
         <name>.debug_pubnames</name>
         <load_address>0x7b1</load_address>
         <run_address>0x7b1</run_address>
         <size>0x2f</size>
         <input_file_ref idref="fl-4"/>
      </object_component>
      <object_component id="oc-1bd">
         <name>.debug_pubnames</name>
         <load_address>0x7e0</load_address>
         <run_address>0x7e0</run_address>
         <size>0x2f</size>
         <input_file_ref idref="fl-4"/>
      </object_component>
      <object_component id="oc-1c4">
         <name>.debug_pubnames</name>
         <load_address>0x80f</load_address>
         <run_address>0x80f</run_address>
         <size>0x2a</size>
         <input_file_ref idref="fl-4"/>
      </object_component>
      <object_component id="oc-1c9">
         <name>.debug_pubnames</name>
         <load_address>0x839</load_address>
         <run_address>0x839</run_address>
         <size>0x2e</size>
         <input_file_ref idref="fl-4"/>
      </object_component>
      <object_component id="oc-1cf">
         <name>.debug_pubnames</name>
         <load_address>0x867</load_address>
         <run_address>0x867</run_address>
         <size>0x23</size>
         <input_file_ref idref="fl-4"/>
      </object_component>
      <object_component id="oc-1dd">
         <name>.debug_pubnames</name>
         <load_address>0x88a</load_address>
         <run_address>0x88a</run_address>
         <size>0x32</size>
         <input_file_ref idref="fl-4"/>
      </object_component>
      <object_component id="oc-1e7">
         <name>.debug_pubnames</name>
         <load_address>0x8bc</load_address>
         <run_address>0x8bc</run_address>
         <size>0x24</size>
         <input_file_ref idref="fl-143"/>
      </object_component>
      <object_component id="oc-1ed">
         <name>.debug_pubnames</name>
         <load_address>0x8e0</load_address>
         <run_address>0x8e0</run_address>
         <size>0x23</size>
         <input_file_ref idref="fl-141"/>
      </object_component>
      <object_component id="oc-1f0">
         <name>.debug_pubnames</name>
         <load_address>0x903</load_address>
         <run_address>0x903</run_address>
         <size>0x32</size>
         <input_file_ref idref="fl-145"/>
      </object_component>
      <object_component id="oc-1fa">
         <name>.debug_pubnames</name>
         <load_address>0x935</load_address>
         <run_address>0x935</run_address>
         <size>0x2e</size>
         <input_file_ref idref="fl-4"/>
      </object_component>
      <object_component id="oc-20c">
         <name>.debug_pubnames</name>
[...]
   <placement_map>
      <memory_area display="yes" color="green">
         <name>FLASH</name>
         <page_id>0x0</page_id>
         <origin>0x0</origin>
         <length>0x40000</length>
         <used_space>0x2ec3</used_space>
         <unused_space>0x3d13d</unused_space>
         <attributes>RX</attributes>
         <usage_details>
            <allocated_space>
               <start_address>0x0</start_address>
               <size>0x11c</size>
               <logical_group_ref idref="lg-3"/>
            </allocated_space>
            <allocated_space>
               <start_address>0x11c</start_address>
               <size>0x2940</size>
               <logical_group_ref idref="lg-4"/>
            </allocated_space>
            <allocated_space>
               <start_address>0x2a5c</start_address>
               <size>0x3ff</size>
               <logical_group_ref idref="lg-5"/>
            </allocated_space>
            <available_space>
               <start_address>0x2e5b</start_address>
               <size>0x5</size>
            </available_space>
            <allocated_space>
               <start_address>0x2e60</start_address>
               <size>0x68</size>
               <logical_group_ref idref="lg-6"/>
            </allocated_space>
            <available_space>
               <start_address>0x2ec8</start_address>
               <size>0x3d138</size>
            </available_space>
         </usage_details>
      </memory_area>
      <memory_area display="yes" color="green">
         <name>SRAM</name>
         <page_id>0x0</page_id>
         <origin>0x20000000</origin>
         <length>0x18000</length>
         <used_space>0x89e</used_space>
         <unused_space>0x17762</unused_space>
         <attributes>RWX</attributes>
         <usage_details>
            <allocated_space>
               <start_address>0x20000000</start_address>
               <size>0x800</size>
               <logical_group_ref idref="lg-d"/>
            </allocated_space>
            <allocated_space>
               <start_address>0x20000800</start_address>
               <size>0x8c</size>
               <logical_group_ref idref="lg-a"/>
            </allocated_space>
            <allocated_space>
               <start_address>0x2000088c</start_address>
               <size>0x12</size>
               <logical_group_ref idref="lg-b"/>
            </allocated_space>
            <available_space>
               <start_address>0x2000089e</start_address>
               <size>0x17762</size>
            </available_space>
         </usage_details>
      </memory_area>
   </placement_map>
   <cptbl_list>
      <cptbl>
         <name>__TI_cinit_table</name>
         <cprec>
            <name>.data</name>
            <load_address>0x2e60</load_address>
            <load_size>0x43</load_size>
            <run_address>0x20000800</run_address>
            <run_size>0x8c</run_size>
            <compression>rle</compression>
         </cprec>
         <cprec>
            <name>.bss</name>
            <load_address>0x2eb0</load_address>
            <load_size>0x8</load_size>
            <run_address>0x2000088c</run_address>
            <run_size>0x12</run_size>
            <compression>zero_init</compression>
         </cprec>
      </cptbl>
   </cptbl_list>
   <handler_table>
      <handler_table_name>__TI_handler_table</handler_table_name>
      <handler>
         <index>0x0</index>
         <name>__TI_decompress_rle24</name>
      </handler>
      <handler>
         <index>0x1</index>
         <name>__TI_decompress_none</name>
      </handler>
      <handler>
         <index>0x2</index>
         <name>__TI_zero_init</name>
      </handler>
   </handler_table>
   <symbol_table>
      <symbol id="sm-1">
         <name>__STACK_TOP</name>
         <value>0x20000400</value>
      </symbol>
      <symbol id="sm-2">
         <name>__TI_CINIT_Base</name>
         <value>0x2eb8</value>
      </symbol>
      <symbol id="sm-3">
         <name>__TI_CINIT_Limit</name>
         <value>0x2ec8</value>
      </symbol>
      <symbol id="sm-4">
         <name>__TI_Handler_Table_Base</name>
         <value>0x2ea4</value>
      </symbol>
      <symbol id="sm-5">
         <name>__TI_Handler_Table_Limit</name>
         <value>0x2eb0</value>
      </symbol>
      <symbol id="sm-6">
         <name>binit</name>
         <value>0xffffffff</value>
      </symbol>
      <symbol id="sm-7">
         <name>__binit__</name>
         <value>0xffffffff</value>
      </symbol>
      <symbol id="sm-8">
         <name>__STACK_SIZE</name>
         <value>0x800</value>
      </symbol>
      <symbol id="sm-9">
         <name>__STACK_END</name>
         <value>0x20000800</value>
      </symbol>
      <symbol id="sm-a">
         <name>__c_args__</name>
         <value>0xffffffff</value>
      </symbol>
      <symbol id="sm-c3">
         <name>g_ulSystemClock</name>
         <value>0x20000898</value>
      </symbol>
      <symbol id="sm-c4">
         <name>Motor_CurrentSequence</name>
         <value>0x20000890</value>
      </symbol>
      <symbol id="sm-c5">
         <name>Motor_CurrentAction</name>
         <value>0x2000088c</value>
      </symbol>
      <symbol id="sm-c6">
         <name>First_Command</name>
         <value>0x2000089c</value>
      </symbol>
      <symbol id="sm-c7">
         <name>totalDistance</name>
         <value>0x20000804</value>
         <object_component_ref idref="oc-89"/>
      </symbol>
      <symbol id="sm-c8">
         <name>MotorPath_1</name>
         <value>0x20000814</value>
         <object_component_ref idref="oc-89"/>
      </symbol>
      <symbol id="sm-c9">
         <name>SysTickIntHandler</name>
         <value>0x2a09</value>
         <object_component_ref idref="oc-41"/>
      </symbol>
      <symbol id="sm-ca">
         <name>WheelSensorHandler</name>
         <value>0x241d</value>
         <object_component_ref idref="oc-156"/>
      </symbol>
      <symbol id="sm-cb">
         <name>Task_Motors_Execute</name>
         <value>0x1bf5</value>
         <object_component_ref idref="oc-f7"/>
      </symbol>
      <symbol id="sm-cc">
         <name>Forward_1</name>
         <value>0x20000828</value>
         <object_component_ref idref="oc-c4"/>
      </symbol>
      <symbol id="sm-cd">
         <name>Forward_2</name>
         <value>0x20000850</value>
         <object_component_ref idref="oc-c7"/>
      </symbol>
      <symbol id="sm-ce">
         <name>main</name>
         <value>0x26dd</value>
         <object_component_ref idref="oc-9f"/>
      </symbol>
      <symbol id="sm-cf">
         <name>Task_Motors_Init</name>
         <value>0x2099</value>
         <object_component_ref idref="oc-eb"/>
      </symbol>
      <symbol id="sm-d0">
         <name>printDistance</name>
         <value>0x2189</value>
         <object_component_ref idref="oc-1a8"/>
      </symbol>
      <symbol id="sm-d1">
         <name>wheelSensorTickCount</name>
         <value>0x20000808</value>
         <object_component_ref idref="oc-89"/>
      </symbol>
      <symbol id="sm-d2">
         <name>Task_Display_Init</name>
         <value>0x2a51</value>
         <object_component_ref idref="oc-f1"/>
      </symbol>
      <symbol id="sm-103">
         <name>ResetISR</name>
         <value>0x2a45</value>
         <object_component_ref idref="oc-29"/>
      </symbol>
      <symbol id="sm-104">
         <name>g_pfnVectors</name>
         <value>0x0</value>
         <object_component_ref idref="oc-e"/>
      </symbol>
      <symbol id="sm-1a3">
         <name>Display96x16x1Init</name>
         <value>0x190d</value>
         <object_component_ref idref="oc-160"/>
      </symbol>
      <symbol id="sm-1a4">
         <name>Display96x16x1StringDraw</name>
         <value>0x29f7</value>
         <object_component_ref idref="oc-193"/>
      </symbol>
      <symbol id="sm-1a5">
         <name>Display96x16x1Clear</name>
         <value>0x29e7</value>
         <object_component_ref idref="oc-1c1"/>
      </symbol>
      <symbol id="sm-1a6">
         <name>Display96x16x1StringDrawLen</name>
         <value>0x1cb1</value>
         <object_component_ref idref="oc-1da"/>
      </symbol>
      <symbol id="sm-1a7">
         <name>Display96x16x1ClearLine</name>
         <value>0x27f9</value>
         <object_component_ref idref="oc-1f8"/>
      </symbol>
      <symbol id="sm-1a8">
         <name>Display96x16x1DisplayOn</name>
         <value>0x282d</value>
         <object_component_ref idref="oc-1c7"/>
      </symbol>
      <symbol id="sm-1e2">
         <name>MotorRun</name>
         <value>0x28f9</value>
         <object_component_ref idref="oc-173"/>
      </symbol>
      <symbol id="sm-1e3">
         <name>MotorDir</name>
         <value>0x2751</value>
         <object_component_ref idref="oc-16d"/>
      </symbol>
      <symbol id="sm-1e4">
         <name>MotorsInit</name>
         <value>0x151d</value>
         <object_component_ref idref="oc-13e"/>
      </symbol>
      <symbol id="sm-1e5">
         <name>MotorSpeed</name>
         <value>0x21f1</value>
         <object_component_ref idref="oc-167"/>
      </symbol>
      <symbol id="sm-21f">
         <name>WheelSensorIntHandler</name>
         <value>0x1e85</value>
         <object_component_ref idref="oc-47"/>
      </symbol>
      <symbol id="sm-220">
         <name>WheelSensorEnable</name>
         <value>0x291d</value>
         <object_component_ref idref="oc-14a"/>
      </symbol>
      <symbol id="sm-221">
         <name>WheelSensorIntEnable</name>
         <value>0x26a1</value>
         <object_component_ref idref="oc-150"/>
      </symbol>
      <symbol id="sm-222">
         <name>WheelSensorsInit</name>
         <value>0x1b31</value>
         <object_component_ref idref="oc-144"/>
      </symbol>
      <symbol id="sm-248">
         <name>SysTickEnable</name>
         <value>0x2985</value>
         <object_component_ref idref="oc-e7"/>
      </symbol>
      <symbol id="sm-249">
         <name>SysTickIntEnable</name>
         <value>0x2999</value>
         <object_component_ref idref="oc-e3"/>
      </symbol>
      <symbol id="sm-24a">
         <name>SysTickPeriodSet</name>
         <value>0x2a19</value>
         <object_component_ref idref="oc-df"/>
      </symbol>
      <symbol id="sm-2a2">
         <name>SysCtlClockSet</name>
         <value>0x1691</value>
         <object_component_ref idref="oc-d7"/>
      </symbol>
      <symbol id="sm-2a3">
         <name>SysCtlDelay</name>
         <value>0x2a4b</value>
         <object_component_ref idref="oc-130"/>
      </symbol>
      <symbol id="sm-2a4">
         <name>SysCtlClockGet</name>
         <value>0x1385</value>
         <object_component_ref idref="oc-db"/>
      </symbol>
      <symbol id="sm-2bb">
         <name>GPIOPinConfigure</name>
         <value>0x2501</value>
         <object_component_ref idref="oc-18a"/>
      </symbol>
      <symbol id="sm-2cb">
         <name>_c_int00</name>
         <value>0x2861</value>
         <object_component_ref idref="oc-11"/>
      </symbol>
      <symbol id="sm-2cc">
         <name>__stack</name>
         <value>0x20000000</value>
         <object_component_ref idref="oc-28"/>
      </symbol>
      <symbol id="sm-2e3">
         <name>__TI_decompress_none</name>
         <value>0x2a29</value>
         <object_component_ref idref="oc-16"/>
      </symbol>
      <symbol id="sm-307">
         <name>__TI_decompress_rle24</name>
         <value>0x2a57</value>
         <object_component_ref idref="oc-22"/>
      </symbol>
      <symbol id="sm-31b">
         <name>__TI_zero_init</name>
         <value>0x29d5</value>
         <object_component_ref idref="oc-1c"/>
      </symbol>
      <symbol id="sm-33a">
         <name>C$$EXIT</name>
         <value>0x2619</value>
         <object_component_ref idref="oc-5b"/>
      </symbol>
      <symbol id="sm-33b">
         <name>abort</name>
         <value>0x261d</value>
         <object_component_ref idref="oc-5b"/>
      </symbol>
      <symbol id="sm-33c">
         <name>exit</name>
         <value>0x2625</value>
         <object_component_ref idref="oc-5b"/>
      </symbol>
      <symbol id="sm-33d">
         <name>__TI_dtors_ptr</name>
         <value>0x20000884</value>
         <object_component_ref idref="oc-aa"/>
      </symbol>
      <symbol id="sm-33e">
         <name>__TI_cleanup_ptr</name>
         <value>0x20000880</value>
         <object_component_ref idref="oc-aa"/>
      </symbol>
      <symbol id="sm-355">
         <name>__aeabi_dsub</name>
         <value>0x11cd</value>
         <object_component_ref idref="oc-19e"/>
      </symbol>
      <symbol id="sm-356">
         <name>__aeabi_dadd</name>
         <value>0x11d7</value>
         <object_component_ref idref="oc-19e"/>
      </symbol>
      <symbol id="sm-360">
         <name>__aeabi_d2f</name>
         <value>0x24b5</value>
         <object_component_ref idref="oc-1a3"/>
      </symbol>
      <symbol id="sm-36a">
         <name>__aeabi_fmul</name>
         <value>0x201d</value>
         <object_component_ref idref="oc-1e9"/>
      </symbol>
      <symbol id="sm-375">
         <name>__aeabi_f2d</name>
         <value>0x2789</value>
         <object_component_ref idref="oc-199"/>
      </symbol>
      <symbol id="sm-380">
         <name>__aeabi_f2uiz</name>
         <value>0x2895</value>
         <object_component_ref idref="oc-1e4"/>
      </symbol>
      <symbol id="sm-39b">
         <name>memcpy</name>
         <value>0x1d55</value>
         <object_component_ref idref="oc-65"/>
      </symbol>
      <symbol id="sm-39c">
         <name>__aeabi_memcpy</name>
         <value>0x1d55</value>
         <object_component_ref idref="oc-65"/>
      </symbol>
      <symbol id="sm-39d">
         <name>__aeabi_memcpy8</name>
         <value>0x1d55</value>
         <object_component_ref idref="oc-65"/>
      </symbol>
      <symbol id="sm-39e">
         <name>__aeabi_memcpy4</name>
         <value>0x1d55</value>
         <object_component_ref idref="oc-65"/>
      </symbol>
      <symbol id="sm-3b7">
         <name>sprintf</name>
         <value>0x22b5</value>
         <object_component_ref idref="oc-1ee"/>
      </symbol>
      <symbol id="sm-3bf">
         <name>main_func_sp</name>
         <value>0x20000888</value>
         <object_component_ref idref="oc-61"/>
      </symbol>
      <symbol id="sm-3cd">
         <name>strlen</name>
         <value>0x29c1</value>
         <object_component_ref idref="oc-23a"/>
      </symbol>
      <symbol id="sm-3e7">
         <name>_nop</name>
         <value>0x29bb</value>
         <object_component_ref idref="oc-106"/>
      </symbol>
      <symbol id="sm-3e8">
         <name>_lock</name>
         <value>0x20000878</value>
         <object_component_ref idref="oc-a7"/>
      </symbol>
      <symbol id="sm-3e9">
         <name>_unlock</name>
         <value>0x2000087c</value>
         <object_component_ref idref="oc-a7"/>
      </symbol>
      <symbol id="sm-3ea">
         <name>_register_lock</name>
         <value>0x29b3</value>
         <object_component_ref idref="oc-106"/>
      </symbol>
      <symbol id="sm-3eb">
         <name>_register_unlock</name>
         <value>0x29ad</value>
         <object_component_ref idref="oc-106"/>
      </symbol>
      <symbol id="sm-4d7">
         <name>__TI_printfi</name>
         <value>0xccf</value>
         <object_component_ref idref="oc-21b"/>
      </symbol>
      <symbol id="sm-4eb">
         <name>_args_main</name>
         <value>0x2955</value>
         <object_component_ref idref="oc-55"/>
      </symbol>
      <symbol id="sm-501">
         <name>atoi</name>
         <value>0x2469</value>
         <object_component_ref idref="oc-275"/>
      </symbol>
      <symbol id="sm-51e">
         <name>__TI_auto_init</name>
         <value>0x1df1</value>
         <object_component_ref idref="oc-50"/>
      </symbol>
      <symbol id="sm-537">
         <name>copy_in</name>
         <value>0x25d5</value>
         <object_component_ref idref="oc-98"/>
      </symbol>
      <symbol id="sm-542">
         <name>_ctypes_</name>
         <value>0x2c38</value>
         <object_component_ref idref="oc-2a6"/>
      </symbol>
      <symbol id="sm-564">
         <name>__aeabi_cdcmpeq</name>
         <value>0x1f11</value>
         <object_component_ref idref="oc-240"/>
      </symbol>
      <symbol id="sm-565">
         <name>__aeabi_cdcmple</name>
         <value>0x1f11</value>
         <object_component_ref idref="oc-240"/>
      </symbol>
      <symbol id="sm-566">
         <name>__aeabi_cdrcmple</name>
         <value>0x1f97</value>
         <object_component_ref idref="oc-24f"/>
      </symbol>
      <symbol id="sm-57a">
         <name>__aeabi_ddiv</name>
         <value>0x17d5</value>
         <object_component_ref idref="oc-24a"/>
      </symbol>
      <symbol id="sm-585">
         <name>__aeabi_dmul</name>
         <value>0x1a35</value>
         <object_component_ref idref="oc-245"/>
      </symbol>
      <symbol id="sm-58f">
         <name>__aeabi_d2iz</name>
         <value>0x2549</value>
         <object_component_ref idref="oc-254"/>
      </symbol>
      <symbol id="sm-599">
         <name>__aeabi_f2iz</name>
         <value>0x27c1</value>
         <object_component_ref idref="oc-214"/>
      </symbol>
      <symbol id="sm-5a3">
         <name>__aeabi_i2d</name>
         <value>0x28c9</value>
         <object_component_ref idref="oc-25f"/>
      </symbol>
      <symbol id="sm-5ac">
         <name>__aeabi_lmul</name>
         <value>0x296d</value>
         <object_component_ref idref="oc-235"/>
      </symbol>
      <symbol id="sm-5bb">
         <name>ltoa</name>
         <value>0x2373</value>
         <object_component_ref idref="oc-259"/>
      </symbol>
      <symbol id="sm-5cb">
         <name>memccpy</name>
         <value>0x2939</value>
         <object_component_ref idref="oc-26f"/>
      </symbol>
      <symbol id="sm-5da">
         <name>__aeabi_memset</name>
         <value>0x2113</value>
         <object_component_ref idref="oc-264"/>
      </symbol>
      <symbol id="sm-5db">
         <name>memset</name>
         <value>0x2119</value>
         <object_component_ref idref="oc-264"/>
      </symbol>
      <symbol id="sm-5dc">
         <name>__aeabi_memset8</name>
         <value>0x2113</value>
         <object_component_ref idref="oc-264"/>
      </symbol>
      <symbol id="sm-5dd">
         <name>__aeabi_memset4</name>
         <value>0x2113</value>
         <object_component_ref idref="oc-264"/>
      </symbol>
      <symbol id="sm-5de">
         <name>__aeabi_memclr8</name>
         <value>0x2111</value>
         <object_component_ref idref="oc-264"/>
      </symbol>
      <symbol id="sm-5df">
         <name>__aeabi_memclr4</name>
         <value>0x2111</value>
         <object_component_ref idref="oc-264"/>
      </symbol>
      <symbol id="sm-5e0">
         <name>__aeabi_memclr</name>
         <value>0x2111</value>
         <object_component_ref idref="oc-264"/>
      </symbol>
      <symbol id="sm-5fc">
         <name>__aeabi_uldivmod</name>
         <value>0xfd9</value>
         <object_component_ref idref="oc-230"/>
      </symbol>
      <symbol id="sm-606">
         <name>_Dclass</name>
         <value>0x2a37</value>
         <object_component_ref idref="oc-269"/>
      </symbol>
      <symbol id="sm-618">
         <name>_Dtest</name>
         <value>0x265d</value>
         <object_component_ref idref="oc-29d"/>
      </symbol>
      <symbol id="sm-619">
         <name>__TI_static_base__</name>
         <value>0x0</value>
      </symbol>
      <symbol id="sm-61a">
         <name>__TI_args_main</name>
         <value>0x1</value>
      </symbol>
      <symbol id="sm-61b">
         <name>SHT$$INIT_ARRAY$$Limit</name>
         <value>0x0</value>
      </symbol>
      <symbol id="sm-61c">
         <name>SHT$$INIT_ARRAY$$Base</name>
         <value>0x0</value>
      </symbol>
   </symbol_table>
   <title>Link successful</title>
</link_info>
