******************************************************************************
                  TMS470 Linker PC v4.9.1                      
******************************************************************************
>> Linked Mon Aug 20 09:48:39 2012

OUTPUT FILE NAME:   <Task_Blinky.out>
ENTRY POINT SYMBOL: "_c_int00"  address: 00001701


MEMORY CONFIGURATION

         name            origin    length      used     unused   attr    fill
----------------------  --------  ---------  --------  --------  ----  --------
  FLASH                 00000000   00040000  00001d04  0003e2fc  R  X
  SRAM                  20000000   00010000  00000840  0000f7c0  RW X


SEGMENT ALLOCATION MAP

run origin  load origin   length   init length attrs members
----------  ----------- ---------- ----------- ----- -------
00000000    00000000    00001d08   00001d08    r-x
  00000000    00000000    000000f0   000000f0    r-- .intvecs
  000000f0    000000f0    000017e0   000017e0    r-x .text
  000018d0    000018d0    000003ec   000003ec    r-- .const
  00001cc0    00001cc0    00000048   00000048    r-- .cinit
20000000    20000000    00000800   00000000    rw-
  20000000    20000000    00000800   00000000    rw- .stack
20000800    20000800    00000040   00000030    rw-
  20000800    20000800    00000030   00000030    rw- .data
  20000830    20000830    00000010   00000000    rw- .bss


SECTION ALLOCATION MAP

 output                                  attributes/
section   page    origin      length       input sections
--------  ----  ----------  ----------   ----------------
.intvecs   0    00000000    000000f0     
                  00000000    000000f0     New_Blinky_startup_ccs.obj (.intvecs)

.init_array 
*          0    00000000    00000000     UNINITIALIZED

.text      0    000000f0    000017e0     
                  000000f0    000007c0     rtsv7M3_T_le_eabi.lib : _printfi_nf.obj (.text)
                  000008b0    000001f4                           : ull_div_t2.obj (.text)
                  00000aa4    000001d8     driverlib-cm3.lib : sysctl.obj (.text:SysCtlClockGet)
                  00000c7c    00000144                       : sysctl.obj (.text:SysCtlClockSet)
                  00000dc0    000000d4     rit128x96x4.obj (.text:RIT128x96x4StringDraw)
                  00000e94    000000c8     driverlib-cm3.lib : gpio.obj (.text:GPIOPadConfigSet)
                  00000f5c    000000a4     rit128x96x4.obj (.text:RIT128x96x4Init)
                  00001000    0000009c     rtsv7M3_T_le_eabi.lib : memcpy_t2.obj (.text)
                  0000109c    00000094                           : auto_init.obj (.text)
                  00001130    00000078                           : memset_t2.obj (.text)
                  000011a8    00000064     rit128x96x4.obj (.text:RIT128x96x4ImageDraw)
                  0000120c    00000060     rit128x96x4.obj (.text:RIT128x96x4Enable)
                  0000126c    00000060     rit128x96x4.obj (.text:RITWriteCommand)
                  000012cc    00000060     rit128x96x4.obj (.text:RITWriteData)
                  0000132c    00000060     rtsv7M3_T_le_eabi.lib : sprintf.obj (.text)
                  0000138c    0000005e                           : copy_decompress_rle.obj (.text)
                  000013ea    00000002     New_Blinky_startup_ccs.obj (.text:FaultISR)
                  000013ec    00000058     driverlib-cm3.lib : sysctl.obj (.text:SysCtlPeripheralEnable)
                  00001444    00000050     Task_Blinky.obj (.text:Task1_Execute)
                  00001494    0000004c     rtsv7M3_T_le_eabi.lib : atoi.obj (.text)
                  000014e0    00000048     rit128x96x4.obj (.text:RIT128x96x4Clear)
                  00001528    00000048     rtsv7M3_T_le_eabi.lib : cpy_tbl.obj (.text)
                  00001570    00000044     driverlib-cm3.lib : ssi.obj (.text:SSIConfigSetExpClk)
                  000015b4    00000044     Task_Blinky.obj (.text:Task0_Execute)
                  000015f8    00000044     Task_Blinky.obj (.text:Task0_Init)
                  0000163c    00000044     Task_Blinky.obj (.text:main)
                  00001680    00000044     rtsv7M3_T_le_eabi.lib : exit.obj (.text)
                  000016c4    0000003c     Task_Blinky.obj (.text:Task1_Init)
                  00001700    00000034     rtsv7M3_T_le_eabi.lib : boot.obj (.text)
                  00001734    0000002e     driverlib-cm3.lib : gpio.obj (.text:GPIODirModeSet)
                  00001762    0000001a     rtsv7M3_T_le_eabi.lib : memccpy.obj (.text)
                  0000177c    00000018     Task_Blinky.obj (.text:Task2_Init)
                  00001794    00000018     rtsv7M3_T_le_eabi.lib : _lock.obj (.text)
                  000017ac    00000018                           : args_main.obj (.text)
                  000017c4    00000018                           : ll_mul_t2.obj (.text)
                  000017dc    00000014     driverlib-cm3.lib : systick.obj (.text:SysTickEnable)
                  000017f0    00000014                       : systick.obj (.text:SysTickIntEnable)
                  00001804    00000014     rtsv7M3_T_le_eabi.lib : strlen.obj (.text)
                  00001818    00000012     driverlib-cm3.lib : gpio.obj (.text:GPIOPinTypeGPIOOutput)
                  0000182a    00000012                       : gpio.obj (.text:GPIOPinTypeSSI)
                  0000183c    00000012     rtsv7M3_T_le_eabi.lib : copy_zero_init.obj (.text:decompress:ZI)
                  0000184e    00000002     New_Blinky_startup_ccs.obj (.text:IntDefaultHandler)
                  00001850    00000010     Task_Blinky.obj (.text:SysTickIntHandler)
                  00001860    00000010     driverlib-cm3.lib : systick.obj (.text:SysTickPeriodSet)
                  00001870    0000000e     rtsv7M3_T_le_eabi.lib : copy_decompress_none.obj (.text:decompress:none)
                  0000187e    00000002     New_Blinky_startup_ccs.obj (.text:NmiSR)
                  00001880    0000000c     rit128x96x4.obj (.text:RIT128x96x4DisplayOff)
                  0000188c    0000000a     driverlib-cm3.lib : ssi.obj (.text:SSIDataPut)
                  00001896    0000000a                       : ssi.obj (.text:SSIDisable)
                  000018a0    0000000a                       : ssi.obj (.text:SSIEnable)
                  000018aa    00000008                       : ssi.obj (.text:SSIBusy)
                  000018b2    00000006                       : gpio.obj (.text:GPIOPinRead)
                  000018b8    00000006                       : gpio.obj (.text:GPIOPinWrite)
                  000018be    00000006     New_Blinky_startup_ccs.obj (.text:ResetISR)
                  000018c4    00000006     driverlib-cm3.lib : sysctl.obj (.text:SysCtlDelay)
                  000018ca    00000006     rtsv7M3_T_le_eabi.lib : copy_decompress_rle.obj (.text:decompress:rle24)

.const     0    000018d0    000003ec     
                  000018d0    000001e0     rit128x96x4.obj (.const:g_pucFont)
                  00001ab0    00000101     rtsv7M3_T_le_eabi.lib : ctype.obj (.const:_ctypes_)
                  00001bb1    00000003     --HOLE-- [fill = 0]
                  00001bb4    0000006c     driverlib-cm3.lib : sysctl.obj (.const:g_pulXtals)
                  00001c20    0000004f     rit128x96x4.obj (.const:g_pucRIT128x96x4Init)
                  00001c6f    00000001     --HOLE-- [fill = 0]
                  00001c70    00000040     driverlib-cm3.lib : sysctl.obj (.const)
                  00001cb0    0000000c     rit128x96x4.obj (.const)

.cinit     0    00001cc0    00000048     
                  00001cc0    0000001d     (.cinit..data.load) [load image, compression = rle]
                  00001cdd    00000003     --HOLE-- [fill = 0]
                  00001ce0    0000000c     (__TI_handler_table)
                  00001cec    00000004     --HOLE-- [fill = 0]
                  00001cf0    00000008     (.cinit..bss.load) [load image, compression = zero_init]
                  00001cf8    00000010     (__TI_cinit_table)

.stack     0    20000000    00000800     UNINITIALIZED
                  20000000    00000800     --HOLE--

.data      0    20000800    00000030     
                  20000800    0000001c     Task_Blinky.obj (.data)
                  2000081c    00000008     rtsv7M3_T_le_eabi.lib : _lock.obj (.data)
                  20000824    00000008                           : exit.obj (.data)
                  2000082c    00000004                           : stkdepth_vars.obj (.data)

.bss       0    20000830    00000010     UNINITIALIZED
                  20000830    0000000c     rit128x96x4.obj (.bss)
                  2000083c    00000004     Task_Blinky.obj (.bss)


LINKER GENERATED COPY TABLES

__TI_cinit_table @ 00001cf8 records: 2, size/record: 8, table size: 16
	.data: load addr=00001cc0, load size=0000001d bytes, run addr=20000800, run size=00000030 bytes, compression=rle
	.bss: load addr=00001cf0, load size=00000008 bytes, run addr=20000830, run size=00000010 bytes, compression=zero_init


LINKER GENERATED HANDLER TABLE

__TI_handler_table @ 00001ce0 records: 3, size/record: 4, table size: 12
	index: 0, handler: __TI_decompress_rle24
	index: 1, handler: __TI_decompress_none
	index: 2, handler: __TI_zero_init


GLOBAL SYMBOLS: SORTED ALPHABETICALLY BY Name 

address    name
--------   ----
00001681   C$$EXIT
00001735   GPIODirModeSet
00000e95   GPIOPadConfigSet
000018b3   GPIOPinRead
00001819   GPIOPinTypeGPIOOutput
0000182b   GPIOPinTypeSSI
000018b9   GPIOPinWrite
000014e1   RIT128x96x4Clear
00001881   RIT128x96x4DisplayOff
0000120d   RIT128x96x4Enable
000011a9   RIT128x96x4ImageDraw
00000f5d   RIT128x96x4Init
00000dc1   RIT128x96x4StringDraw
000018bf   ResetISR
000018ab   SSIBusy
00001571   SSIConfigSetExpClk
0000188d   SSIDataPut
00001897   SSIDisable
000018a1   SSIEnable
00000aa5   SysCtlClockGet
00000c7d   SysCtlClockSet
000018c5   SysCtlDelay
000013ed   SysCtlPeripheralEnable
000017dd   SysTickEnable
000017f1   SysTickIntEnable
00001851   SysTickIntHandler
00001861   SysTickPeriodSet
000015b5   Task0_Execute
000015f9   Task0_Init
00001445   Task1_Execute
000016c5   Task1_Init
0000177d   Task2_Init
20000800   __STACK_END
00000800   __STACK_SIZE
20000100   __STACK_TOP
00001cf8   __TI_CINIT_Base
00001d08   __TI_CINIT_Limit
00001ce0   __TI_Handler_Table_Base
00001cec   __TI_Handler_Table_Limit
00000001   __TI_args_main
0000109d   __TI_auto_init
00001871   __TI_decompress_none
000018cb   __TI_decompress_rle24
00000000   __TI_static_base__
0000183d   __TI_zero_init
000017c5   __aeabi_lmul
00001131   __aeabi_memclr
00001131   __aeabi_memclr4
00001131   __aeabi_memclr8
00001001   __aeabi_memcpy
00001001   __aeabi_memcpy4
00001001   __aeabi_memcpy8
00001133   __aeabi_memset
00001133   __aeabi_memset4
00001133   __aeabi_memset8
000008b1   __aeabi_uldivmod
ffffffff   __binit__
ffffffff   __c_args__
20000000   __stack
000017ad   _args_main
00001701   _c_int00
20000824   _cleanup_ptr
00001ab0   _ctypes_
20000828   _dtors_ptr
2000081c   _lock
000017a1   _nop
00000723   _printfi_nofloat
0000179b   _register_lock
00001795   _register_unlock
20000820   _unlock
00001685   abort
00001495   atoi
ffffffff   binit
00001529   copy_in
0000168d   exit
00000000   g_pfnVectors
2000083c   g_ulSystemClock
0000163d   main
2000082c   main_func_sp
00001763   memccpy
00001001   memcpy
00001139   memset
0000132d   sprintf
00001805   strlen


GLOBAL SYMBOLS: SORTED BY Symbol Address 

address    name
--------   ----
00000000   __TI_static_base__
00000000   g_pfnVectors
00000001   __TI_args_main
00000723   _printfi_nofloat
00000800   __STACK_SIZE
000008b1   __aeabi_uldivmod
00000aa5   SysCtlClockGet
00000c7d   SysCtlClockSet
00000dc1   RIT128x96x4StringDraw
00000e95   GPIOPadConfigSet
00000f5d   RIT128x96x4Init
00001001   __aeabi_memcpy
00001001   __aeabi_memcpy4
00001001   __aeabi_memcpy8
00001001   memcpy
0000109d   __TI_auto_init
00001131   __aeabi_memclr
00001131   __aeabi_memclr4
00001131   __aeabi_memclr8
00001133   __aeabi_memset
00001133   __aeabi_memset4
00001133   __aeabi_memset8
00001139   memset
000011a9   RIT128x96x4ImageDraw
0000120d   RIT128x96x4Enable
0000132d   sprintf
000013ed   SysCtlPeripheralEnable
00001445   Task1_Execute
00001495   atoi
000014e1   RIT128x96x4Clear
00001529   copy_in
00001571   SSIConfigSetExpClk
000015b5   Task0_Execute
000015f9   Task0_Init
0000163d   main
00001681   C$$EXIT
00001685   abort
0000168d   exit
000016c5   Task1_Init
00001701   _c_int00
00001735   GPIODirModeSet
00001763   memccpy
0000177d   Task2_Init
00001795   _register_unlock
0000179b   _register_lock
000017a1   _nop
000017ad   _args_main
000017c5   __aeabi_lmul
000017dd   SysTickEnable
000017f1   SysTickIntEnable
00001805   strlen
00001819   GPIOPinTypeGPIOOutput
0000182b   GPIOPinTypeSSI
0000183d   __TI_zero_init
00001851   SysTickIntHandler
00001861   SysTickPeriodSet
00001871   __TI_decompress_none
00001881   RIT128x96x4DisplayOff
0000188d   SSIDataPut
00001897   SSIDisable
000018a1   SSIEnable
000018ab   SSIBusy
000018b3   GPIOPinRead
000018b9   GPIOPinWrite
000018bf   ResetISR
000018c5   SysCtlDelay
000018cb   __TI_decompress_rle24
00001ab0   _ctypes_
00001ce0   __TI_Handler_Table_Base
00001cec   __TI_Handler_Table_Limit
00001cf8   __TI_CINIT_Base
00001d08   __TI_CINIT_Limit
20000000   __stack
20000100   __STACK_TOP
20000800   __STACK_END
2000081c   _lock
20000820   _unlock
20000824   _cleanup_ptr
20000828   _dtors_ptr
2000082c   main_func_sp
2000083c   g_ulSystemClock
ffffffff   __binit__
ffffffff   __c_args__
ffffffff   binit

[84 symbols]
