******************************************************************************
                  TI ARM Linker PC v5.0.4                      
******************************************************************************
>> Linked Thu Sep 12 09:40:15 2013

OUTPUT FILE NAME:   <Task_Blinky.out>
ENTRY POINT SYMBOL: "_c_int00"  address: 00001655


MEMORY CONFIGURATION

         name            origin    length      used     unused   attr    fill
----------------------  --------  ---------  --------  --------  ----  --------
  FLASH                 00000000   00040000  00001c54  0003e3ac  R  X
  SRAM                  20000000   00010000  00000840  0000f7c0  RW X


SEGMENT ALLOCATION MAP

run origin  load origin   length   init length attrs members
----------  ----------- ---------- ----------- ----- -------
00000000    00000000    00001c58   00001c58    r-x
  00000000    00000000    000000f0   000000f0    r-- .intvecs
  000000f0    000000f0    00001730   00001730    r-x .text
  00001820    00001820    000003ec   000003ec    r-- .const
  00001c10    00001c10    00000048   00000048    r-- .cinit
20000000    20000000    00000800   00000000    rw-
  20000000    20000000    00000800   00000000    rw- .stack
20000800    20000800    00000040   00000030    rw-
  20000800    20000800    00000030   00000030    rw- .data
  20000830    20000830    00000010   00000000    rw- .bss


SECTION ALLOCATION MAP

 output                                  attributes/
section   page    origin      length       input sections
--------  ----  ----------  ----------   ----------------
.intvecs   0    00000000    000000f0     
                  00000000    000000f0     New_Blinky_startup_ccs.obj (.intvecs)

.init_array 
*          0    00000000    00000000     UNINITIALIZED

.text      0    000000f0    00001730     
                  000000f0    0000071a     rtsv7M3_T_le_eabi.lib : _printfi_nf.obj (.text)
                  0000080a    000001f4                           : ull_div_t2.obj (.text)
                  000009fe    00000002     New_Blinky_startup_ccs.obj (.text:FaultISR)
                  00000a00    000001d8     driverlib-cm3.lib : sysctl.obj (.text:SysCtlClockGet)
                  00000bd8    00000144                       : sysctl.obj (.text:SysCtlClockSet)
                  00000d1c    000000d4     rit128x96x4.obj (.text:RIT128x96x4StringDraw)
                  00000df0    000000c8     driverlib-cm3.lib : gpio.obj (.text:GPIOPadConfigSet)
                  00000eb8    000000a4     rit128x96x4.obj (.text:RIT128x96x4Init)
                  00000f5c    0000009c     rtsv7M3_T_le_eabi.lib : memcpy_t2.obj (.text)
                  00000ff8    00000094                           : auto_init.obj (.text)
                  0000108c    00000078                           : memset_t2.obj (.text)
                  00001104    00000064     rit128x96x4.obj (.text:RIT128x96x4ImageDraw)
                  00001168    00000060     rit128x96x4.obj (.text:RIT128x96x4Enable)
                  000011c8    00000060     rit128x96x4.obj (.text:RITWriteCommand)
                  00001228    00000060     rit128x96x4.obj (.text:RITWriteData)
                  00001288    00000060     rtsv7M3_T_le_eabi.lib : sprintf.obj (.text)
                  000012e8    0000005e                           : copy_decompress_rle.obj (.text)
                  00001346    00000002     New_Blinky_startup_ccs.obj (.text:IntDefaultHandler)
                  00001348    00000058     driverlib-cm3.lib : sysctl.obj (.text:SysCtlPeripheralEnable)
                  000013a0    00000050     Task_Blinky.obj (.text:Task1_Execute)
                  000013f0    0000004c     rtsv7M3_T_le_eabi.lib : atoi.obj (.text)
                  0000143c    00000048     rit128x96x4.obj (.text:RIT128x96x4Clear)
                  00001484    00000044     driverlib-cm3.lib : ssi.obj (.text:SSIConfigSetExpClk)
                  000014c8    00000044     Task_Blinky.obj (.text:Task0_Execute)
                  0000150c    00000044     Task_Blinky.obj (.text:Task0_Init)
                  00001550    00000044     Task_Blinky.obj (.text:main)
                  00001594    00000044     rtsv7M3_T_le_eabi.lib : cpy_tbl.obj (.text)
                  000015d8    00000040                           : exit.obj (.text)
                  00001618    0000003c     Task_Blinky.obj (.text:Task1_Init)
                  00001654    00000034     rtsv7M3_T_le_eabi.lib : boot.obj (.text)
                  00001688    0000002e     driverlib-cm3.lib : gpio.obj (.text:GPIODirModeSet)
                  000016b6    0000001a     rtsv7M3_T_le_eabi.lib : memccpy.obj (.text)
                  000016d0    00000018     Task_Blinky.obj (.text:Task2_Init)
                  000016e8    00000018     rtsv7M3_T_le_eabi.lib : args_main.obj (.text)
                  00001700    00000018                           : ll_mul_t2.obj (.text)
                  00001718    00000014     driverlib-cm3.lib : systick.obj (.text:SysTickEnable)
                  0000172c    00000014                       : systick.obj (.text:SysTickIntEnable)
                  00001740    00000014     rtsv7M3_T_le_eabi.lib : _lock.obj (.text)
                  00001754    00000014                           : strlen.obj (.text)
                  00001768    00000012     driverlib-cm3.lib : gpio.obj (.text:GPIOPinTypeGPIOOutput)
                  0000177a    00000012                       : gpio.obj (.text:GPIOPinTypeSSI)
                  0000178c    00000012     rtsv7M3_T_le_eabi.lib : copy_zero_init.obj (.text:decompress:ZI)
                  0000179e    00000002     New_Blinky_startup_ccs.obj (.text:NmiSR)
                  000017a0    00000010     Task_Blinky.obj (.text:SysTickIntHandler)
                  000017b0    00000010     driverlib-cm3.lib : systick.obj (.text:SysTickPeriodSet)
                  000017c0    0000000e     rtsv7M3_T_le_eabi.lib : copy_decompress_none.obj (.text:decompress:none)
                  000017ce    00000002     --HOLE-- [fill = 0]
                  000017d0    0000000c     rit128x96x4.obj (.text:RIT128x96x4DisplayOff)
                  000017dc    0000000a     driverlib-cm3.lib : ssi.obj (.text:SSIDataPut)
                  000017e6    0000000a                       : ssi.obj (.text:SSIDisable)
                  000017f0    0000000a                       : ssi.obj (.text:SSIEnable)
                  000017fa    00000008                       : ssi.obj (.text:SSIBusy)
                  00001802    00000006                       : gpio.obj (.text:GPIOPinRead)
                  00001808    00000006                       : gpio.obj (.text:GPIOPinWrite)
                  0000180e    00000006     New_Blinky_startup_ccs.obj (.text:ResetISR)
                  00001814    00000006     driverlib-cm3.lib : sysctl.obj (.text:SysCtlDelay)
                  0000181a    00000006     rtsv7M3_T_le_eabi.lib : copy_decompress_rle.obj (.text:decompress:rle24)

.const     0    00001820    000003ec     
                  00001820    000001e0     rit128x96x4.obj (.const:g_pucFont)
                  00001a00    00000101     rtsv7M3_T_le_eabi.lib : ctype.obj (.const:.string:_ctypes_)
                  00001b01    00000003     --HOLE-- [fill = 0]
                  00001b04    0000006c     driverlib-cm3.lib : sysctl.obj (.const:g_pulXtals)
                  00001b70    0000004f     rit128x96x4.obj (.const:.string:g_pucRIT128x96x4Init)
                  00001bbf    00000001     --HOLE-- [fill = 0]
                  00001bc0    00000040     driverlib-cm3.lib : sysctl.obj (.const)
                  00001c00    0000000c     rit128x96x4.obj (.const:.string)

.cinit     0    00001c10    00000048     
                  00001c10    0000001e     (.cinit..data.load) [load image, compression = rle]
                  00001c2e    00000002     --HOLE-- [fill = 0]
                  00001c30    0000000c     (__TI_handler_table)
                  00001c3c    00000004     --HOLE-- [fill = 0]
                  00001c40    00000008     (.cinit..bss.load) [load image, compression = zero_init]
                  00001c48    00000010     (__TI_cinit_table)

.stack     0    20000000    00000800     UNINITIALIZED
                  20000000    00000800     --HOLE--

.data      0    20000800    00000030     
                  20000800    0000001c     Task_Blinky.obj (.data)
                  2000081c    00000008     rtsv7M3_T_le_eabi.lib : _lock.obj (.data)
                  20000824    00000008                           : exit.obj (.data)
                  2000082c    00000004                           : stkdepth_vars.obj (.data)

.bss       0    20000830    00000010     UNINITIALIZED
                  20000830    0000000c     rit128x96x4.obj (.bss)
                  2000083c    00000004     Task_Blinky.obj (.bss)


LINKER GENERATED COPY TABLES

__TI_cinit_table @ 00001c48 records: 2, size/record: 8, table size: 16
	.data: load addr=00001c10, load size=0000001e bytes, run addr=20000800, run size=00000030 bytes, compression=rle
	.bss: load addr=00001c40, load size=00000008 bytes, run addr=20000830, run size=00000010 bytes, compression=zero_init


LINKER GENERATED HANDLER TABLE

__TI_handler_table @ 00001c30 records: 3, size/record: 4, table size: 12
	index: 0, handler: __TI_decompress_rle24
	index: 1, handler: __TI_decompress_none
	index: 2, handler: __TI_zero_init


GLOBAL SYMBOLS: SORTED ALPHABETICALLY BY Name 

address    name
--------   ----
000015d9   C$$EXIT
00001689   GPIODirModeSet
00000df1   GPIOPadConfigSet
00001803   GPIOPinRead
00001769   GPIOPinTypeGPIOOutput
0000177b   GPIOPinTypeSSI
00001809   GPIOPinWrite
0000143d   RIT128x96x4Clear
000017d1   RIT128x96x4DisplayOff
00001169   RIT128x96x4Enable
00001105   RIT128x96x4ImageDraw
00000eb9   RIT128x96x4Init
00000d1d   RIT128x96x4StringDraw
0000180f   ResetISR
UNDEFED    SHT$$INIT_ARRAY$$Base
UNDEFED    SHT$$INIT_ARRAY$$Limit
000017fb   SSIBusy
00001485   SSIConfigSetExpClk
000017dd   SSIDataPut
000017e7   SSIDisable
000017f1   SSIEnable
00000a01   SysCtlClockGet
00000bd9   SysCtlClockSet
00001815   SysCtlDelay
00001349   SysCtlPeripheralEnable
00001719   SysTickEnable
0000172d   SysTickIntEnable
000017a1   SysTickIntHandler
000017b1   SysTickPeriodSet
000014c9   Task0_Execute
0000150d   Task0_Init
000013a1   Task1_Execute
00001619   Task1_Init
000016d1   Task2_Init
20000800   __STACK_END
00000800   __STACK_SIZE
20000100   __STACK_TOP
00001c48   __TI_CINIT_Base
00001c58   __TI_CINIT_Limit
00001c30   __TI_Handler_Table_Base
00001c3c   __TI_Handler_Table_Limit
00000001   __TI_args_main
00000ff9   __TI_auto_init
000017c1   __TI_decompress_none
0000181b   __TI_decompress_rle24
00000000   __TI_static_base__
0000178d   __TI_zero_init
00001701   __aeabi_lmul
0000108d   __aeabi_memclr
0000108d   __aeabi_memclr4
0000108d   __aeabi_memclr8
00000f5d   __aeabi_memcpy
00000f5d   __aeabi_memcpy4
00000f5d   __aeabi_memcpy8
0000108f   __aeabi_memset
0000108f   __aeabi_memset4
0000108f   __aeabi_memset8
0000080b   __aeabi_uldivmod
ffffffff   __binit__
ffffffff   __c_args__
20000000   __stack
000016e9   _args_main
00001655   _c_int00
20000824   _cleanup_ptr
00001a00   _ctypes_
20000828   _dtors_ptr
2000081c   _lock
0000174f   _nop
00000505   _printfi_nofloat
00001747   _register_lock
00001741   _register_unlock
20000820   _unlock
000015dd   abort
000013f1   atoi
ffffffff   binit
00001595   copy_in
000015e5   exit
00000000   g_pfnVectors
2000083c   g_ulSystemClock
00001551   main
2000082c   main_func_sp
000016b7   memccpy
00000f5d   memcpy
00001095   memset
00001289   sprintf
00001755   strlen


GLOBAL SYMBOLS: SORTED BY Symbol Address 

address    name
--------   ----
00000000   __TI_static_base__
00000000   g_pfnVectors
00000001   __TI_args_main
00000505   _printfi_nofloat
00000800   __STACK_SIZE
0000080b   __aeabi_uldivmod
00000a01   SysCtlClockGet
00000bd9   SysCtlClockSet
00000d1d   RIT128x96x4StringDraw
00000df1   GPIOPadConfigSet
00000eb9   RIT128x96x4Init
00000f5d   __aeabi_memcpy
00000f5d   __aeabi_memcpy4
00000f5d   __aeabi_memcpy8
00000f5d   memcpy
00000ff9   __TI_auto_init
0000108d   __aeabi_memclr
0000108d   __aeabi_memclr4
0000108d   __aeabi_memclr8
0000108f   __aeabi_memset
0000108f   __aeabi_memset4
0000108f   __aeabi_memset8
00001095   memset
00001105   RIT128x96x4ImageDraw
00001169   RIT128x96x4Enable
00001289   sprintf
00001349   SysCtlPeripheralEnable
000013a1   Task1_Execute
000013f1   atoi
0000143d   RIT128x96x4Clear
00001485   SSIConfigSetExpClk
000014c9   Task0_Execute
0000150d   Task0_Init
00001551   main
00001595   copy_in
000015d9   C$$EXIT
000015dd   abort
000015e5   exit
00001619   Task1_Init
00001655   _c_int00
00001689   GPIODirModeSet
000016b7   memccpy
000016d1   Task2_Init
000016e9   _args_main
00001701   __aeabi_lmul
00001719   SysTickEnable
0000172d   SysTickIntEnable
00001741   _register_unlock
00001747   _register_lock
0000174f   _nop
00001755   strlen
00001769   GPIOPinTypeGPIOOutput
0000177b   GPIOPinTypeSSI
0000178d   __TI_zero_init
000017a1   SysTickIntHandler
000017b1   SysTickPeriodSet
000017c1   __TI_decompress_none
000017d1   RIT128x96x4DisplayOff
000017dd   SSIDataPut
000017e7   SSIDisable
000017f1   SSIEnable
000017fb   SSIBusy
00001803   GPIOPinRead
00001809   GPIOPinWrite
0000180f   ResetISR
00001815   SysCtlDelay
0000181b   __TI_decompress_rle24
00001a00   _ctypes_
00001c30   __TI_Handler_Table_Base
00001c3c   __TI_Handler_Table_Limit
00001c48   __TI_CINIT_Base
00001c58   __TI_CINIT_Limit
20000000   __stack
20000100   __STACK_TOP
20000800   __STACK_END
2000081c   _lock
20000820   _unlock
20000824   _cleanup_ptr
20000828   _dtors_ptr
2000082c   main_func_sp
2000083c   g_ulSystemClock
ffffffff   __binit__
ffffffff   __c_args__
ffffffff   binit
UNDEFED    SHT$$INIT_ARRAY$$Base
UNDEFED    SHT$$INIT_ARRAY$$Limit

[86 symbols]
